 win32

 Timestamp is 4d3f9d18 (Wed Jan 26 12:03:36 2011)

 Preferred load address is 00400000

 Start         Length     Name                   Class
 0001:00000000 0008038dH .text                   CODE
 0001:00080390 00000d32H .text$x                 CODE
 0002:00000000 00002bb0H .rodata                 CODE
 0003:00000000 0001ac97H .rotext                 CODE
 0004:00000000 00008960H .rdata                  DATA
 0004:00008960 00000044H .rdata$r                DATA
 0004:000089a8 00001118H .xdata$x                DATA
 0004:00009ac0 00000000H .edata                  DATA
 0005:00000000 00000004H .CRT$XCA                DATA
 0005:00000004 00000080H .CRT$XCU                DATA
 0005:00000084 00000004H .CRT$XCZ                DATA
 0005:00000088 00000004H .CRT$XIA                DATA
 0005:0000008c 0000000cH .CRT$XIC                DATA
 0005:00000098 00000004H .CRT$XIY                DATA
 0005:0000009c 00000004H .CRT$XIZ                DATA
 0005:000000a0 00000004H .CRT$XPA                DATA
 0005:000000a4 00000004H .CRT$XPX                DATA
 0005:000000a8 00000004H .CRT$XPZ                DATA
 0005:000000ac 00000004H .CRT$XTA                DATA
 0005:000000b0 00000004H .CRT$XTB                DATA
 0005:000000b4 00000004H .CRT$XTZ                DATA
 0005:000000c0 00010eb8H .data                   DATA
 0005:00010f78 00097becH .bss                    DATA
 0006:00000000 000000a0H .idata$2                DATA
 0006:000000a0 00000014H .idata$3                DATA
 0006:000000b4 00000268H .idata$4                DATA
 0006:0000031c 00000268H .idata$5                DATA
 0006:00000584 00000848H .idata$6                DATA

  Address         Publics by Value              Rva+Base     Lib:Object

 0001:00000000       ?createNew@AMRAudioRTPSink@@SAPAV1@AAVUsageEnvironment@@PAXPAVGroupsock@@EII@Z 00401000 f   AMRAudioRTPSink.obj
 0001:00000080       ??0AMRAudioRTPSink@@IAE@AAVUsageEnvironment@@PAXPAVGroupsock@@EII@Z 00401080 f   AMRAudioRTPSink.obj
 0001:000000f0       ??_EAMRAudioRTPSink@@MAEPAXI@Z 004010f0 f i AMRAudioRTPSink.obj
 0001:000000f0       ??_GAMRAudioRTPSink@@MAEPAXI@Z 004010f0 f i AMRAudioRTPSink.obj
 0001:00000110       ??1AMRAudioRTPSink@@MAE@XZ 00401110 f   AMRAudioRTPSink.obj
 0001:00000170       ?sourceIsCompatibleWithUs@AMRAudioRTPSink@@EAEIAAVMediaSource@@@Z 00401170 f   AMRAudioRTPSink.obj
 0001:000001e0       ?doSpecialFrameHandling@AMRAudioRTPSink@@EAEXIPAEIUtimeval@@I@Z 004011e0 f   AMRAudioRTPSink.obj
 0001:00000290       ?frameCanAppearAfterPacketStart@AMRAudioRTPSink@@EBEIPBEI@Z 00401290 f   AMRAudioRTPSink.obj
 0001:000002a0       ?specialHeaderSize@AMRAudioRTPSink@@EBEIXZ 004012a0 f   AMRAudioRTPSink.obj
 0001:000002b0       ?auxSDPLine@AMRAudioRTPSink@@EAEPBDXZ 004012b0 f   AMRAudioRTPSink.obj
 0001:00000300       ??0AMRAudioSource@@IAE@AAVUsageEnvironment@@II@Z 00401300 f   AMRAudioSource.obj
 0001:00000330       ??_GAMRAudioSource@@MAEPAXI@Z 00401330 f i AMRAudioSource.obj
 0001:00000330       ??_EAMRAudioSource@@MAEPAXI@Z 00401330 f i AMRAudioSource.obj
 0001:00000350       ??1AMRAudioSource@@MAE@XZ  00401350 f   AMRAudioSource.obj
 0001:00000360       ?isAMRAudioSource@AMRAudioSource@@UBEIXZ 00401360 f   AMRAudioSource.obj
 0001:00000370       ??0AudioRTPSink@@IAE@AAVUsageEnvironment@@PAXPAVGroupsock@@EIPBDI@Z 00401370 f   AudioRTPSink.obj
 0001:000003b0       ??_GAudioRTPSink@@MAEPAXI@Z 004013b0 f i AudioRTPSink.obj
 0001:000003b0       ??_EAudioRTPSink@@MAEPAXI@Z 004013b0 f i AudioRTPSink.obj
 0001:000003d0       ??1AudioRTPSink@@MAE@XZ    004013d0 f   AudioRTPSink.obj
 0001:000003e0       ?sdpMediaType@AudioRTPSink@@EBEPBDXZ 004013e0 f   AudioRTPSink.obj
 0001:000003f0       ??0BasicHashTable@@QAE@H@Z 004013f0 f   BasicHashTable.obj
 0001:00000450       ??_GBasicHashTable@@UAEPAXI@Z 00401450 f i BasicHashTable.obj
 0001:00000450       ??_EBasicHashTable@@UAEPAXI@Z 00401450 f i BasicHashTable.obj
 0001:00000470       ??1BasicHashTable@@UAE@XZ  00401470 f   BasicHashTable.obj
 0001:00000500       ?Add@BasicHashTable@@EAEPAXPBDPAX@Z 00401500 f   BasicHashTable.obj
 0001:00000550       ?Remove@BasicHashTable@@EAEIPBD@Z 00401550 f   BasicHashTable.obj
 0001:00000590       ?Lookup@BasicHashTable@@EBEPAXPBD@Z 00401590 f   BasicHashTable.obj
 0001:000005b0       ?numEntries@BasicHashTable@@EBEIXZ 004015b0 f   BasicHashTable.obj
 0001:000005c0       ??0Iterator@BasicHashTable@@QAE@AAV1@@Z 004015c0 f   BasicHashTable.obj
 0001:000005f0       ??_GIterator@BasicHashTable@@UAEPAXI@Z 004015f0 f i BasicHashTable.obj
 0001:000005f0       ??_EIterator@BasicHashTable@@UAEPAXI@Z 004015f0 f i BasicHashTable.obj
 0001:00000610       ??1Iterator@BasicHashTable@@UAE@XZ 00401610 f i BasicHashTable.obj
 0001:00000620       ?next@Iterator@BasicHashTable@@EAEPAXAAPBD@Z 00401620 f   BasicHashTable.obj
 0001:00000670       ?create@HashTable@@SAPAV1@H@Z 00401670 f   BasicHashTable.obj
 0001:000006d0       ?create@Iterator@HashTable@@SAPAV12@AAV2@@Z 004016d0 f   BasicHashTable.obj
 0001:00000730       ?lookupKey@BasicHashTable@@ABEPAVTableEntry@1@PBDAAI@Z 00401730 f   BasicHashTable.obj
 0001:00000770       ?keyMatches@BasicHashTable@@ABEIPBD0@Z 00401770 f   BasicHashTable.obj
 0001:00000820       ?insertNewEntry@BasicHashTable@@AAEPAVTableEntry@1@IPBD@Z 00401820 f   BasicHashTable.obj
 0001:00000860       ?assignKey@BasicHashTable@@AAEXPAVTableEntry@1@PBD@Z 00401860 f   BasicHashTable.obj
 0001:000008e0       ?deleteEntry@BasicHashTable@@AAEXIPAVTableEntry@1@@Z 004018e0 f   BasicHashTable.obj
 0001:00000930       ?deleteKey@BasicHashTable@@AAEXPAVTableEntry@1@@Z 00401930 f   BasicHashTable.obj
 0001:00000960       ?rebuild@BasicHashTable@@AAEXXZ 00401960 f   BasicHashTable.obj
 0001:00000a20       ?hashIndexFromKey@BasicHashTable@@ABEIPBD@Z 00401a20 f   BasicHashTable.obj
 0001:00000a90       ?createNew@BasicTaskScheduler@@SAPAV1@XZ 00401a90 f   BasicTaskScheduler.obj
 0001:00000af0       ??0BasicTaskScheduler@@IAE@XZ 00401af0 f   BasicTaskScheduler.obj
 0001:00000b20       ??_EBasicTaskScheduler@@UAEPAXI@Z 00401b20 f i BasicTaskScheduler.obj
 0001:00000b20       ??_GBasicTaskScheduler@@UAEPAXI@Z 00401b20 f i BasicTaskScheduler.obj
 0001:00000b40       ??1BasicTaskScheduler@@UAE@XZ 00401b40 f   BasicTaskScheduler.obj
 0001:00000b50       ?dump_fdset@@YAXPAUfd_set@@@Z 00401b50 f   BasicTaskScheduler.obj
 0001:00000bb0       ?SingleStep@BasicTaskScheduler@@MAEXI@Z 00401bb0 f   BasicTaskScheduler.obj
 0001:00000fb0       ?setBackgroundHandling@BasicTaskScheduler@@MAEXHHP6AXPAXH@Z0@Z 00401fb0 f   BasicTaskScheduler.obj
 0001:00001200       ?moveSocketHandling@BasicTaskScheduler@@MAEXHH@Z 00402200 f   BasicTaskScheduler.obj
 0001:00001360       ??0BasicTaskScheduler0@@IAE@XZ 00402360 f   BasicTaskScheduler0.obj
 0001:000013f0       ??_EBasicTaskScheduler0@@UAEPAXI@Z 004023f0 f i BasicTaskScheduler0.obj
 0001:000013f0       ??_GBasicTaskScheduler0@@UAEPAXI@Z 004023f0 f i BasicTaskScheduler0.obj
 0001:00001410       ??1BasicTaskScheduler0@@UAE@XZ 00402410 f   BasicTaskScheduler0.obj
 0001:00001480       ?scheduleDelayedTask@BasicTaskScheduler0@@UAEPAX_JP6AXPAX@Z1@Z 00402480 f   BasicTaskScheduler0.obj
 0001:00001560       ?handleTimeout@AlarmHandler@@EAEXXZ 00402560 f i BasicTaskScheduler0.obj
 0001:00001580       ??_EAlarmHandler@@UAEPAXI@Z 00402580 f i BasicTaskScheduler0.obj
 0001:00001580       ??_GAlarmHandler@@UAEPAXI@Z 00402580 f i BasicTaskScheduler0.obj
 0001:000015a0       ??1AlarmHandler@@UAE@XZ    004025a0 f i BasicTaskScheduler0.obj
 0001:000015b0       ?unscheduleDelayedTask@BasicTaskScheduler0@@UAEXAAPAX@Z 004025b0 f   BasicTaskScheduler0.obj
 0001:000015e0       ?doEventLoop@BasicTaskScheduler0@@UAEXPAD@Z 004025e0 f   BasicTaskScheduler0.obj
 0001:00001610       ??0HandlerDescriptor@@AAE@PAV0@@Z 00402610 f   BasicTaskScheduler0.obj
 0001:00001650       ??_EHandlerDescriptor@@EAEPAXI@Z 00402650 f i BasicTaskScheduler0.obj
 0001:00001650       ??_GHandlerDescriptor@@EAEPAXI@Z 00402650 f i BasicTaskScheduler0.obj
 0001:00001670       ??1HandlerDescriptor@@EAE@XZ 00402670 f   BasicTaskScheduler0.obj
 0001:00001690       ??0HandlerSet@@QAE@XZ      00402690 f   BasicTaskScheduler0.obj
 0001:000016b0       ??_EHandlerSet@@UAEPAXI@Z  004026b0 f i BasicTaskScheduler0.obj
 0001:000016b0       ??_GHandlerSet@@UAEPAXI@Z  004026b0 f i BasicTaskScheduler0.obj
 0001:000016d0       ??1HandlerSet@@UAE@XZ      004026d0 f   BasicTaskScheduler0.obj
 0001:00001730       ?assignHandler@HandlerSet@@QAEXHHP6AXPAXH@Z0@Z 00402730 f   BasicTaskScheduler0.obj
 0001:00001780       ?clearHandler@HandlerSet@@QAEXH@Z 00402780 f   BasicTaskScheduler0.obj
 0001:000017a0       ?moveHandler@HandlerSet@@QAEXHH@Z 004027a0 f   BasicTaskScheduler0.obj
 0001:000017c0       ?lookupHandler@HandlerSet@@AAEPAVHandlerDescriptor@@H@Z 004027c0 f   BasicTaskScheduler0.obj
 0001:00001840       ??0HandlerIterator@@QAE@AAVHandlerSet@@@Z 00402840 f   BasicTaskScheduler0.obj
 0001:00001860       ??_GHandlerIterator@@UAEPAXI@Z 00402860 f i BasicTaskScheduler0.obj
 0001:00001860       ??_EHandlerIterator@@UAEPAXI@Z 00402860 f i BasicTaskScheduler0.obj
 0001:00001880       ??1HandlerIterator@@UAE@XZ 00402880 f   BasicTaskScheduler0.obj
 0001:00001890       ?reset@HandlerIterator@@QAEXXZ 00402890 f   BasicTaskScheduler0.obj
 0001:000018a0       ?next@HandlerIterator@@QAEPAVHandlerDescriptor@@XZ 004028a0 f   BasicTaskScheduler0.obj
 0001:00001980       ?createNew@BasicUDPSink@@SAPAV1@AAVUsageEnvironment@@PAVGroupsock@@I@Z 00402980 f   BasicUDPSink.obj
 0001:000019f0       ??0BasicUDPSink@@IAE@AAVUsageEnvironment@@PAVGroupsock@@I@Z 004029f0 f   BasicUDPSink.obj
 0001:00001a60       ??_EBasicUDPSink@@MAEPAXI@Z 00402a60 f i BasicUDPSink.obj
 0001:00001a60       ??_GBasicUDPSink@@MAEPAXI@Z 00402a60 f i BasicUDPSink.obj
 0001:00001a80       ??1BasicUDPSink@@MAE@XZ    00402a80 f   BasicUDPSink.obj
 0001:00001ae0       ?continuePlaying@BasicUDPSink@@EAEIXZ 00402ae0 f   BasicUDPSink.obj
 0001:00001b00       ?continuePlaying1@BasicUDPSink@@AAEXXZ 00402b00 f   BasicUDPSink.obj
 0001:00001b30       ?afterGettingFrame@BasicUDPSink@@CAXPAXIIUtimeval@@I@Z 00402b30 f   BasicUDPSink.obj
 0001:00001b50       ?afterGettingFrame1@BasicUDPSink@@AAEXIII@Z 00402b50 f   BasicUDPSink.obj
 0001:00001c40       ?sendNext@BasicUDPSink@@CAXPAX@Z 00402c40 f   BasicUDPSink.obj
 0001:00001c50       ??0BasicUsageEnvironment@@IAE@AAVTaskScheduler@@@Z 00402c50 f   BasicUsageEnvironment.obj
 0001:00001cc0       ??_GBasicUsageEnvironment@@MAEPAXI@Z 00402cc0 f i BasicUsageEnvironment.obj
 0001:00001cc0       ??_EBasicUsageEnvironment@@MAEPAXI@Z 00402cc0 f i BasicUsageEnvironment.obj
 0001:00001ce0       ??1BasicUsageEnvironment@@MAE@XZ 00402ce0 f   BasicUsageEnvironment.obj
 0001:00001cf0       ?createNew@BasicUsageEnvironment@@SAPAV1@AAVTaskScheduler@@@Z 00402cf0 f   BasicUsageEnvironment.obj
 0001:00001d50       ?getErrno@BasicUsageEnvironment@@UBEHXZ 00402d50 f   BasicUsageEnvironment.obj
 0001:00001d60       ??6BasicUsageEnvironment@@UAEAAVUsageEnvironment@@PBD@Z 00402d60 f   BasicUsageEnvironment.obj
 0001:00001d90       ??6BasicUsageEnvironment@@UAEAAVUsageEnvironment@@H@Z 00402d90 f   BasicUsageEnvironment.obj
 0001:00001db0       ??6BasicUsageEnvironment@@UAEAAVUsageEnvironment@@I@Z 00402db0 f   BasicUsageEnvironment.obj
 0001:00001dd0       ??6BasicUsageEnvironment@@UAEAAVUsageEnvironment@@N@Z 00402dd0 f   BasicUsageEnvironment.obj
 0001:00001e00       ??6BasicUsageEnvironment@@UAEAAVUsageEnvironment@@PAX@Z 00402e00 f   BasicUsageEnvironment.obj
 0001:00001ee0       ??0BasicUsageEnvironment0@@IAE@AAVTaskScheduler@@@Z 00402ee0 f   BasicUsageEnvironment0.obj
 0001:00001f40       ??_EBasicUsageEnvironment0@@MAEPAXI@Z 00402f40 f i BasicUsageEnvironment0.obj
 0001:00001f40       ??_GBasicUsageEnvironment0@@MAEPAXI@Z 00402f40 f i BasicUsageEnvironment0.obj
 0001:00001f60       ??1BasicUsageEnvironment0@@MAE@XZ 00402f60 f   BasicUsageEnvironment0.obj
 0001:00001f70       ?reset@BasicUsageEnvironment0@@AAEXXZ 00402f70 f   BasicUsageEnvironment0.obj
 0001:00001f80       ?getResultMsg@BasicUsageEnvironment0@@UBEPBDXZ 00402f80 f   BasicUsageEnvironment0.obj
 0001:00001f90       ?setResultMsg@BasicUsageEnvironment0@@UAEXPBD@Z 00402f90 f   BasicUsageEnvironment0.obj
 0001:00001fb0       ?setResultMsg@BasicUsageEnvironment0@@UAEXPBD0@Z 00402fb0 f   BasicUsageEnvironment0.obj
 0001:00001fd0       ?setResultMsg@BasicUsageEnvironment0@@UAEXPBD00@Z 00402fd0 f   BasicUsageEnvironment0.obj
 0001:00002000       ?setResultErrMsg@BasicUsageEnvironment0@@UAEXPBDH@Z 00403000 f   BasicUsageEnvironment0.obj
 0001:00002040       ?appendToResultMsg@BasicUsageEnvironment0@@UAEXPBD@Z 00403040 f   BasicUsageEnvironment0.obj
 0001:000020a0       ?reportBackgroundError@BasicUsageEnvironment0@@UAEXXZ 004030a0 f   BasicUsageEnvironment0.obj
 0001:00002180       ??PTimeval@@QBEHABV0@@Z    00403180 f   DelayQueue.obj
 0001:000021b0       ??YTimeval@@QAEXABVDelayInterval@@@Z 004031b0 f   DelayQueue.obj
 0001:000021f0       ??ZTimeval@@QAEXABVDelayInterval@@@Z 004031f0 f   DelayQueue.obj
 0001:00002240       ??G@YA?AVDelayInterval@@ABVTimeval@@0@Z 00403240 f   DelayQueue.obj
 0001:00002290       ??D@YA?AVDelayInterval@@FABV0@@Z 00403290 f   DelayQueue.obj
 0001:00002360       ??0DelayQueueEntry@@IAE@VDelayInterval@@@Z 00403360 f   DelayQueue.obj
 0001:00002390       ??_EDelayQueueEntry@@UAEPAXI@Z 00403390 f i DelayQueue.obj
 0001:00002390       ??_GDelayQueueEntry@@UAEPAXI@Z 00403390 f i DelayQueue.obj
 0001:000023b0       ??1DelayQueueEntry@@UAE@XZ 004033b0 f   DelayQueue.obj
 0001:000023c0       ?handleTimeout@DelayQueueEntry@@MAEXXZ 004033c0 f   DelayQueue.obj
 0001:000023d0       ??0DelayQueue@@QAE@XZ      004033d0 f   DelayQueue.obj
 0001:00002440       ??_GDelayQueue@@UAEPAXI@Z  00403440 f i DelayQueue.obj
 0001:00002440       ??_EDelayQueue@@UAEPAXI@Z  00403440 f i DelayQueue.obj
 0001:00002460       ??1DelayQueue@@UAE@XZ      00403460 f   DelayQueue.obj
 0001:000024c0       ?addEntry@DelayQueue@@QAEXPAVDelayQueueEntry@@@Z 004034c0 f   DelayQueue.obj
 0001:00002520       ?updateEntry@DelayQueue@@QAEXPAVDelayQueueEntry@@VDelayInterval@@@Z 00403520 f   DelayQueue.obj
 0001:00002550       ?updateEntry@DelayQueue@@QAEXJVDelayInterval@@@Z 00403550 f   DelayQueue.obj
 0001:00002580       ?removeEntry@DelayQueue@@QAEXPAVDelayQueueEntry@@@Z 00403580 f   DelayQueue.obj
 0001:000025c0       ?removeEntry@DelayQueue@@QAEPAVDelayQueueEntry@@J@Z 004035c0 f   DelayQueue.obj
 0001:000025e0       ?timeToNextAlarm@DelayQueue@@QAEABVDelayInterval@@XZ 004035e0 f   DelayQueue.obj
 0001:00002630       ?handleAlarm@DelayQueue@@QAEXXZ 00403630 f   DelayQueue.obj
 0001:000026a0       ?findEntryByToken@DelayQueue@@AAEPAVDelayQueueEntry@@J@Z 004036a0 f   DelayQueue.obj
 0001:00002700       ?synchronize@DelayQueue@@AAEXXZ 00403700 f   DelayQueue.obj
 0001:00002850       ?TimeNow@@YA?AVEventTime@@XZ 00403850 f   DelayQueue.obj
 0001:000028b0       ??0Authenticator@@QAE@XZ   004038b0 f   DigestAuthentication.obj
 0001:000028d0       ??_GAuthenticator@@UAEPAXI@Z 004038d0 f i DigestAuthentication.obj
 0001:000028d0       ??_EAuthenticator@@UAEPAXI@Z 004038d0 f i DigestAuthentication.obj
 0001:000028f0       ??0Authenticator@@QAE@PBD0@Z 004038f0 f   DigestAuthentication.obj
 0001:00002920       ??0Authenticator@@QAE@ABV0@@Z 00403920 f   DigestAuthentication.obj
 0001:00002950       ??4Authenticator@@QAEAAV0@ABV0@@Z 00403950 f   DigestAuthentication.obj
 0001:00002990       ??1Authenticator@@UAE@XZ   00403990 f   DigestAuthentication.obj
 0001:000029a0       ?reset@Authenticator@@QAEXXZ 004039a0 f   DigestAuthentication.obj
 0001:000029c0       ?setRealmAndNonce@Authenticator@@QAEXPBD0@Z 004039c0 f   DigestAuthentication.obj
 0001:000029e0       ?setRealmAndRandomNonce@Authenticator@@QAEXPBD@Z 004039e0 f   DigestAuthentication.obj
 0001:00002a40       ?setUsernameAndPassword@Authenticator@@QAEXPBD0I@Z 00403a40 f   DigestAuthentication.obj
 0001:00002a70       ?computeDigestResponse@Authenticator@@QBEPBDPBD0@Z 00403a70 f   DigestAuthentication.obj
 0001:00002bb0       ?reclaimDigestResponse@Authenticator@@QBEXPBD@Z 00403bb0 f   DigestAuthentication.obj
 0001:00002bc0       ?resetRealmAndNonce@Authenticator@@AAEXXZ 00403bc0 f   DigestAuthentication.obj
 0001:00002bf0       ?resetUsernameAndPassword@Authenticator@@AAEXXZ 00403bf0 f   DigestAuthentication.obj
 0001:00002c20       ?assignRealmAndNonce@Authenticator@@AAEXPBD0@Z 00403c20 f   DigestAuthentication.obj
 0001:00002c50       ?assignUsernameAndPassword@Authenticator@@AAEXPBD0I@Z 00403c50 f   DigestAuthentication.obj
 0001:00002c80       ?assign@Authenticator@@AAEXPBD000I@Z 00403c80 f   DigestAuthentication.obj
 0001:00002cb0       ?Hik_ReleaseInstance@@YAXPAU_HikInstance@@@Z 00403cb0 f   DvrWnd.obj
 0001:00002cd0       ?CreateWnd@@YAPAUHWND__@@XZ 00403cd0 f   DvrWnd.obj
 0001:00002e20       ?MessageLoop@@YGKPAX@Z     00403e20 f   DvrWnd.obj
 0001:00002ea0       ?StopHikMessageLoop@@YAXPAU_HikInstance@@@Z 00403ea0 f   DvrWnd.obj
 0001:00002ec0       ?createNewRTPSink@EncoderMediaSubsession@@MAEPAVRTPSink@@PAVGroupsock@@EPAVFramedSource@@@Z 00403ec0 f   EncoderMediaSubsession.obj
 0001:00002f10       ?createNewVideoSource@EncoderMediaSubsession@@MAEPAVFramedSource@@IAAI@Z 00403f10 f   EncoderMediaSubsession.obj
 0001:00002f60       ?createNewAudioSource@EncoderMediaSubsession@@MAEPAVFramedSource@@IAAI@Z 00403f60 f   EncoderMediaSubsession.obj
 0001:00002fa0       ?SetVideoParameters@EncoderMediaSubsession@@QAEXEHHHHHPAD@Z 00403fa0 f   EncoderMediaSubsession.obj
 0001:00003020       ?SetAudioParameters@EncoderMediaSubsession@@QAEXHHHPAD@Z 00404020 f   EncoderMediaSubsession.obj
 0001:00003080       ?createNew@EncoderMediaSubsession@@SAPAV1@AAVUsageEnvironment@@PAXIIG@Z 00404080 f   EncoderMediaSubsession.obj
 0001:00003100       ??0EncoderMediaSubsession@@IAE@AAVUsageEnvironment@@PAXIIG@Z 00404100 f   EncoderMediaSubsession.obj
 0001:000031a0       ??_GEncoderMediaSubsession@@MAEPAXI@Z 004041a0 f i EncoderMediaSubsession.obj
 0001:000031a0       ??_EEncoderMediaSubsession@@MAEPAXI@Z 004041a0 f i EncoderMediaSubsession.obj
 0001:000031c0       ??1EncoderMediaSubsession@@MAE@XZ 004041c0 f   EncoderMediaSubsession.obj
 0001:00003230       ?sdpLines@EncoderMediaSubsession@@MAEPBDXZ 00404230 f   EncoderMediaSubsession.obj
 0001:00003370       ?envir@Medium@@QBEAAVUsageEnvironment@@XZ 00404370 f i EncoderMediaSubsession.obj
 0001:00003380       ?getStreamParameters@EncoderMediaSubsession@@MAEXIIABVPort@@0HEEAAIAAE1AAV2@3AAPAX@Z 00404380 f   EncoderMediaSubsession.obj
 0001:000037a0       ?startStream@EncoderMediaSubsession@@MAEXIPAXP6AX0@Z0AAGAAIP6AX0E@Z00II@Z 004047a0 f   EncoderMediaSubsession.obj
 0001:000038a0       ?pauseStream@EncoderMediaSubsession@@MAEXIPAX@Z 004048a0 f   EncoderMediaSubsession.obj
 0001:00003910       ?seekStream@EncoderMediaSubsession@@MAEXIPAXN@Z 00404910 f   EncoderMediaSubsession.obj
 0001:00003940       ?setStreamScale@EncoderMediaSubsession@@MAEXIPAXM@Z 00404940 f   EncoderMediaSubsession.obj
 0001:00003970       ?deleteStream@EncoderMediaSubsession@@MAEXIAAPAX@Z 00404970 f   EncoderMediaSubsession.obj
 0001:00003a00       ?getAuxSDPLine@EncoderMediaSubsession@@MAEPBDPAVRTPSink@@PAVFramedSource@@@Z 00404a00 f   EncoderMediaSubsession.obj
 0001:00003a20       ?seekStreamSource@EncoderMediaSubsession@@MAEXPAVFramedSource@@N@Z 00404a20 f   EncoderMediaSubsession.obj
 0001:00003a30       ?setStreamSourceScale@EncoderMediaSubsession@@MAEXPAVFramedSource@@M@Z 00404a30 f   EncoderMediaSubsession.obj
 0001:00003a40       ?closeStreamSource@EncoderMediaSubsession@@MAEXPAVFramedSource@@@Z 00404a40 f   EncoderMediaSubsession.obj
 0001:00003a50       ?setSDPLinesFromRTPSink@EncoderMediaSubsession@@AAEXPAVRTPSink@@PAVFramedSource@@I@Z 00404a50 f   EncoderMediaSubsession.obj
 0001:00003b90       ??0StreamState@@QAE@AAVEncoderMediaSubsession@@ABVPort@@1PAVRTPSink@@PAVBasicUDPSink@@IPAVFramedSource@@PAVGroupsock@@5@Z 00404b90 f   EncoderMediaSubsession.obj
 0001:00003c10       ??_GStreamState@@UAEPAXI@Z 00404c10 f i EncoderMediaSubsession.obj
 0001:00003c10       ??_EStreamState@@UAEPAXI@Z 00404c10 f i EncoderMediaSubsession.obj
 0001:00003c30       ??1StreamState@@UAE@XZ     00404c30 f   EncoderMediaSubsession.obj
 0001:00003c40       ?startPlaying@StreamState@@QAEXPAVDestinations@@P6AXPAX@Z1P6AX1E@Z1@Z 00404c40 f   EncoderMediaSubsession.obj
 0001:00003db0       ?pause@StreamState@@QAEXXZ 00404db0 f   EncoderMediaSubsession.obj
 0001:00003de0       ?endPlaying@StreamState@@QAEXPAVDestinations@@PAD1@Z 00404de0 f   EncoderMediaSubsession.obj
 0001:00003f90       ?reclaim@StreamState@@QAEXXZ 00404f90 f   EncoderMediaSubsession.obj
 0001:00003ff0       ?createNew@EncoderVideoSource@@SAPAV1@AAVUsageEnvironment@@IIIIIPAD@Z 00404ff0 f   EncoderSource.obj
 0001:00004070       ??0EncoderVideoSource@@IAE@AAVUsageEnvironment@@IIIIIW4VideoCodec@0@PAD@Z 00405070 f   EncoderSource.obj
 0001:00004240       ??_GEncoderVideoSource@@MAEPAXI@Z 00405240 f i EncoderSource.obj
 0001:00004240       ??_EEncoderVideoSource@@MAEPAXI@Z 00405240 f i EncoderSource.obj
 0001:00004260       ??1EncoderVideoSource@@MAE@XZ 00405260 f   EncoderSource.obj
 0001:000042f0       ?isMPEG4VideoStreamFramer@EncoderVideoSource@@EBEIXZ 004052f0 f   EncoderSource.obj
 0001:00004300       ?isH264VideoStreamFramer@EncoderVideoSource@@EBEIXZ 00405300 f   EncoderSource.obj
 0001:00004310       ?doGetNextFrame@EncoderVideoSource@@EAEXXZ 00405310 f   EncoderSource.obj
 0001:00004330       ?MPEG4_doGetNextFrame@EncoderVideoSource@@AAEXXZ 00405330 f   EncoderSource.obj
 0001:00004470       ?getLivehdFrame@EncoderVideoSource@@AAEHXZ 00405470 f   EncoderSource.obj
 0001:00004900       ?H264_doGetNextFrame@EncoderVideoSource@@AAEXXZ 00405900 f   EncoderSource.obj
 0001:00004910       ?computePresentationTime@EncoderVideoSource@@AAEHXZ 00405910 f   EncoderSource.obj
 0001:00004a70       ?reset@EncoderVideoSource@@QAEXXZ 00405a70 f   EncoderSource.obj
 0001:00004a80       ?getConfigBytes@EncoderVideoSource@@QBEPAEAAI@Z 00405a80 f   EncoderSource.obj
 0001:00004aa0       ?createNew@EncoderAudioSource@@SAPAV1@AAVUsageEnvironment@@IIIPAD@Z 00405aa0 f   EncoderSource.obj
 0001:00004b20       ??0EncoderAudioSource@@IAE@AAVUsageEnvironment@@IIIW4AudioCodec@0@PAD@Z 00405b20 f   EncoderSource.obj
 0001:00004bf0       ??_GEncoderAudioSource@@MAEPAXI@Z 00405bf0 f i EncoderSource.obj
 0001:00004bf0       ??_EEncoderAudioSource@@MAEPAXI@Z 00405bf0 f i EncoderSource.obj
 0001:00004c10       ??1EncoderAudioSource@@MAE@XZ 00405c10 f   EncoderSource.obj
 0001:00004c80       ?isAMRAudioSource@EncoderAudioSource@@EBEIXZ 00405c80 f   EncoderSource.obj
 0001:00004c90       ?computeAudioPresentationTime@EncoderAudioSource@@AAEHXZ 00405c90 f   EncoderSource.obj
 0001:00004d30       ?doGetNextFrame@EncoderAudioSource@@EAEXXZ 00405d30 f   EncoderSource.obj
 0001:00004df0       ?RecordExceptionInfo@@YAHPAU_EXCEPTION_POINTERS@@PBD@Z 00405df0 f   ExceptionHandler.obj
 0001:00005ef0       ??0FramedFilter@@IAE@AAVUsageEnvironment@@PAVFramedSource@@@Z 00406ef0 f   FramedFilter.obj
 0001:00005f10       ??_EFramedFilter@@MAEPAXI@Z 00406f10 f i FramedFilter.obj
 0001:00005f10       ??_GFramedFilter@@MAEPAXI@Z 00406f10 f i FramedFilter.obj
 0001:00005f30       ??1FramedFilter@@MAE@XZ    00406f30 f   FramedFilter.obj
 0001:00005f90       ?MIMEtype@FramedFilter@@MBEPBDXZ 00406f90 f   FramedFilter.obj
 0001:00005fb0       ?getAttributes@FramedFilter@@MBEXXZ 00406fb0 f   FramedFilter.obj
 0001:00005fc0       ?doStopGettingFrames@FramedFilter@@MAEXXZ 00406fc0 f   FramedFilter.obj
 0001:00005fd0       ??0FramedSource@@IAE@AAVUsageEnvironment@@@Z 00406fd0 f   FramedSource.obj
 0001:00006000       ??_EFramedSource@@MAEPAXI@Z 00407000 f i FramedSource.obj
 0001:00006000       ??_GFramedSource@@MAEPAXI@Z 00407000 f i FramedSource.obj
 0001:00006020       ??1FramedSource@@MAE@XZ    00407020 f   FramedSource.obj
 0001:00006030       ?isFramedSource@FramedSource@@EBEIXZ 00407030 f   FramedSource.obj
 0001:00006040       ?lookupByName@FramedSource@@SAIAAVUsageEnvironment@@PBDAAPAV1@@Z 00407040 f   FramedSource.obj
 0001:000060a0       ?getNextFrame@FramedSource@@QAEXPAEIP6AXPAXIIUtimeval@@I@Z1P6AX1@Z1@Z 004070a0 f   FramedSource.obj
 0001:00006120       ?afterGetting@FramedSource@@KAXPAV1@@Z 00407120 f   FramedSource.obj
 0001:00006150       ?handleClosure@FramedSource@@SAXPAX@Z 00407150 f   FramedSource.obj
 0001:00006170       ?stopGettingFrames@FramedSource@@QAEXXZ 00407170 f   FramedSource.obj
 0001:00006180       ?doStopGettingFrames@FramedSource@@MAEXXZ 00407180 f   FramedSource.obj
 0001:00006190       ?maxFrameSize@FramedSource@@UBEIXZ 00407190 f   FramedSource.obj
 0001:000061a0       ?GetWinVer@@YAHPADPAH0@Z   004071a0 f   GetWinVer.obj
 0001:00006490       ?assign@Scope@@AAEXEPBD@Z  00407490 f   GroupEId.obj
 0001:000064c0       ?clean@Scope@@AAEXXZ       004074c0 f   GroupEId.obj
 0001:000064e0       ??0Scope@@QAE@EPBD@Z       004074e0 f   GroupEId.obj
 0001:00006500       ??0Scope@@QAE@ABV0@@Z      00407500 f   GroupEId.obj
 0001:00006520       ??4Scope@@QAEAAV0@ABV0@@Z  00407520 f   GroupEId.obj
 0001:000065a0       ??1Scope@@QAE@XZ           004075a0 f   GroupEId.obj
 0001:000065b0       ?publicKeySize@Scope@@QBEIXZ 004075b0 f   GroupEId.obj
 0001:000065d0       ??0GroupEId@@QAE@ABUin_addr@@GABVScope@@I@Z 004075d0 f   GroupEId.obj
 0001:00006640       ??0GroupEId@@QAE@ABUin_addr@@0GI@Z 00407640 f   GroupEId.obj
 0001:000066d0       ??0GroupEId@@QAE@XZ        004076d0 f   GroupEId.obj
 0001:000066f0       ?isSSM@GroupEId@@QBEIXZ    004076f0 f   GroupEId.obj
 0001:00006700       ?init@GroupEId@@AAEXABUin_addr@@0GABVScope@@I@Z 00407700 f   GroupEId.obj
 0001:00006740       ??0OutputSocket@@QAE@AAVUsageEnvironment@@@Z 00407740 f   Groupsock.obj
 0001:000067b0       ??_EOutputSocket@@UAEPAXI@Z 004077b0 f i Groupsock.obj
 0001:000067b0       ??_GOutputSocket@@UAEPAXI@Z 004077b0 f i Groupsock.obj
 0001:000067d0       ??0OutputSocket@@IAE@AAVUsageEnvironment@@VPort@@@Z 004077d0 f   Groupsock.obj
 0001:00006830       ??1OutputSocket@@UAE@XZ    00407830 f   Groupsock.obj
 0001:00006840       ?write@OutputSocket@@QAEIIVPort@@EPAEI@Z 00407840 f   Groupsock.obj
 0001:00006900       ?handleRead@OutputSocket@@EAEIPAEIAAIAAUsockaddr_in@@@Z 00407900 f   Groupsock.obj
 0001:00006910       ??0destRecord@@QAE@ABUin_addr@@ABVPort@@EPAV0@@Z 00407910 f   Groupsock.obj
 0001:000069a0       ??_EdestRecord@@UAEPAXI@Z  004079a0 f i Groupsock.obj
 0001:000069a0       ??_GdestRecord@@UAEPAXI@Z  004079a0 f i Groupsock.obj
 0001:000069c0       ??1GroupEId@@QAE@XZ        004079c0 f i Groupsock.obj
 0001:000069d0       ??1destRecord@@UAE@XZ      004079d0 f   Groupsock.obj
 0001:00006ab0       ??0Groupsock@@QAE@AAVUsageEnvironment@@ABUin_addr@@VPort@@E@Z 00407ab0 f   Groupsock.obj
 0001:00006c40       ??_EGroupsock@@UAEPAXI@Z   00407c40 f i Groupsock.obj
 0001:00006c40       ??_GGroupsock@@UAEPAXI@Z   00407c40 f i Groupsock.obj
 0001:00006c60       ??0Groupsock@@QAE@AAVUsageEnvironment@@ABUin_addr@@1VPort@@@Z 00407c60 f   Groupsock.obj
 0001:00006df0       ??1Groupsock@@UAE@XZ       00407df0 f   Groupsock.obj
 0001:00006ed0       ?changeDestinationParameters@Groupsock@@QAEXABUin_addr@@VPort@@H@Z 00407ed0 f   Groupsock.obj
 0001:00007040       ?addDestination@Groupsock@@QAEXABUin_addr@@ABVPort@@@Z 00408040 f   Groupsock.obj
 0001:000070d0       ?removeDestination@Groupsock@@QAEXABUin_addr@@ABVPort@@@Z 004080d0 f   Groupsock.obj
 0001:00007130       ?removeAllDestinations@Groupsock@@QAEXXZ 00408130 f   Groupsock.obj
 0001:00007150       ?multicastSendOnly@Groupsock@@QAEXXZ 00408150 f   Groupsock.obj
 0001:00007190       ?output@Groupsock@@QAEIAAVUsageEnvironment@@EPAEIPAVDirectedNetInterface@@@Z 00408190 f   Groupsock.obj
 0001:000072c0       ?handleRead@Groupsock@@UAEIPAEIAAIAAUsockaddr_in@@@Z 004082c0 f   Groupsock.obj
 0001:00007440       ?wasLoopedBackFromUs@Groupsock@@QAEIAAVUsageEnvironment@@AAUsockaddr_in@@@Z 00408440 f   Groupsock.obj
 0001:00007480       ?outputToAllMembersExcept@Groupsock@@AAEHPAVDirectedNetInterface@@EPAEII@Z 00408480 f   Groupsock.obj
 0001:00007690       ??6@YAAAVUsageEnvironment@@AAV0@ABVGroupsock@@@Z 00408690 f   Groupsock.obj
 0001:00007780       ?Fetch@GroupsockLookupTable@@QAEPAVGroupsock@@AAVUsageEnvironment@@IVPort@@EAAI@Z 00408780 f   Groupsock.obj
 0001:000077d0       ?Fetch@GroupsockLookupTable@@QAEPAVGroupsock@@AAVUsageEnvironment@@IIVPort@@AAI@Z 004087d0 f   Groupsock.obj
 0001:00007820       ?Lookup@GroupsockLookupTable@@QAEPAVGroupsock@@IVPort@@@Z 00408820 f   Groupsock.obj
 0001:00007840       ?Lookup@GroupsockLookupTable@@QAEPAVGroupsock@@IIVPort@@@Z 00408840 f   Groupsock.obj
 0001:00007860       ?Lookup@GroupsockLookupTable@@QAEPAVGroupsock@@AAVUsageEnvironment@@H@Z 00408860 f   Groupsock.obj
 0001:000078d0       ?Remove@GroupsockLookupTable@@QAEIPBVGroupsock@@@Z 004088d0 f   Groupsock.obj
 0001:00007980       ?AddNew@GroupsockLookupTable@@AAEPAVGroupsock@@AAVUsageEnvironment@@IIVPort@@E@Z 00408980 f   Groupsock.obj
 0001:00007b10       ??0Iterator@GroupsockLookupTable@@QAE@AAV1@@Z 00408b10 f   Groupsock.obj
 0001:00007b30       ?next@Iterator@GroupsockLookupTable@@QAEPAVGroupsock@@XZ 00408b30 f   Groupsock.obj
 0001:00007b70       ?id@?$ctype@G@std@@$E      00408b70 f i Groupsock.obj
 0001:00007b80       ??0NoReuse@@QAE@XZ         00408b80 f   GroupsockHelper.obj
 0001:00007b90       ??1NoReuse@@QAE@XZ         00408b90 f   GroupsockHelper.obj
 0001:00007ba0       ?setupDatagramSocket@@YAHAAVUsageEnvironment@@VPort@@@Z 00408ba0 f   GroupsockHelper.obj
 0001:00007d00       ?makeSocketNonBlocking@@YAIH@Z 00408d00 f   GroupsockHelper.obj
 0001:00007d30       ?makeSocketBlocking@@YAIH@Z 00408d30 f   GroupsockHelper.obj
 0001:00007d60       ?setupStreamSocket@@YAHAAVUsageEnvironment@@VPort@@I@Z 00408d60 f   GroupsockHelper.obj
 0001:00007e90       ?readSocket@@YAHAAVUsageEnvironment@@HPAEIAAUsockaddr_in@@PAUtimeval@@@Z 00408e90 f   GroupsockHelper.obj
 0001:00008010       ?readSocketExact@@YAHAAVUsageEnvironment@@HPAEIAAUsockaddr_in@@PAUtimeval@@@Z 00409010 f   GroupsockHelper.obj
 0001:00008070       ?writeSocket@@YAIAAVUsageEnvironment@@HUin_addr@@VPort@@EPAEI@Z 00409070 f   GroupsockHelper.obj
 0001:00008140       ?getSendBufferSize@@YAIAAVUsageEnvironment@@H@Z 00409140 f   GroupsockHelper.obj
 0001:000081b0       ?getReceiveBufferSize@@YAIAAVUsageEnvironment@@H@Z 004091b0 f   GroupsockHelper.obj
 0001:000081d0       ?setSendBufferTo@@YAIAAVUsageEnvironment@@HI@Z 004091d0 f   GroupsockHelper.obj
 0001:00008220       ?setReceiveBufferTo@@YAIAAVUsageEnvironment@@HI@Z 00409220 f   GroupsockHelper.obj
 0001:00008240       ?increaseSendBufferTo@@YAIAAVUsageEnvironment@@HI@Z 00409240 f   GroupsockHelper.obj
 0001:000082d0       ?increaseReceiveBufferTo@@YAIAAVUsageEnvironment@@HI@Z 004092d0 f   GroupsockHelper.obj
 0001:000082f0       ?socketJoinGroup@@YAIAAVUsageEnvironment@@HI@Z 004092f0 f   GroupsockHelper.obj
 0001:00008360       ?socketLeaveGroup@@YAIAAVUsageEnvironment@@HI@Z 00409360 f   GroupsockHelper.obj
 0001:000083b0       ?socketJoinGroupSSM@@YAIAAVUsageEnvironment@@HII@Z 004093b0 f   GroupsockHelper.obj
 0001:00008420       ?socketLeaveGroupSSM@@YAIAAVUsageEnvironment@@HII@Z 00409420 f   GroupsockHelper.obj
 0001:00008480       ?getSourcePort@@YAIAAVUsageEnvironment@@HAAVPort@@@Z 00409480 f   GroupsockHelper.obj
 0001:00008570       ?ourIPAddress@@YAIAAVUsageEnvironment@@@Z 00409570 f   GroupsockHelper.obj
 0001:000087e0       ?chooseRandomIPv4SSMAddress@@YAIAAVUsageEnvironment@@@Z 004097e0 f   GroupsockHelper.obj
 0001:00008810       ?timestampString@@YAPBDXZ  00409810 f   GroupsockHelper.obj
 0001:00008860       ?gettimeofday@@YAHPAUtimeval@@PAH@Z 00409860 f   GroupsockHelper.obj
 0001:000089a0       ??0HashTable@@IAE@XZ       004099a0 f   HashTable.obj
 0001:000089b0       ??_GHashTable@@UAEPAXI@Z   004099b0 f i HashTable.obj
 0001:000089b0       ??_EHashTable@@UAEPAXI@Z   004099b0 f i HashTable.obj
 0001:000089d0       ??1HashTable@@UAE@XZ       004099d0 f   HashTable.obj
 0001:000089e0       ??0Iterator@HashTable@@IAE@XZ 004099e0 f   HashTable.obj
 0001:000089f0       ??_EIterator@HashTable@@UAEPAXI@Z 004099f0 f i HashTable.obj
 0001:000089f0       ??_GIterator@HashTable@@UAEPAXI@Z 004099f0 f i HashTable.obj
 0001:00008a10       ??1Iterator@HashTable@@UAE@XZ 00409a10 f   HashTable.obj
 0001:00008a20       ?RemoveNext@HashTable@@QAEPAXXZ 00409a20 f   HashTable.obj
 0001:00008a70       ?initChannelList@@YAXXZ    00409a70 f   HikData.obj
 0001:00008ab0       ?getChannelState@@YAJI@Z   00409ab0 f   HikData.obj
 0001:00008b10       ?setChannelState@@YAJIJ@Z  00409b10 f   HikData.obj
 0001:00008b70       ?reclaimChannelState@@YAXI@Z 00409b70 f   HikData.obj
 0001:00008bc0       ?initFrameData@@YAXPAUframeQueue@@@Z 00409bc0 f   HikData.obj
 0001:00008c00       ?deleteFrontNodeData@@YAHPAUframeQueue@@@Z 00409c00 f   HikData.obj
 0001:00008c40       ?addFrameData@@YAHEPAUframeQueue@@PAUsingleframe@@@Z 00409c40 f   HikData.obj
 0001:00008cf0       ?readFrameData@@YAHEPAUframeQueue@@PAUsingleframe@@@Z 00409cf0 f   HikData.obj
 0001:00008d80       ?DestoryFrameData@@YAXPAUframeQueue@@@Z 00409d80 f   HikData.obj
 0001:00008db0       ?freeSingleFrameData@@YAXPAUframeData@@@Z 00409db0 f   HikData.obj
 0001:00008e00       ?I420Cif2Qcif@@YAXPAE0@Z   00409e00 f   HikData.obj
 0001:00008f90       ?videoGetFrameInfoByHik@@YAXEPADPAHHH@Z 00409f90 f   HikData.obj
 0001:00009040       ?savePicFile@@YAXPADJJJJ0@Z 0040a040 f   HikData.obj
 0001:000090b0       ?resetCapturePicState@@YAXE@Z 0040a0b0 f   HikData.obj
 0001:00009100       ?CapPicFun@@YGXJPADJJJJJJ@Z 0040a100 f   HikData.obj
 0001:000091c0       ?ThreadCallbackEntry@@YAXE@Z 0040a1c0 f   HikData.obj
 0001:000093d0       ?ThreadCallback@@YAKPAE@Z  0040a3d0 f   HikData.obj
 0001:00009450       ?getCritialSection@@YAPAU_RTL_CRITICAL_SECTION@@XZ 0040a450 f   HikData.obj
 0001:00009460       ?getFrameByHikSDK@@YAXE@Z  0040a460 f   HikData.obj
 0001:000094d0       _our_inet_addr             0040a4d0 f   inet.obj
 0001:000094e0       _our_inet_ntoa             0040a4e0 f   inet.obj
 0001:000094f0       _initializeWinsockIfNecessary 0040a4f0 f   inet.obj
 0001:00009570       _our_gethostbyname         0040a570 f   inet.obj
 0001:00009590       _our_random                0040a590 f   inet.obj
 0001:000095a0       _our_srandom               0040a5a0 f   inet.obj
 0001:000095b0       _our_random32              0040a5b0 f   inet.obj
 0001:000095d0       ??0Locale@@QAE@PBDH@Z      0040a5d0 f   Locale.obj
 0001:00009610       ??_GLocale@@UAEPAXI@Z      0040a610 f i Locale.obj
 0001:00009610       ??_ELocale@@UAEPAXI@Z      0040a610 f i Locale.obj
 0001:00009630       ??1Locale@@UAE@XZ          0040a630 f   Locale.obj
 0001:00009660       ?getProfileParamenterInfo@@YAPAU_HikProfile@@XZ 0040a660 f   mainSdk.obj
 0001:00009670       ?httpRequestKey@@YAHPAD0@Z 0040a670 f   mainSdk.obj
 0001:000098d0       ?supportMoreVideoAccess@@YAXPAVRTSPServer@@HHPADE@Z 0040a8d0 f   mainSdk.obj
 0001:00009d80       ?eventLoop@@YAXXZ          0040ad80 f   mainSdk.obj
 0001:00009d90       ?realEntryMain@@YAXE@Z     0040ad90 f   mainSdk.obj
 0001:00009f60       ?StarvThreadCallback@@YAKPAE@Z 0040af60 f   mainSdk.obj
 0001:0000a070       ?startStarvSDK@@YAXE@Z     0040b070 f   mainSdk.obj
 0001:0000a100       _main                      0040b100 f   mainSdk.obj
 0001:0000a2b0       ??0Medium@@IAE@AAVUsageEnvironment@@@Z 0040b2b0 f   Media.obj
 0001:0000a310       ??_EMedium@@MAEPAXI@Z      0040b310 f i Media.obj
 0001:0000a310       ??_GMedium@@MAEPAXI@Z      0040b310 f i Media.obj
 0001:0000a330       ??1Medium@@MAE@XZ          0040b330 f   Media.obj
 0001:0000a350       ?lookupByName@Medium@@SAIAAVUsageEnvironment@@PBDAAPAV1@@Z 0040b350 f   Media.obj
 0001:0000a3a0       ?close@Medium@@SAXAAVUsageEnvironment@@PBD@Z 0040b3a0 f   Media.obj
 0001:0000a3c0       ?close@Medium@@SAXPAV1@@Z  0040b3c0 f   Media.obj
 0001:0000a3e0       ?isSource@Medium@@UBEIXZ   0040b3e0 f   Media.obj
 0001:0000a3f0       ?isSink@Medium@@UBEIXZ     0040b3f0 f   Media.obj
 0001:0000a400       ?isRTCPInstance@Medium@@UBEIXZ 0040b400 f   Media.obj
 0001:0000a410       ?isRTSPClient@Medium@@UBEIXZ 0040b410 f   Media.obj
 0001:0000a420       ?isRTSPServer@Medium@@UBEIXZ 0040b420 f   Media.obj
 0001:0000a430       ?isMediaSession@Medium@@UBEIXZ 0040b430 f   Media.obj
 0001:0000a440       ?isServerMediaSession@Medium@@UBEIXZ 0040b440 f   Media.obj
 0001:0000a450       ?isDarwinInjector@Medium@@UBEIXZ 0040b450 f   Media.obj
 0001:0000a460       ?getOurTables@_Tables@@SAPAV1@AAVUsageEnvironment@@@Z 0040b460 f   Media.obj
 0001:0000a4c0       ?reclaimIfPossible@_Tables@@QAEXXZ 0040b4c0 f   Media.obj
 0001:0000a4f0       ??0_Tables@@IAE@AAVUsageEnvironment@@@Z 0040b4f0 f   Media.obj
 0001:0000a510       ??_G_Tables@@MAEPAXI@Z     0040b510 f i Media.obj
 0001:0000a510       ??_E_Tables@@MAEPAXI@Z     0040b510 f i Media.obj
 0001:0000a530       ??1_Tables@@MAE@XZ         0040b530 f   Media.obj
 0001:0000a540       ?ourMedia@MediaLookupTable@@SAPAV1@AAVUsageEnvironment@@@Z 0040b540 f   Media.obj
 0001:0000a5b0       ?lookup@MediaLookupTable@@QBEPAVMedium@@PBD@Z 0040b5b0 f   Media.obj
 0001:0000a5c0       ?addNew@MediaLookupTable@@QAEXPAVMedium@@PAD@Z 0040b5c0 f   Media.obj
 0001:0000a5e0       ?remove@MediaLookupTable@@QAEXPBD@Z 0040b5e0 f   Media.obj
 0001:0000a650       ?generateNewName@MediaLookupTable@@QAEXPADI@Z 0040b650 f   Media.obj
 0001:0000a670       ??0MediaLookupTable@@IAE@AAVUsageEnvironment@@@Z 0040b670 f   Media.obj
 0001:0000a6a0       ??_GMediaLookupTable@@MAEPAXI@Z 0040b6a0 f i Media.obj
 0001:0000a6a0       ??_EMediaLookupTable@@MAEPAXI@Z 0040b6a0 f i Media.obj
 0001:0000a6c0       ??1MediaLookupTable@@MAE@XZ 0040b6c0 f   Media.obj
 0001:0000a6e0       ??0MediaSink@@IAE@AAVUsageEnvironment@@@Z 0040b6e0 f   MediaSink.obj
 0001:0000a700       ??_GMediaSink@@MAEPAXI@Z   0040b700 f i MediaSink.obj
 0001:0000a700       ??_EMediaSink@@MAEPAXI@Z   0040b700 f i MediaSink.obj
 0001:0000a720       ??1MediaSink@@MAE@XZ       0040b720 f   MediaSink.obj
 0001:0000a770       ?isSink@MediaSink@@EBEIXZ  0040b770 f   MediaSink.obj
 0001:0000a780       ?lookupByName@MediaSink@@SAIAAVUsageEnvironment@@PBDAAPAV1@@Z 0040b780 f   MediaSink.obj
 0001:0000a7e0       ?sourceIsCompatibleWithUs@MediaSink@@MAEIAAVMediaSource@@@Z 0040b7e0 f   MediaSink.obj
 0001:0000a7f0       ?startPlaying@MediaSink@@QAEIAAVMediaSource@@P6AXPAX@Z1@Z 0040b7f0 f   MediaSink.obj
 0001:0000a850       ?stopPlaying@MediaSink@@UAEXXZ 0040b850 f   MediaSink.obj
 0001:0000a890       ?onSourceClosure@MediaSink@@KAXPAX@Z 0040b890 f   MediaSink.obj
 0001:0000a8b0       ?isRTPSink@MediaSink@@UBEIXZ 0040b8b0 f   MediaSink.obj
 0001:0000a8c0       ??0OutPacketBuffer@@QAE@II@Z 0040b8c0 f   MediaSink.obj
 0001:0000a910       ??1OutPacketBuffer@@QAE@XZ 0040b910 f   MediaSink.obj
 0001:0000a920       ?enqueue@OutPacketBuffer@@QAEXPBEI@Z 0040b920 f   MediaSink.obj
 0001:0000a970       ?enqueueWord@OutPacketBuffer@@QAEXI@Z 0040b970 f   MediaSink.obj
 0001:0000a9a0       ?insert@OutPacketBuffer@@QAEXPBEII@Z 0040b9a0 f   MediaSink.obj
 0001:0000a9f0       ?insertWord@OutPacketBuffer@@QAEXII@Z 0040b9f0 f   MediaSink.obj
 0001:0000aa20       ?extract@OutPacketBuffer@@QAEXPAEII@Z 0040ba20 f   MediaSink.obj
 0001:0000aa60       ?extractWord@OutPacketBuffer@@QAEII@Z 0040ba60 f   MediaSink.obj
 0001:0000aa80       ?skipBytes@OutPacketBuffer@@QAEXI@Z 0040ba80 f   MediaSink.obj
 0001:0000aab0       ?setOverflowData@OutPacketBuffer@@QAEXIIABUtimeval@@I@Z 0040bab0 f   MediaSink.obj
 0001:0000aae0       ?useOverflowData@OutPacketBuffer@@QAEXXZ 0040bae0 f   MediaSink.obj
 0001:0000ab10       ?adjustPacketStart@OutPacketBuffer@@QAEXI@Z 0040bb10 f   MediaSink.obj
 0001:0000ab40       ?resetPacketStart@OutPacketBuffer@@QAEXXZ 0040bb40 f   MediaSink.obj
 0001:0000ab60       ??0MediaSource@@IAE@AAVUsageEnvironment@@@Z 0040bb60 f   MediaSource.obj
 0001:0000ab80       ??_EMediaSource@@MAEPAXI@Z 0040bb80 f i MediaSource.obj
 0001:0000ab80       ??_GMediaSource@@MAEPAXI@Z 0040bb80 f i MediaSource.obj
 0001:0000aba0       ??1MediaSource@@MAE@XZ     0040bba0 f   MediaSource.obj
 0001:0000abb0       ?isSource@MediaSource@@EBEIXZ 0040bbb0 f   MediaSource.obj
 0001:0000abc0       ?MIMEtype@MediaSource@@UBEPBDXZ 0040bbc0 f   MediaSource.obj
 0001:0000abd0       ?isFramedSource@MediaSource@@UBEIXZ 0040bbd0 f   MediaSource.obj
 0001:0000abe0       ?isRTPSource@MediaSource@@UBEIXZ 0040bbe0 f   MediaSource.obj
 0001:0000abf0       ?isMPEG1or2VideoStreamFramer@MediaSource@@UBEIXZ 0040bbf0 f   MediaSource.obj
 0001:0000ac00       ?isMPEG4VideoStreamFramer@MediaSource@@UBEIXZ 0040bc00 f   MediaSource.obj
 0001:0000ac10       ?isH264VideoStreamFramer@MediaSource@@UBEIXZ 0040bc10 f   MediaSource.obj
 0001:0000ac20       ?isDVVideoStreamFramer@MediaSource@@UBEIXZ 0040bc20 f   MediaSource.obj
 0001:0000ac30       ?isJPEGVideoSource@MediaSource@@UBEIXZ 0040bc30 f   MediaSource.obj
 0001:0000ac40       ?isAMRAudioSource@MediaSource@@UBEIXZ 0040bc40 f   MediaSource.obj
 0001:0000ac50       ?lookupByName@MediaSource@@SAIAAVUsageEnvironment@@PBDAAPAV1@@Z 0040bc50 f   MediaSource.obj
 0001:0000acb0       ?getAttributes@MediaSource@@UBEXXZ 0040bcb0 f   MediaSource.obj
 0001:0000acc0       ??0CMiniVersion@@QAE@PBD@Z 0040bcc0 f   MiniVersion.obj
 0001:0000ad50       ?Init@CMiniVersion@@QAEHXZ 0040bd50 f   MiniVersion.obj
 0001:0000ae70       ?Release@CMiniVersion@@QAEXXZ 0040be70 f   MiniVersion.obj
 0001:0000ae90       ?GetFileVersion@CMiniVersion@@QAEHPAG@Z 0040be90 f   MiniVersion.obj
 0001:0000aec0       ?GetProductVersion@CMiniVersion@@QAEHPAG@Z 0040bec0 f   MiniVersion.obj
 0001:0000aef0       ?GetFileFlags@CMiniVersion@@QAEHAAK@Z 0040bef0 f   MiniVersion.obj
 0001:0000af10       ?GetFileOS@CMiniVersion@@QAEHAAK@Z 0040bf10 f   MiniVersion.obj
 0001:0000af30       ?GetFileType@CMiniVersion@@QAEHAAK@Z 0040bf30 f   MiniVersion.obj
 0001:0000af50       ?GetFileSubtype@CMiniVersion@@QAEHAAK@Z 0040bf50 f   MiniVersion.obj
 0001:0000af70       ?GetCompanyName@CMiniVersion@@QAEHPADH@Z 0040bf70 f   MiniVersion.obj
 0001:0000afc0       ?GetFileDescription@CMiniVersion@@QAEHPADH@Z 0040bfc0 f   MiniVersion.obj
 0001:0000b010       ?GetProductName@CMiniVersion@@QAEHPADH@Z 0040c010 f   MiniVersion.obj
 0001:0000b060       ?GetFixedInfo@CMiniVersion@@IAEHAAUtagVS_FIXEDFILEINFO@@@Z 0040c060 f   MiniVersion.obj
 0001:0000b0b0       ?GetStringInfo@CMiniVersion@@IAEHPBDPAD@Z 0040c0b0 f   MiniVersion.obj
 0001:0000b1a0       ??0MPEG4ESVideoRTPSink@@IAE@AAVUsageEnvironment@@PAXPAVGroupsock@@EI@Z 0040c1a0 f   MPEG4ESVideoRTPSink.obj
 0001:0000b1f0       ??_GMPEG4ESVideoRTPSink@@MAEPAXI@Z 0040c1f0 f i MPEG4ESVideoRTPSink.obj
 0001:0000b1f0       ??_EMPEG4ESVideoRTPSink@@MAEPAXI@Z 0040c1f0 f i MPEG4ESVideoRTPSink.obj
 0001:0000b210       ??1MPEG4ESVideoRTPSink@@MAE@XZ 0040c210 f   MPEG4ESVideoRTPSink.obj
 0001:0000b270       ?createNew@MPEG4ESVideoRTPSink@@SAPAV1@AAVUsageEnvironment@@PAXPAVGroupsock@@EI@Z 0040c270 f   MPEG4ESVideoRTPSink.obj
 0001:0000b2f0       ?sourceIsCompatibleWithUs@MPEG4ESVideoRTPSink@@MAEIAAVMediaSource@@@Z 0040c2f0 f   MPEG4ESVideoRTPSink.obj
 0001:0000b300       ?doSpecialFrameHandling@MPEG4ESVideoRTPSink@@MAEXIPAEIUtimeval@@I@Z 0040c300 f   MPEG4ESVideoRTPSink.obj
 0001:0000b390       ?allowFragmentationAfterStart@MPEG4ESVideoRTPSink@@MBEIXZ 0040c390 f   MPEG4ESVideoRTPSink.obj
 0001:0000b3a0       ?frameCanAppearAfterPacketStart@MPEG4ESVideoRTPSink@@MBEIPBEI@Z 0040c3a0 f   MPEG4ESVideoRTPSink.obj
 0001:0000b3b0       ?auxSDPLine@MPEG4ESVideoRTPSink@@MAEPBDXZ 0040c3b0 f   MPEG4ESVideoRTPSink.obj
 0001:0000b4e0       ?createNew@MPEG4VideoStreamFramer@@SAPAV1@AAVUsageEnvironment@@PAVFramedSource@@@Z 0040c4e0 f   MPEG4VideoStreamFramer.obj
 0001:0000b550       ?getConfigBytes@MPEG4VideoStreamFramer@@QBEPAEAAI@Z 0040c550 f   MPEG4VideoStreamFramer.obj
 0001:0000b570       ??0MPEG4VideoStreamFramer@@IAE@AAVUsageEnvironment@@PAVFramedSource@@I@Z 0040c570 f   MPEG4VideoStreamFramer.obj
 0001:0000b620       ??_GMPEG4VideoStreamFramer@@MAEPAXI@Z 0040c620 f i MPEG4VideoStreamFramer.obj
 0001:0000b620       ??_EMPEG4VideoStreamFramer@@MAEPAXI@Z 0040c620 f i MPEG4VideoStreamFramer.obj
 0001:0000b640       ??1MPEG4VideoStreamFramer@@MAE@XZ 0040c640 f   MPEG4VideoStreamFramer.obj
 0001:0000b6b0       ?startNewConfig@MPEG4VideoStreamFramer@@IAEXXZ 0040c6b0 f   MPEG4VideoStreamFramer.obj
 0001:0000b6e0       ?appendToNewConfig@MPEG4VideoStreamFramer@@IAEXPAEI@Z 0040c6e0 f   MPEG4VideoStreamFramer.obj
 0001:0000b750       ?completeNewConfig@MPEG4VideoStreamFramer@@IAEXXZ 0040c750 f   MPEG4VideoStreamFramer.obj
 0001:0000b790       ?isMPEG4VideoStreamFramer@MPEG4VideoStreamFramer@@EBEIXZ 0040c790 f   MPEG4VideoStreamFramer.obj
 0001:0000b7a0       ??0MPEG4VideoStreamParser@@QAE@PAVMPEG4VideoStreamFramer@@PAVFramedSource@@@Z 0040c7a0 f   MPEG4VideoStreamFramer.obj
 0001:0000b7f0       ??_EMPEG4VideoStreamParser@@UAEPAXI@Z 0040c7f0 f i MPEG4VideoStreamFramer.obj
 0001:0000b7f0       ??_GMPEG4VideoStreamParser@@UAEPAXI@Z 0040c7f0 f i MPEG4VideoStreamFramer.obj
 0001:0000b810       ??1MPEG4VideoStreamParser@@UAE@XZ 0040c810 f   MPEG4VideoStreamFramer.obj
 0001:0000b820       ?setParseState@MPEG4VideoStreamParser@@AAEXW4MPEGParseState@@@Z 0040c820 f   MPEG4VideoStreamFramer.obj
 0001:0000b830       ?flushInput@MPEG4VideoStreamParser@@EAEXXZ 0040c830 f   MPEG4VideoStreamFramer.obj
 0001:0000b870       ?parse@MPEG4VideoStreamParser@@EAEIXZ 0040c870 f   MPEG4VideoStreamFramer.obj
 0001:0000b980       ?parseVisualObjectSequence@MPEG4VideoStreamParser@@AAEII@Z 0040c980 f   MPEG4VideoStreamFramer.obj
 0001:0000bb90       ?parseVisualObject@MPEG4VideoStreamParser@@AAEIXZ 0040cb90 f   MPEG4VideoStreamFramer.obj
 0001:0000bdd0       ?get4Bytes@StreamParser@@IAEIXZ 0040cdd0 f i MPEG4VideoStreamFramer.obj
 0001:0000be20       ?test4Bytes@StreamParser@@IAEIXZ 0040ce20 f i MPEG4VideoStreamFramer.obj
 0001:0000be60       ?get1Byte@StreamParser@@IAEEXZ 0040ce60 f i MPEG4VideoStreamFramer.obj
 0001:0000be90       ?getNextFrameBit@MPEG4VideoStreamParser@@AAEIAAE@Z 0040ce90 f   MPEG4VideoStreamFramer.obj
 0001:0000bee0       ?getNextFrameBits@MPEG4VideoStreamParser@@AAEIIAAI@Z 0040cee0 f   MPEG4VideoStreamFramer.obj
 0001:0000bf40       ?analyzeVOLHeader@MPEG4VideoStreamParser@@AAEXXZ 0040cf40 f   MPEG4VideoStreamFramer.obj
 0001:0000c110       ?saveByte@MPEGVideoStreamParser@@IAEXE@Z 0040d110 f i MPEG4VideoStreamFramer.obj
 0001:0000c130       ?save4Bytes@MPEGVideoStreamParser@@IAEXI@Z 0040d130 f i MPEG4VideoStreamFramer.obj
 0001:0000c190       ?parseVideoObjectLayer@MPEG4VideoStreamParser@@AAEIXZ 0040d190 f   MPEG4VideoStreamFramer.obj
 0001:0000c2f0       ?ensureValidBytes@StreamParser@@AAEXI@Z 0040d2f0 f i MPEG4VideoStreamFramer.obj
 0001:0000c310       ?parseGroupOfVideoObjectPlane@MPEG4VideoStreamParser@@AAEIXZ 0040d310 f   MPEG4VideoStreamFramer.obj
 0001:0000c550       ?parseVideoObjectPlane@MPEG4VideoStreamParser@@AAEIXZ 0040d550 f   MPEG4VideoStreamFramer.obj
 0001:0000c9f0       ?parseVisualObjectSequenceEndCode@MPEG4VideoStreamParser@@AAEIXZ 0040d9f0 f   MPEG4VideoStreamFramer.obj
 0001:0000ca50       ??0TimeCode@@QAE@XZ        0040da50 f   MPEGVideoStreamFramer.obj
 0001:0000ca70       ??_GTimeCode@@UAEPAXI@Z    0040da70 f i MPEGVideoStreamFramer.obj
 0001:0000ca70       ??_ETimeCode@@UAEPAXI@Z    0040da70 f i MPEGVideoStreamFramer.obj
 0001:0000ca90       ??1TimeCode@@UAE@XZ        0040da90 f   MPEGVideoStreamFramer.obj
 0001:0000caa0       ??8TimeCode@@QAEHABV0@@Z   0040daa0 f   MPEGVideoStreamFramer.obj
 0001:0000caf0       ??0MPEGVideoStreamFramer@@IAE@AAVUsageEnvironment@@PAVFramedSource@@@Z 0040daf0 f   MPEGVideoStreamFramer.obj
 0001:0000cb70       ??_EMPEGVideoStreamFramer@@MAEPAXI@Z 0040db70 f i MPEGVideoStreamFramer.obj
 0001:0000cb70       ??_GMPEGVideoStreamFramer@@MAEPAXI@Z 0040db70 f i MPEGVideoStreamFramer.obj
 0001:0000cb90       ??1MPEGVideoStreamFramer@@MAE@XZ 0040db90 f   MPEGVideoStreamFramer.obj
 0001:0000cc00       ?flushInput@MPEGVideoStreamFramer@@QAEXXZ 0040dc00 f   MPEGVideoStreamFramer.obj
 0001:0000cc20       ?reset@MPEGVideoStreamFramer@@AAEXXZ 0040dc20 f   MPEGVideoStreamFramer.obj
 0001:0000cc60       ?computePresentationTime@MPEGVideoStreamFramer@@IAEXI@Z 0040dc60 f   MPEGVideoStreamFramer.obj
 0001:0000cd90       ?setTimeCode@MPEGVideoStreamFramer@@IAEXIIIII@Z 0040dd90 f   MPEGVideoStreamFramer.obj
 0001:0000ceb0       ?doGetNextFrame@MPEGVideoStreamFramer@@EAEXXZ 0040deb0 f   MPEGVideoStreamFramer.obj
 0001:0000ced0       ?continueReadProcessing@MPEGVideoStreamFramer@@CAXPAXPAEIUtimeval@@@Z 0040ded0 f   MPEGVideoStreamFramer.obj
 0001:0000cee0       ?continueReadProcessing@MPEGVideoStreamFramer@@AAEXXZ 0040dee0 f   MPEGVideoStreamFramer.obj
 0001:0000cf60       ??0MPEGVideoStreamParser@@QAE@PAVMPEGVideoStreamFramer@@PAVFramedSource@@@Z 0040df60 f   MPEGVideoStreamParser.obj
 0001:0000cf90       ??_EMPEGVideoStreamParser@@UAEPAXI@Z 0040df90 f i MPEGVideoStreamParser.obj
 0001:0000cf90       ??_GMPEGVideoStreamParser@@UAEPAXI@Z 0040df90 f i MPEGVideoStreamParser.obj
 0001:0000cfb0       ??1MPEGVideoStreamParser@@UAE@XZ 0040dfb0 f   MPEGVideoStreamParser.obj
 0001:0000cfc0       ?restoreSavedParserState@MPEGVideoStreamParser@@EAEXXZ 0040dfc0 f   MPEGVideoStreamParser.obj
 0001:0000cfe0       ?setParseState@MPEGVideoStreamParser@@IAEXXZ 0040dfe0 f   MPEGVideoStreamParser.obj
 0001:0000d000       ?registerReadInterest@MPEGVideoStreamParser@@QAEXPAEI@Z 0040e000 f   MPEGVideoStreamParser.obj
 0001:0000d030       ?setPacketSizes@MultiFramedRTPSink@@QAEXII@Z 0040e030 f   MultiFramedRTPSink.obj
 0001:0000d0c0       ??0MultiFramedRTPSink@@IAE@AAVUsageEnvironment@@PAXPAVGroupsock@@EIPBDI@Z 0040e0c0 f   MultiFramedRTPSink.obj
 0001:0000d150       ??_GMultiFramedRTPSink@@MAEPAXI@Z 0040e150 f i MultiFramedRTPSink.obj
 0001:0000d150       ??_EMultiFramedRTPSink@@MAEPAXI@Z 0040e150 f i MultiFramedRTPSink.obj
 0001:0000d170       ??1MultiFramedRTPSink@@MAE@XZ 0040e170 f   MultiFramedRTPSink.obj
 0001:0000d1e0       ?doSpecialFrameHandling@MultiFramedRTPSink@@MAEXIPAEIUtimeval@@I@Z 0040e1e0 f   MultiFramedRTPSink.obj
 0001:0000d200       ?allowFragmentationAfterStart@MultiFramedRTPSink@@MBEIXZ 0040e200 f   MultiFramedRTPSink.obj
 0001:0000d210       ?allowOtherFramesAfterLastFragment@MultiFramedRTPSink@@MBEIXZ 0040e210 f   MultiFramedRTPSink.obj
 0001:0000d220       ?frameCanAppearAfterPacketStart@MultiFramedRTPSink@@MBEIPBEI@Z 0040e220 f   MultiFramedRTPSink.obj
 0001:0000d230       ?specialHeaderSize@MultiFramedRTPSink@@MBEIXZ 0040e230 f   MultiFramedRTPSink.obj
 0001:0000d240       ?frameSpecificHeaderSize@MultiFramedRTPSink@@MBEIXZ 0040e240 f   MultiFramedRTPSink.obj
 0001:0000d250       ?computeOverflowForNewFrame@MultiFramedRTPSink@@MBEII@Z 0040e250 f   MultiFramedRTPSink.obj
 0001:0000d270       ?setMarkerBit@MultiFramedRTPSink@@IAEXXZ 0040e270 f   MultiFramedRTPSink.obj
 0001:0000d2a0       ?setTimestamp@MultiFramedRTPSink@@IAEXUtimeval@@@Z 0040e2a0 f   MultiFramedRTPSink.obj
 0001:0000d2d0       ?setSpecialHeaderWord@MultiFramedRTPSink@@IAEXII@Z 0040e2d0 f   MultiFramedRTPSink.obj
 0001:0000d300       ?setSpecialHeaderBytes@MultiFramedRTPSink@@IAEXPBEII@Z 0040e300 f   MultiFramedRTPSink.obj
 0001:0000d330       ?setFrameSpecificHeaderWord@MultiFramedRTPSink@@IAEXII@Z 0040e330 f   MultiFramedRTPSink.obj
 0001:0000d360       ?setFrameSpecificHeaderBytes@MultiFramedRTPSink@@IAEXPBEII@Z 0040e360 f   MultiFramedRTPSink.obj
 0001:0000d390       ?setFramePadding@MultiFramedRTPSink@@IAEXI@Z 0040e390 f   MultiFramedRTPSink.obj
 0001:0000d400       ?continuePlaying@MultiFramedRTPSink@@MAEIXZ 0040e400 f   MultiFramedRTPSink.obj
 0001:0000d410       ?stopPlaying@MultiFramedRTPSink@@UAEXXZ 0040e410 f   MultiFramedRTPSink.obj
 0001:0000d440       ?buildAndSendPacket@MultiFramedRTPSink@@AAEXI@Z 0040e440 f   MultiFramedRTPSink.obj
 0001:0000d4e0       ?packFrame@MultiFramedRTPSink@@AAEXXZ 0040e4e0 f   MultiFramedRTPSink.obj
 0001:0000d5a0       ?afterGettingFrame@MultiFramedRTPSink@@CAXPAXIIUtimeval@@I@Z 0040e5a0 f   MultiFramedRTPSink.obj
 0001:0000d5d0       ?afterGettingFrame1@MultiFramedRTPSink@@AAEXIIUtimeval@@I@Z 0040e5d0 f   MultiFramedRTPSink.obj
 0001:0000d870       ?isTooBigForAPacket@MultiFramedRTPSink@@ABEII@Z 0040e870 f   MultiFramedRTPSink.obj
 0001:0000d8a0       ?sendPacketIfNecessary@MultiFramedRTPSink@@AAEXXZ 0040e8a0 f   MultiFramedRTPSink.obj
 0001:0000da20       ?sendNext@MultiFramedRTPSink@@CAXPAX@Z 0040ea20 f   MultiFramedRTPSink.obj
 0001:0000da30       ?ourHandleClosure@MultiFramedRTPSink@@CAXPAX@Z 0040ea30 f   MultiFramedRTPSink.obj
 0001:0000da50       ??0NetAddress@@QAE@PBEI@Z  0040ea50 f   NetAddress.obj
 0001:0000da70       ??_GNetAddress@@UAEPAXI@Z  0040ea70 f i NetAddress.obj
 0001:0000da70       ??_ENetAddress@@UAEPAXI@Z  0040ea70 f i NetAddress.obj
 0001:0000da90       ??0NetAddress@@QAE@I@Z     0040ea90 f   NetAddress.obj
 0001:0000dae0       ??0NetAddress@@QAE@ABV0@@Z 0040eae0 f   NetAddress.obj
 0001:0000db10       ??4NetAddress@@QAEAAV0@ABV0@@Z 0040eb10 f   NetAddress.obj
 0001:0000db40       ??1NetAddress@@UAE@XZ      0040eb40 f   NetAddress.obj
 0001:0000db50       ?assign@NetAddress@@AAEXPBEI@Z 0040eb50 f   NetAddress.obj
 0001:0000dba0       ?clean@NetAddress@@AAEXXZ  0040eba0 f   NetAddress.obj
 0001:0000dbc0       ??0NetAddressList@@QAE@PBD@Z 0040ebc0 f   NetAddress.obj
 0001:0000dd10       ??_GNetAddressList@@UAEPAXI@Z 0040ed10 f i NetAddress.obj
 0001:0000dd10       ??_ENetAddressList@@UAEPAXI@Z 0040ed10 f i NetAddress.obj
 0001:0000dd30       ??0NetAddressList@@QAE@ABV0@@Z 0040ed30 f   NetAddress.obj
 0001:0000dd60       ??4NetAddressList@@QAEAAV0@ABV0@@Z 0040ed60 f   NetAddress.obj
 0001:0000dd90       ??1NetAddressList@@UAE@XZ  0040ed90 f   NetAddress.obj
 0001:0000dda0       ?assign@NetAddressList@@AAEXIPAPAVNetAddress@@@Z 0040eda0 f   NetAddress.obj
 0001:0000de40       ?clean@NetAddressList@@AAEXXZ 0040ee40 f   NetAddress.obj
 0001:0000de90       ?firstAddress@NetAddressList@@QBEPBVNetAddress@@XZ 0040ee90 f   NetAddress.obj
 0001:0000dea0       ??0Iterator@NetAddressList@@QAE@ABV1@@Z 0040eea0 f   NetAddress.obj
 0001:0000dec0       ?nextAddress@Iterator@NetAddressList@@QAEPBVNetAddress@@XZ 0040eec0 f   NetAddress.obj
 0001:0000dee0       ??0Port@@QAE@G@Z           0040eee0 f   NetAddress.obj
 0001:0000df00       ??6@YAAAVUsageEnvironment@@AAV0@ABVPort@@@Z 0040ef00 f   NetAddress.obj
 0001:0000df30       ??0AddressPortLookupTable@@QAE@XZ 0040ef30 f   NetAddress.obj
 0001:0000df50       ??_GAddressPortLookupTable@@UAEPAXI@Z 0040ef50 f i NetAddress.obj
 0001:0000df50       ??_EAddressPortLookupTable@@UAEPAXI@Z 0040ef50 f i NetAddress.obj
 0001:0000df70       ??1AddressPortLookupTable@@UAE@XZ 0040ef70 f   NetAddress.obj
 0001:0000df90       ?Add@AddressPortLookupTable@@QAEPAXIIVPort@@PAX@Z 0040ef90 f   NetAddress.obj
 0001:0000dfd0       ?Lookup@AddressPortLookupTable@@QAEPAXIIVPort@@@Z 0040efd0 f   NetAddress.obj
 0001:0000e010       ?Remove@AddressPortLookupTable@@QAEIIIVPort@@@Z 0040f010 f   NetAddress.obj
 0001:0000e050       ??0Iterator@AddressPortLookupTable@@QAE@AAV1@@Z 0040f050 f   NetAddress.obj
 0001:0000e080       ??_EIterator@AddressPortLookupTable@@UAEPAXI@Z 0040f080 f i NetAddress.obj
 0001:0000e080       ??_GIterator@AddressPortLookupTable@@UAEPAXI@Z 0040f080 f i NetAddress.obj
 0001:0000e0a0       ??1Iterator@AddressPortLookupTable@@UAE@XZ 0040f0a0 f   NetAddress.obj
 0001:0000e0c0       ?next@Iterator@AddressPortLookupTable@@QAEPAXXZ 0040f0c0 f   NetAddress.obj
 0001:0000e0d0       ?IsMulticastAddress@@YAII@Z 0040f0d0 f   NetAddress.obj
 0001:0000e100       ??0NetInterface@@IAE@XZ    0040f100 f   NetInterface.obj
 0001:0000e110       ??_ENetInterface@@UAEPAXI@Z 0040f110 f i NetInterface.obj
 0001:0000e110       ??_GNetInterface@@UAEPAXI@Z 0040f110 f i NetInterface.obj
 0001:0000e130       ??1NetInterface@@UAE@XZ    0040f130 f   NetInterface.obj
 0001:0000e140       ??0DirectedNetInterface@@IAE@XZ 0040f140 f   NetInterface.obj
 0001:0000e160       ??_EDirectedNetInterface@@UAEPAXI@Z 0040f160 f i NetInterface.obj
 0001:0000e160       ??_GDirectedNetInterface@@UAEPAXI@Z 0040f160 f i NetInterface.obj
 0001:0000e180       ??1DirectedNetInterface@@UAE@XZ 0040f180 f   NetInterface.obj
 0001:0000e190       ??0DirectedNetInterfaceSet@@QAE@XZ 0040f190 f   NetInterface.obj
 0001:0000e1b0       ??_EDirectedNetInterfaceSet@@UAEPAXI@Z 0040f1b0 f i NetInterface.obj
 0001:0000e1b0       ??_GDirectedNetInterfaceSet@@UAEPAXI@Z 0040f1b0 f i NetInterface.obj
 0001:0000e1d0       ??1DirectedNetInterfaceSet@@UAE@XZ 0040f1d0 f   NetInterface.obj
 0001:0000e1f0       ?Add@DirectedNetInterfaceSet@@QAEPAVDirectedNetInterface@@PBV2@@Z 0040f1f0 f   NetInterface.obj
 0001:0000e210       ?Remove@DirectedNetInterfaceSet@@QAEIPBVDirectedNetInterface@@@Z 0040f210 f   NetInterface.obj
 0001:0000e220       ??0Iterator@DirectedNetInterfaceSet@@QAE@AAV1@@Z 0040f220 f   NetInterface.obj
 0001:0000e250       ??_GIterator@DirectedNetInterfaceSet@@UAEPAXI@Z 0040f250 f i NetInterface.obj
 0001:0000e250       ??_EIterator@DirectedNetInterfaceSet@@UAEPAXI@Z 0040f250 f i NetInterface.obj
 0001:0000e270       ??1Iterator@DirectedNetInterfaceSet@@UAE@XZ 0040f270 f   NetInterface.obj
 0001:0000e290       ?next@Iterator@DirectedNetInterfaceSet@@QAEPAVDirectedNetInterface@@XZ 0040f290 f   NetInterface.obj
 0001:0000e2a0       ??0Socket@@IAE@AAVUsageEnvironment@@VPort@@@Z 0040f2a0 f   NetInterface.obj
 0001:0000e310       ??_GSocket@@UAEPAXI@Z      0040f310 f i NetInterface.obj
 0001:0000e310       ??_ESocket@@UAEPAXI@Z      0040f310 f i NetInterface.obj
 0001:0000e330       ??1Socket@@UAE@XZ          0040f330 f   NetInterface.obj
 0001:0000e350       ?changePort@Socket@@IAEIVPort@@@Z 0040f350 f   NetInterface.obj
 0001:0000e3b0       ??6@YAAAVUsageEnvironment@@AAV0@ABVSocket@@@Z 0040f3b0 f   NetInterface.obj
 0001:0000e3f0       ??0SocketLookupTable@@IAE@XZ 0040f3f0 f   NetInterface.obj
 0001:0000e410       ??_GSocketLookupTable@@UAEPAXI@Z 0040f410 f i NetInterface.obj
 0001:0000e410       ??_ESocketLookupTable@@UAEPAXI@Z 0040f410 f i NetInterface.obj
 0001:0000e430       ??1SocketLookupTable@@UAE@XZ 0040f430 f   NetInterface.obj
 0001:0000e450       ?Fetch@SocketLookupTable@@QAEPAVSocket@@AAVUsageEnvironment@@VPort@@AAI@Z 0040f450 f   NetInterface.obj
 0001:0000e4d0       ?Remove@SocketLookupTable@@QAEIPBVSocket@@@Z 0040f4d0 f   NetInterface.obj
 0001:0000e500       ??0NetInterfaceTrafficStats@@QAE@XZ 0040f500 f   NetInterface.obj
 0001:0000e510       ?countPacket@NetInterfaceTrafficStats@@QAEXI@Z 0040f510 f   NetInterface.obj
 0001:0000e540       ?haveSeenTraffic@NetInterfaceTrafficStats@@QBEIXZ 0040f540 f   NetInterface.obj
 0001:0000e590       _our_MD5Init               0040f590 f   our_md5.obj
 0001:0000e5c0       _ourMD5Update              0040f5c0 f   our_md5.obj
 0001:0000f010       _our_MD5Final              00410010 f   our_md5.obj
 0001:0000f0d0       _our_MD5End                004100d0 f   our_md5hl.obj
 0001:0000f140       _our_MD5File               00410140 f   our_md5hl.obj
 0001:0000f1f0       _our_MD5Data               004101f0 f   our_md5hl.obj
 0001:0000f230       ?get_public_key@@YAPADXZ   00410230 f   rsa_crypto.obj
 0001:0000f240       ?init_crypto_key@@YAPAXPAEI0I@Z 00410240 f   rsa_crypto.obj
 0001:0000f2e0       ?crypto_encode@@YAHPAXPAEI1I@Z 004102e0 f   rsa_crypto.obj
 0001:0000f370       ?crypto_decode@@YAHPAXPAEI1I@Z 00410370 f   rsa_crypto.obj
 0001:0000f3b0       ?release_crypto_key@@YAXPAX@Z 004103b0 f   rsa_crypto.obj
 0001:0000f3c0       ?hex_digit@@YAHE@Z         004103c0 f   rsa_crypto.obj
 0001:0000f400       ?hex_value@@YADI@Z         00410400 f   rsa_crypto.obj
 0001:0000f420       ?hex2array@@YAHPADHPAEH@Z  00410420 f   rsa_crypto.obj
 0001:0000f4a0       ?array2hex@@YAHPAEHPADH@Z  004104a0 f   rsa_crypto.obj
 0001:0000f500       ?reapOldMembers@RTCPMemberDatabase@@QAEXI@Z 00410500 f   RTCP.obj
 0001:0000f570       ??0RTCPInstance@@IAE@AAVUsageEnvironment@@PAVGroupsock@@IPBEPAVRTPSink@@PBVRTPSource@@I@Z 00410570 f   RTCP.obj
 0001:0000f780       ??_GRTCPMemberDatabase@@UAEPAXI@Z 00410780 f i RTCP.obj
 0001:0000f780       ??_ERTCPMemberDatabase@@UAEPAXI@Z 00410780 f i RTCP.obj
 0001:0000f7e0       ??_ERTCPInstance@@MAEPAXI@Z 004107e0 f i RTCP.obj
 0001:0000f7e0       ??_GRTCPInstance@@MAEPAXI@Z 004107e0 f i RTCP.obj
 0001:0000f800       ??1RTCPInstance@@MAE@XZ    00410800 f   RTCP.obj
 0001:0000f910       ?createNew@RTCPInstance@@SAPAV1@AAVUsageEnvironment@@PAVGroupsock@@IPBEPAVRTPSink@@PBVRTPSource@@I@Z 00410910 f   RTCP.obj
 0001:0000f990       ?lookupByName@RTCPInstance@@SAIAAVUsageEnvironment@@PBDAAPAV1@@Z 00410990 f   RTCP.obj
 0001:0000f9f0       ?isRTCPInstance@RTCPInstance@@EBEIXZ 004109f0 f   RTCP.obj
 0001:0000fa00       ?numMembers@RTCPInstance@@QBEIXZ 00410a00 f   RTCP.obj
 0001:0000fa10       ?setByeHandler@RTCPInstance@@QAEXP6AXPAX@Z0I@Z 00410a10 f   RTCP.obj
 0001:0000fa40       ?setSRHandler@RTCPInstance@@QAEXP6AXPAX@Z0@Z 00410a40 f   RTCP.obj
 0001:0000fa60       ?setRRHandler@RTCPInstance@@QAEXP6AXPAX@Z0@Z 00410a60 f   RTCP.obj
 0001:0000fa80       ?setSpecificRRHandler@RTCPInstance@@QAEXIVPort@@P6AXPAX@Z1@Z 00410a80 f   RTCP.obj
 0001:0000fb40       ?unsetSpecificRRHandler@RTCPInstance@@AAEXIVPort@@@Z 00410b40 f   RTCP.obj
 0001:0000fb90       ?setStreamSocket@RTCPInstance@@QAEXHE@Z 00410b90 f   RTCP.obj
 0001:0000fbc0       ?addStreamSocket@RTCPInstance@@QAEXHE@Z 00410bc0 f   RTCP.obj
 0001:0000fbf0       ?incomingReportHandler@RTCPInstance@@CAXPAV1@H@Z 00410bf0 f   RTCP.obj
 0001:0000fc00       ?incomingReportHandler1@RTCPInstance@@AAEXXZ 00410c00 f   RTCP.obj
 0001:00010050       ?onReceive@RTCPInstance@@AAEXHHI@Z 00411050 f   RTCP.obj
 0001:000100d0       ?sendReport@RTCPInstance@@QAEXXZ 004110d0 f   RTCP.obj
 0001:00010130       ?sendBYE@RTCPInstance@@QAEXXZ 00411130 f   RTCP.obj
 0001:00010150       ?sendBuiltPacket@RTCPInstance@@AAEXXZ 00411150 f   RTCP.obj
 0001:000101a0       ?checkNewSSRC@RTCPInstance@@QAEHXZ 004111a0 f   RTCP.obj
 0001:000101e0       ?removeLastReceivedSSRC@RTCPInstance@@QAEXXZ 004111e0 f   RTCP.obj
 0001:000101f0       ?removeSSRC@RTCPInstance@@QAEXII@Z 004111f0 f   RTCP.obj
 0001:00010250       ?onExpire@RTCPInstance@@CAXPAV1@@Z 00411250 f   RTCP.obj
 0001:00010260       ?addReport@RTCPInstance@@AAEXXZ 00411260 f   RTCP.obj
 0001:00010280       ?addSR@RTCPInstance@@AAEXXZ 00411280 f   RTCP.obj
 0001:00010330       ?addRR@RTCPInstance@@AAEXXZ 00411330 f   RTCP.obj
 0001:00010360       ?enqueueCommonReportPrefix@RTCPInstance@@AAEXEII@Z 00411360 f   RTCP.obj
 0001:000103c0       ?enqueueCommonReportSuffix@RTCPInstance@@AAEXXZ 004113c0 f   RTCP.obj
 0001:00010440       ?enqueueReportBlock@RTCPInstance@@AAEXPAVRTPReceptionStats@@@Z 00411440 f   RTCP.obj
 0001:00010590       ?addSDES@RTCPInstance@@AAEXXZ 00411590 f   RTCP.obj
 0001:00010620       ?addBYE@RTCPInstance@@AAEXXZ 00411620 f   RTCP.obj
 0001:00010660       ?schedule@RTCPInstance@@QAEXN@Z 00411660 f   RTCP.obj
 0001:000106b0       ?reschedule@RTCPInstance@@QAEXN@Z 004116b0 f   RTCP.obj
 0001:000106e0       ?onExpire1@RTCPInstance@@AAEXXZ 004116e0 f   RTCP.obj
 0001:00010760       ??0SDESItem@@QAE@EPBE@Z    00411760 f   RTCP.obj
 0001:000107c0       ?totalSize@SDESItem@@QBEIXZ 004117c0 f   RTCP.obj
 0001:000107d0       _Schedule                  004117d0 f   RTCP.obj
 0001:000107f0       _Reschedule                004117f0 f   RTCP.obj
 0001:00010810       _SendRTCPReport            00411810 f   RTCP.obj
 0001:00010820       _SendBYEPacket             00411820 f   RTCP.obj
 0001:00010830       _TypeOfEvent               00411830 f   RTCP.obj
 0001:00010840       _SentPacketSize            00411840 f   RTCP.obj
 0001:00010850       _PacketType                00411850 f   RTCP.obj
 0001:00010860       _ReceivedPacketSize        00411860 f   RTCP.obj
 0001:00010870       _NewMember                 00411870 f   RTCP.obj
 0001:00010880       _NewSender                 00411880 f   RTCP.obj
 0001:00010890       _AddMember                 00411890 f   RTCP.obj
 0001:000108a0       _AddSender                 004118a0 f   RTCP.obj
 0001:000108b0       _RemoveMember              004118b0 f   RTCP.obj
 0001:000108c0       _RemoveSender              004118c0 f   RTCP.obj
 0001:000108d0       _drand30                   004118d0 f   RTCP.obj
 0001:00010900       _rtcp_interval             00411900 f   rtcp_from_spec.obj
 0001:000109a0       _OnExpire                  004119a0 f   rtcp_from_spec.obj
 0001:00010b20       _OnReceive                 00411b20 f   rtcp_from_spec.obj
 0001:00010d00       ??0RTPInterface@@QAE@PAVMedium@@PAVGroupsock@@@Z 00411d00 f   RTPInterface.obj
 0001:00010d60       ??_ERTPInterface@@UAEPAXI@Z 00411d60 f i RTPInterface.obj
 0001:00010d60       ??_GRTPInterface@@UAEPAXI@Z 00411d60 f i RTPInterface.obj
 0001:00010d80       ??1RTPInterface@@UAE@XZ    00411d80 f   RTPInterface.obj
 0001:00010da0       ?setStreamSocket@RTPInterface@@QAEXHE@Z 00411da0 f   RTPInterface.obj
 0001:00010dc0       ?addStreamSocket@RTPInterface@@QAEXHE@Z 00411dc0 f   RTPInterface.obj
 0001:00010e40       ?removeStreamSocket@RTPInterface@@QAEXHE@Z 00411e40 f   RTPInterface.obj
 0001:00010f90       ?setServerRequestAlternativeByteHandler@RTPInterface@@QAEXP6AXPAXE@Z0@Z 00411f90 f   RTPInterface.obj
 0001:00010ff0       ?sendPacket@RTPInterface@@QAEHPAEI@Z 00411ff0 f   RTPInterface.obj
 0001:00011050       ?startNetworkReading@RTPInterface@@QAEXP6AXPAXH@Z@Z 00412050 f   RTPInterface.obj
 0001:000110b0       ?handleRead@RTPInterface@@QAEIPAEIAAIAAUsockaddr_in@@@Z 004120b0 f   RTPInterface.obj
 0001:000111b0       ?stopNetworkReading@RTPInterface@@QAEXXZ 004121b0 f   RTPInterface.obj
 0001:000112c0       ??0SocketDescriptor@@QAE@AAVUsageEnvironment@@H@Z 004122c0 f   RTPInterface.obj
 0001:00011310       ??_GSocketDescriptor@@UAEPAXI@Z 00412310 f i RTPInterface.obj
 0001:00011310       ??_ESocketDescriptor@@UAEPAXI@Z 00412310 f i RTPInterface.obj
 0001:00011330       ??1SocketDescriptor@@UAE@XZ 00412330 f   RTPInterface.obj
 0001:00011350       ?registerRTPInterface@SocketDescriptor@@QAEXEPAVRTPInterface@@@Z 00412350 f   RTPInterface.obj
 0001:000113a0       ?lookupRTPInterface@SocketDescriptor@@QAEPAVRTPInterface@@E@Z 004123a0 f   RTPInterface.obj
 0001:000113c0       ?deregisterRTPInterface@SocketDescriptor@@QAEXE@Z 004123c0 f   RTPInterface.obj
 0001:00011470       ?tcpReadHandler@SocketDescriptor@@CAXPAV1@H@Z 00412470 f   RTPInterface.obj
 0001:000115e0       ??0tcpStreamRecord@@QAE@HEPAV0@@Z 004125e0 f   RTPInterface.obj
 0001:00011600       ??_EtcpStreamRecord@@UAEPAXI@Z 00412600 f i RTPInterface.obj
 0001:00011600       ??_GtcpStreamRecord@@UAEPAXI@Z 00412600 f i RTPInterface.obj
 0001:00011620       ??1tcpStreamRecord@@UAE@XZ 00412620 f   RTPInterface.obj
 0001:00011640       ?lookupByName@RTPSink@@SAIAAVUsageEnvironment@@PBDAAPAV1@@Z 00412640 f   RTPSink.obj
 0001:000116a0       ?isRTPSink@RTPSink@@EBEIXZ 004126a0 f   RTPSink.obj
 0001:000116b0       ??0RTPSink@@IAE@AAVUsageEnvironment@@PAVGroupsock@@EIPBDI@Z 004126b0 f   RTPSink.obj
 0001:000117b0       ??_GRTPSink@@MAEPAXI@Z     004127b0 f i RTPSink.obj
 0001:000117b0       ??_ERTPSink@@MAEPAXI@Z     004127b0 f i RTPSink.obj
 0001:000117d0       ??1RTPSink@@MAE@XZ         004127d0 f   RTPSink.obj
 0001:00011850       ?convertToRTPTimestamp@RTPSink@@QAEIUtimeval@@@Z 00412850 f   RTPSink.obj
 0001:000118c0       ?presetNextTimestamp@RTPSink@@QAEIXZ 004128c0 f   RTPSink.obj
 0001:000118e0       ?getTotalBitrate@RTPSink@@QAEXAAIAAN@Z 004128e0 f   RTPSink.obj
 0001:00011950       ?sdpMediaType@RTPSink@@UBEPBDXZ 00412950 f   RTPSink.obj
 0001:00011960       ?rtpmapLine@RTPSink@@UBEPADXZ 00412960 f   RTPSink.obj
 0001:00011a20       ?auxSDPLine@RTPSink@@UAEPBDXZ 00412a20 f   RTPSink.obj
 0001:00011a30       ??0RTPTransmissionStatsDB@@AAE@AAVRTPSink@@@Z 00412a30 f   RTPSink.obj
 0001:00011a60       ??_ERTPTransmissionStatsDB@@EAEPAXI@Z 00412a60 f i RTPSink.obj
 0001:00011a60       ??_GRTPTransmissionStatsDB@@EAEPAXI@Z 00412a60 f i RTPSink.obj
 0001:00011a80       ??1RTPTransmissionStatsDB@@EAE@XZ 00412a80 f   RTPSink.obj
 0001:00011ac0       ?noteIncomingRR@RTPTransmissionStatsDB@@QAEXIABUsockaddr_in@@IIIII@Z 00412ac0 f   RTPSink.obj
 0001:00011b60       ?removeRecord@RTPTransmissionStatsDB@@QAEXI@Z 00412b60 f   RTPSink.obj
 0001:00011ba0       ??0Iterator@RTPTransmissionStatsDB@@QAE@AAV1@@Z 00412ba0 f   RTPSink.obj
 0001:00011bd0       ??_GIterator@RTPTransmissionStatsDB@@UAEPAXI@Z 00412bd0 f i RTPSink.obj
 0001:00011bd0       ??_EIterator@RTPTransmissionStatsDB@@UAEPAXI@Z 00412bd0 f i RTPSink.obj
 0001:00011bf0       ??1Iterator@RTPTransmissionStatsDB@@UAE@XZ 00412bf0 f   RTPSink.obj
 0001:00011c10       ?next@Iterator@RTPTransmissionStatsDB@@QAEPAVRTPTransmissionStats@@XZ 00412c10 f   RTPSink.obj
 0001:00011c20       ?lookup@RTPTransmissionStatsDB@@QBEPAVRTPTransmissionStats@@I@Z 00412c20 f   RTPSink.obj
 0001:00011c30       ?add@RTPTransmissionStatsDB@@AAEXIPAVRTPTransmissionStats@@@Z 00412c30 f   RTPSink.obj
 0001:00011c50       ??0RTPTransmissionStats@@AAE@AAVRTPSink@@I@Z 00412c50 f   RTPSink.obj
 0001:00011cb0       ??_GRTPTransmissionStats@@EAEPAXI@Z 00412cb0 f i RTPSink.obj
 0001:00011cb0       ??_ERTPTransmissionStats@@EAEPAXI@Z 00412cb0 f i RTPSink.obj
 0001:00011cd0       ??1RTPTransmissionStats@@EAE@XZ 00412cd0 f   RTPSink.obj
 0001:00011ce0       ?noteIncomingRR@RTPTransmissionStats@@AAEXABUsockaddr_in@@IIIII@Z 00412ce0 f   RTPSink.obj
 0001:00011db0       ?roundTripDelay@RTPTransmissionStats@@QBEIXZ 00412db0 f   RTPSink.obj
 0001:00011e10       ?getTotalOctetCount@RTPTransmissionStats@@QAEXAAI0@Z 00412e10 f   RTPSink.obj
 0001:00011e30       ?getTotalPacketCount@RTPTransmissionStats@@QAEXAAI0@Z 00412e30 f   RTPSink.obj
 0001:00011e50       ?packetsReceivedSinceLastRR@RTPTransmissionStats@@QBEIXZ 00412e50 f   RTPSink.obj
 0001:00011e70       ?packetsLostBetweenRR@RTPTransmissionStats@@QBEHXZ 00412e70 f   RTPSink.obj
 0001:00011e90       ?lookupByName@RTPSource@@SAIAAVUsageEnvironment@@PBDAAPAV1@@Z 00412e90 f   RTPSource.obj
 0001:00011ef0       ?hasBeenSynchronizedUsingRTCP@RTPSource@@UAEIXZ 00412ef0 f   RTPSource.obj
 0001:00011f00       ?isRTPSource@RTPSource@@EBEIXZ 00412f00 f   RTPSource.obj
 0001:00011f10       ??0RTPSource@@IAE@AAVUsageEnvironment@@PAVGroupsock@@EI@Z 00412f10 f   RTPSource.obj
 0001:00011fc0       ??_ERTPSource@@MAEPAXI@Z   00412fc0 f i RTPSource.obj
 0001:00011fc0       ??_GRTPSource@@MAEPAXI@Z   00412fc0 f i RTPSource.obj
 0001:00011fe0       ??1RTPSource@@MAE@XZ       00412fe0 f   RTPSource.obj
 0001:00012050       ?getAttributes@RTPSource@@EBEXXZ 00413050 f   RTPSource.obj
 0001:00012060       ??0RTPReceptionStatsDB@@IAE@XZ 00413060 f   RTPSource.obj
 0001:00012090       ??_GRTPReceptionStatsDB@@MAEPAXI@Z 00413090 f i RTPSource.obj
 0001:00012090       ??_ERTPReceptionStatsDB@@MAEPAXI@Z 00413090 f i RTPSource.obj
 0001:000120b0       ?reset@RTPReceptionStatsDB@@QAEXXZ 004130b0 f   RTPSource.obj
 0001:00012130       ??1RTPReceptionStatsDB@@MAE@XZ 00413130 f   RTPSource.obj
 0001:00012170       ?noteIncomingPacket@RTPReceptionStatsDB@@QAEXIGIIIAAUtimeval@@AAII@Z 00413170 f   RTPSource.obj
 0001:00012230       ?noteIncomingSR@RTPReceptionStatsDB@@QAEXIIII@Z 00413230 f   RTPSource.obj
 0001:000122c0       ?removeRecord@RTPReceptionStatsDB@@QAEXI@Z 004132c0 f   RTPSource.obj
 0001:000122f0       ??0Iterator@RTPReceptionStatsDB@@QAE@AAV1@@Z 004132f0 f   RTPSource.obj
 0001:00012320       ??_EIterator@RTPReceptionStatsDB@@UAEPAXI@Z 00413320 f i RTPSource.obj
 0001:00012320       ??_GIterator@RTPReceptionStatsDB@@UAEPAXI@Z 00413320 f i RTPSource.obj
 0001:00012340       ??1Iterator@RTPReceptionStatsDB@@UAE@XZ 00413340 f   RTPSource.obj
 0001:00012360       ?next@Iterator@RTPReceptionStatsDB@@QAEPAVRTPReceptionStats@@I@Z 00413360 f   RTPSource.obj
 0001:00012390       ?lookup@RTPReceptionStatsDB@@QBEPAVRTPReceptionStats@@I@Z 00413390 f   RTPSource.obj
 0001:000123a0       ?add@RTPReceptionStatsDB@@IAEXIPAVRTPReceptionStats@@@Z 004133a0 f   RTPSource.obj
 0001:000123c0       ??0RTPReceptionStats@@IAE@IG@Z 004133c0 f   RTPSource.obj
 0001:000123f0       ??_ERTPReceptionStats@@MAEPAXI@Z 004133f0 f i RTPSource.obj
 0001:000123f0       ??_GRTPReceptionStats@@MAEPAXI@Z 004133f0 f i RTPSource.obj
 0001:00012410       ??0RTPReceptionStats@@IAE@I@Z 00413410 f   RTPSource.obj
 0001:00012430       ??1RTPReceptionStats@@MAE@XZ 00413430 f   RTPSource.obj
 0001:00012440       ?init@RTPReceptionStats@@AAEXI@Z 00413440 f   RTPSource.obj
 0001:000124a0       ?initSeqNum@RTPReceptionStats@@AAEXG@Z 004134a0 f   RTPSource.obj
 0001:000124c0       ?noteIncomingPacket@RTPReceptionStats@@AAEXGIIIAAUtimeval@@AAII@Z 004134c0 f   RTPSource.obj
 0001:00012750       ?noteIncomingSR@RTPReceptionStats@@AAEXIII@Z 00413750 f   RTPSource.obj
 0001:000127c0       ?totNumKBytesReceived@RTPReceptionStats@@QBENXZ 004137c0 f   RTPSource.obj
 0001:00012800       ?jitter@RTPReceptionStats@@QBEIXZ 00413800 f   RTPSource.obj
 0001:00012810       ?reset@RTPReceptionStats@@AAEXXZ 00413810 f   RTPSource.obj
 0001:00012820       ?seqNumLT@@YAIGG@Z         00413820 f   RTPSource.obj
 0001:00012860       ?eat_white@@YAPADPAD@Z     00413860 f   RTSPCommon.obj
 0001:00012880       ?next_white@@YAPADPAD@Z    00413880 f   RTSPCommon.obj
 0001:000128b0       ?next_line@@YAPADPAD@Z     004138b0 f   RTSPCommon.obj
 0001:000128e0       ?parseRTSPResponseString@@YAIPBDIPADI1I1I1IPAIPAPAE@Z 004138e0 f   RTSPCommon.obj
 0001:00012b40       ?parseRTSPRequestString@@YAIPBDIPADI1I1I1I@Z 00413b40 f   RTSPCommon.obj
 0001:00012e10       ?parseRTSPGetPostString@@YAIPBDIPADI1I1I1I1I@Z 00413e10 f   RTSPCommon.obj
 0001:00013010       ?parseRangeParam@@YAIPBDAAN1@Z 00414010 f   RTSPCommon.obj
 0001:000130f0       ?parseRangeHeader@@YAIPBDAAN1@Z 004140f0 f   RTSPCommon.obj
 0001:00013140       ?parseSpecifiedStringParam@@YAIPBDPAD1I@Z 00414140 f   RTSPCommon.obj
 0001:000131b0       ?parseTransportHeader@@YAXPBDAAW4StreamingMode@@AAPAD2AAEAAG433@Z 004141b0 f   RTSPCommon.obj
 0001:00013470       ?parsePlayNowHeader@@YAIPBD@Z 00414470 f   RTSPCommon.obj
 0001:000134a0       ?parseTokenFromURLSuffix@@YAXPAD00@Z 004144a0 f   RTSPCommon.obj
 0001:00013500       ?HexToDec@@YAHPAD@Z        00414500 f   RTSPCommon.obj
 0001:00013570       ?rtsp_parse_param_line_within_range@@YAPADPADH0@Z 00414570 f   RTSPEncoderSession.obj
 0001:00013610       ?rtsp_get_msg@@YAHPADH0@Z  00414610 f   RTSPEncoderSession.obj
 0001:000136a0       ??0RTSPEncoderSession@RTSPServer@@QAE@AAV1@PAVServerMediaSession@@IUsockaddr_in@@PADG3333I@Z 004146a0 f   RTSPEncoderSession.obj
 0001:00013930       ??_GRTSPEncoderSession@RTSPServer@@UAEPAXI@Z 00414930 f i RTSPEncoderSession.obj
 0001:00013930       ??_ERTSPEncoderSession@RTSPServer@@UAEPAXI@Z 00414930 f i RTSPEncoderSession.obj
 0001:00013950       ??1RTSPEncoderSession@RTSPServer@@UAE@XZ 00414950 f   RTSPEncoderSession.obj
 0001:00013960       ?noteLiveness@RTSPEncoderSession@RTSPServer@@IAEXXZ 00414960 f   RTSPEncoderSession.obj
 0001:000139b0       ?livenessTimeoutTask@RTSPEncoderSession@RTSPServer@@KAXPAV12@@Z 004149b0 f   RTSPEncoderSession.obj
 0001:000139d0       ?handleRequestBytes@RTSPEncoderSession@RTSPServer@@MAEXH@Z 004149d0 f   RTSPEncoderSession.obj
 0001:00014200       ?handleCmd_Badrequest@RTSPEncoderSession@RTSPServer@@IAEXXZ 00415200 f   RTSPEncoderSession.obj
 0001:00014240       ?handleCmd_Unauthorized@RTSPEncoderSession@RTSPServer@@IAEXXZ 00415240 f   RTSPEncoderSession.obj
 0001:00014400       ?handleCmd_SeeOtherServer@RTSPEncoderSession@RTSPServer@@MAEXPBD@Z 00415400 f   RTSPEncoderSession.obj
 0001:00014540       ?handleCmd_DESCRIBE@RTSPEncoderSession@RTSPServer@@MAEXPBD00@Z 00415540 f   RTSPEncoderSession.obj
 0001:00014850       ?handleCmd_SETUP@RTSPEncoderSession@RTSPServer@@MAEXPBD000@Z 00415850 f   RTSPEncoderSession.obj
 0001:00014e10       ?handleCmd_withinSession@RTSPEncoderSession@RTSPServer@@MAEXPBD0000@Z 00415e10 f   RTSPEncoderSession.obj
 0001:00014fd0       ?handleCmd_TEARDOWN@RTSPEncoderSession@RTSPServer@@MAEXPAVServerMediaSubsession@@PBD@Z 00415fd0 f   RTSPEncoderSession.obj
 0001:00015060       ?handleCmd_PLAY@RTSPEncoderSession@RTSPServer@@MAEXPAVServerMediaSubsession@@PBD1@Z 00416060 f   RTSPEncoderSession.obj
 0001:00015770       ?handleCmd_PAUSE@RTSPEncoderSession@RTSPServer@@MAEXPAVServerMediaSubsession@@PBD@Z 00416770 f   RTSPEncoderSession.obj
 0001:00015810       ?handleCmd_GET_PARAMETER_SubDirList@RTSPEncoderSession@RTSPServer@@MAEXPAVServerMediaSubsession@@PBD1@Z 00416810 f   RTSPEncoderSession.obj
 0001:00015ac0       ?handleCmd_GET_PARAMETER_SubFileList@RTSPEncoderSession@RTSPServer@@MAEXPAVServerMediaSubsession@@PBD1@Z 00416ac0 f   RTSPEncoderSession.obj
 0001:00015db0       ?handleCmd_GET_PARAMETER@RTSPEncoderSession@RTSPServer@@MAEXPAVServerMediaSubsession@@PBD1@Z 00416db0 f   RTSPEncoderSession.obj
 0001:00015e70       ?handleCmd_SET_PARAMETER_ResponsePtz@RTSPEncoderSession@RTSPServer@@MAEXPAVServerMediaSubsession@@PBD1@Z 00416e70 f   RTSPEncoderSession.obj
 0001:000164f0       ?handleCmd_SET_PARAMETER_ResponseScene@RTSPEncoderSession@RTSPServer@@MAEXPAVServerMediaSubsession@@PBD1@Z 004174f0 f   RTSPEncoderSession.obj
 0001:000166b0       ?handleCmd_SET_PARAMETER@RTSPEncoderSession@RTSPServer@@MAEXPAVServerMediaSubsession@@PBD1@Z 004176b0 f   RTSPEncoderSession.obj
 0001:000169d0       ?reNoteLiveness@RTSPEncoderSession@RTSPServer@@QAEXXZ 004179d0 f   RTSPEncoderSession.obj
 0001:00016a20       ?heartbeat@RTSPEncoderSession@RTSPServer@@SAXPAX@Z 00417a20 f   RTSPEncoderSession.obj
 0001:00016a90       ?do_heartbeat@RTSPEncoderSession@RTSPServer@@QAEH_N0PAD@Z 00417a90 f   RTSPEncoderSession.obj
 0001:00016cb0       ?deviceAlarm@RTSPEncoderSession@RTSPServer@@IAEXPADH@Z 00417cb0 f   RTSPEncoderSession.obj
 0001:00016ee0       ?register_Platform@RTSPEncoderSession@RTSPServer@@QAEHPAUsockaddr_in@@_N@Z 00417ee0 f   RTSPEncoderSession.obj
 0001:000172f0       ?createNewEncoderSession@RTSPServer@@UAEPAVRTSPEncoderSession@1@PAVServerMediaSession@@IUsockaddr_in@@PADG2222I@Z 004182f0 f   RTSPEncoderSession.obj
 0001:000173b0       ?GetRandom@RTSPEncoderSession@RTSPServer@@IAEPADXZ 004183b0 f   RTSPEncoderSession.obj
 0001:00017400       ?setSessionState@@YAHPADH@Z 00418400 f   RTSPEncoderSession.obj
 0001:00017490       ?getSessionState@@YAHPAD@Z 00418490 f   RTSPEncoderSession.obj
 0001:00017520       ?createNew@RTSPOverHTTPServer@@SAPAV1@AAVUsageEnvironment@@VPort@@1PBD@Z 00418520 f   RTSPOverHTTPServer.obj
 0001:000175b0       ?setUpOurSocket@RTSPOverHTTPServer@@KAHAAVUsageEnvironment@@AAVPort@@@Z 004185b0 f   RTSPOverHTTPServer.obj
 0001:000176a0       ??0RTSPOverHTTPServer@@IAE@AAVUsageEnvironment@@HVPort@@PBD@Z 004186a0 f   RTSPOverHTTPServer.obj
 0001:00017720       ??_ERTSPOverHTTPServer@@MAEPAXI@Z 00418720 f i RTSPOverHTTPServer.obj
 0001:00017720       ??_GRTSPOverHTTPServer@@MAEPAXI@Z 00418720 f i RTSPOverHTTPServer.obj
[...]
 0001:00071b43       ?CatchGuardHandler@@YA?AW4_EXCEPTION_DISPOSITION@@PAUEHExceptionRecord@@PAUCatchGuardRN@@PAX2@Z 00472b43 f   LIBC:trnsctrl.obj
 0001:00071c1c       ?TranslatorGuardHandler@@YA?AW4_EXCEPTION_DISPOSITION@@PAUEHExceptionRecord@@PAUTranslatorGuardRN@@PAX2@Z 00472c1c f   LIBC:trnsctrl.obj

FIXUPS: 72a74 4d 24 4b 2f 103 17 3c 48 fffffd03 fffffff3 c7f 17 13 fffffe73
FIXUPS: 73519 10 b fffffc88 ffffff7f 5 a fffffe1d 9 e 25 9 e ffffff89 7
FIXUPS: 72f53 ffffff57 19 12 58 e ffffff23 11 b ffffffd5 ffffffd5 1d fffffedf
FIXUPS: 74138 1c 24 fffff935 21 2b 12 fffffeb8 1e 26 23 fffffee3 b ffffff10
FIXUPS: 73847 f 3c 13 11 fffffeed d 11 2f 25 fffffef0 8 8 19 ffffff8a 17
FIXUPS: 736e2 ffffff84 691 26 d 16 30 17 7 41 17 1a 35 23 26 28 1a d 1e
FIXUPS: 73f0f 6a 12 13 1e 24 11 17 18 c 29 1e 26 18 5c 44d 1c fffffe53
FIXUPS: 7440a 37 1f 45 2a fffffebb 11 9 ffffffcb ffffff5a 1d fffffeb0 f
FIXUPS: 741b6 11 f f 73 11 fffff90e 53 3c e 20 21 17 22 34 22 edd 30 ffffff86
FIXUPS: 74961 22 16 1a 15 8 ffffff4e a ffffff5a 13 fffffed3 9 18 3c 32
FIXUPS: 7482b 1b fffffe8e 32 19 fffffeaf 13 14 25 32 fffffec4 a d 18 8e6
FIXUPS: 74e34 f 24 2a 6 15 6 3a 6 15 6 26 6 16 6 16 6 16 6 2b 90 165 14c
FIXUPS: 7538f 68 5c 4f 1a8 16 1e0 fffff374 e55 5 5 1c c 11 e e 9 1c 9 fffff1d7
FIXUPS: 74c76 17 1c 6 f 6 3a 9 1b 1d 6 e 6 3c c 2c c 1f d 11 17a4 43 24
FIXUPS: 75e26 1d ffffffa9 b fffffd52 15 27 1e d 1c 6 b 3e 9 3b 4d 27 12
FIXUPS: 75d02 c 36 c 34 44 fffffcfc ffffff15 c a 10 7d8 1b e 45 1f 17 11
FIXUPS: 762ad e 7d 2c 14 4a 7 93 12 1c 1e 12 16 30 12 15 9 a e e 18 c e
FIXUPS: 76594 7 a1d 11 60 32 37 fffff728 b 29 38 1b fffffead 10 56 ffffff1b
FIXUPS: 76691 fffff7cf 23 58 2f 4b b 1e 32 49 42 1f 28 a 2a 1e 51 3a 105a
FIXUPS: 7723b 11c fffffd86 48 50 22 fffff7cc 40 9d 19 68 8a d 2e 25 74
FIXUPS: 76c9f be 3b 18 c 15 8 8f 12 98 16 1c 27 17 1e e5c 45 12 24 23 2e
FIXUPS: 77ede 13 19 b fffffbcb ffffff96 fffffe1b 107 fffffcff 16 8a 15
FIXUPS: 7775f 1a 14 d 11 12 16 19 fffffc1e 158 2b fffffe02 19 fffffe03
FIXUPS: 78f5f 44f 157 b2 51 4f b6 80 ffffe8b9 8b 56 e 24 1b 32 14 d fffff927
FIXUPS: 77b09 ae 1b 3d 13 26 41 a4 1d 20 16 2d 9 1f 29f2 b b b b b b b
FIXUPS: 7a81f fffff641 d d c 19 11 ffffff1b 25 ffffffaf ffffff6c 17 9 c
FIXUPS: 79d55 12 ffffff38 ffffff91 ffffe6cb 15 2a 385 106 f 1ee5 8 8 8
FIXUPS: 7a6d8 8 8 8 8 8 8 8 8 8 b 8 8 8 8 8 8 8 8 8 8 8 8 8 8 8 e b fffffca8
FIXUPS: 7a475 11 14 11 11 11 14 11 11 11 14 11 11 11 14 11 11 11 17 14
FIXUPS: 7a5e1 14 17 14 14 14 17 14 17 1f 8 1f3 31 d d 50 b b 19 25 7 25
FIXUPS: 7a2cb 13 b 6 15 b 1f b 48 11 11 11 14 11 e 11 14 11 11 11 14 653
FIXUPS: 7aae3 b 35 10 10 10 13 a e 10 10 13 10 10 10 13 10 10 59 8 8 8
FIXUPS: 7ac8d 8 8 fffffbb1 10 10 d 13 b ca5 36 3b 41 c 61 11 34 50 18 d
FIXUPS: 7b833 fffff4ac 16 b d 9 a8 31 70 18 11 8 10 8 21 b fffffb6f 13
FIXUPS: 7aa61 6 34 11d2 fffffdb7 16 ffffffa1 fffff62d 41 24 29 7 f 7 18
FIXUPS: 7b165 41 30 18 36 3f 3a 46 3f 1f 1a 64 2a 30 e 3a 27 33 41 34 d60
FIXUPS: 7c336 1f 4f 17 2b 6f 33 27 c 19 2b 11 29 17 49 3d 1e 23 17 60 2a
FIXUPS: 7c6fe e a 38 39 16 14 8 fffff52d fffffea2 ecb 2e 2b 42 ba 4f 2f
FIXUPS: 7cc3b fffffbdc 5d fffff4e2 25 8 b 12 53 f8 e a8 32 2c 23 1f 2c
FIXUPS: 7c0a4 2d 17 2f f0 1a 30 15 11ce 10 17 fffffed7 19 14 14 12 f e
FIXUPS: 7d3ab 17 fffffde6 ffffffb3 f ffffffb3 a fffffe50 c2 32 fffffe7f
FIXUPS: 7cf28 ffffff12 66 fffffa05 2f 11a 15 6 7 17 e 14ed a c e 17 10
FIXUPS: 7df91 54 16 47 53 c 22 c 21 c fffff995 14 14 17 20 11 fffffd58
FIXUPS: 7d795 6 2b ffffff01 23 44 13 fffffcaf 35 157a 1d 25 fffffb03 181
FIXUPS: 7e6be 23 3e 29 16 11 e fffffb31 30 bd 2b 1c eb fffffdcc fffffef4
FIXUPS: 7e1a9 ffffffbe 9 fffffb76 17 5c f 151 12 16 c 1d 1292 28 2b 2e
FIXUPS: 7f24b 2b 40 3d fffffb7f 86 1b 34 3d 10 54 fffffe00 10 fffffe1a
FIXUPS: 7ec22 5c 6a fffffd4c 22 f 1c f 15 11 e 1e 23 fffffcf3 12a2 14 18
FIXUPS: 7fade 96 6 a 6 1b 4b fffffa96 10c 3a 31 5 151 24 28 ba fffffbc2
FIXUPS: 7f637 f 15 fffffdd4 7c b4 fffffe06 fffffd67 2b 28 28 2b 14fd fffffe18
FIXUPS: 804bf 18 28 b 1f 2f 11 6 38 fffffe4e 63 fffffda1 1d 4e 19 46 1d
FIXUPS: 80306 9 d 9 fffffa30 71 61 ec 4a 78 76 aa e 1024 d ffffff81 fffffdbc
FIXUPS: 80e9c 1c 1b 1b 21 1c 1f 28 28 8 11 24 25 6c 10 12 fffffba9 17 10f
FIXUPS: 80dc8 fffffbd0 47 41 10c fffffd35 24 ffffff98 ffffff6b fff9e909
FIXUPS: 1f09e 3f f 42 c2 fffff169 e e 2c 7 5 41 18b 1e6 593 14 1c d8 c1
FIXUPS: 1ef03 e e 39 e e 62341 30 71 e 1e fffffd9e fff9f8e0 77 21 3d a
FIXUPS: 20aeb 236 d1 82 5a 5b a a a 28 a 6 13 6 6 22 23 17 26 a0 ffffdee7
FIXUPS: 1efba 13 13 68 25 11 82e 199 11a 35 1db 2a 16 15 8 1c 62 9 9 14
FIXUPS: 1fecf 43 13 8 47 8 6f 1e 10f 93 16 16 363 76 144 15e 94 29 ffffeb82
FIXUPS: 1f4aa 6 19 1b c c 6 27 3e 11 16 d 36 13 1a 1a 2a 21 11 5e 10 9
FIXUPS: 1f70a 16 a 1d 36 c 6 56 26 c2ba 12 12 12 15 12 12 12 15 ffff55bc
FIXUPS: 2112a 13 18 63 9c 4b 1e 17 32 3e 9a 15f ffffdcfa 13 13 13 68 144
FIXUPS: 1f437 6 22 13 1a792 cb 19 d5 19 a1 91eb 11 1d 13f 12 c 13 33 14
FIXUPS: 432e2 fffe8fbc 9d a0 19 325 18 96 1c fffff24c 12 12 12 15 12 12
FIXUPS: 2bab0 201ed 3d1 82a 20 22 2f2 31b ffffbdee a5 c2 ffffe337 70 1f
FIXUPS: 47214 117 f b2 24 28a 119 2c 21a 71 11d 2c 248 ffffb6ea 3817 34d
FIXUPS: 39a87 6 c3 11350 24 18 3d 13 24 13 12d f 16 b2 739 17 27 1d b b
FIXUPS: 4b92e 2e 24 18 1f 36 13 15 f7 f b9 f 21 19 f 144b 954 508 77a 485
FIXUPS: 4eb0d 1c 1e 4e e 20 46c ffffb4e8 5e 5c 20 18 3f 27 1d f 1e 24 2b
FIXUPS: 4a756 5e 6 5ad 1b a9 20 18 96d5 33 27 36 2a bcf 3a 298 2b 57 3d
FIXUPS: 55596 44 40 34 32 32 2b 2f 27 2a 6db 41 37 ffff707f 39 14 27 15
FIXUPS: 4cfc3 79 1e 6dd6 4d 12 7e 13 129 29 2f 2a 2d 27 30 2a 2d 27 30
FIXUPS: 54227 2d 27 30 2a 68 27 36 2a 33 27 36 2a 33 27 36 ffffe04a 484
FIXUPS: 52a2d 4d 31 26e 67 11 f 27 ad 24 d 60 d 5f d 378 42 9a 22 f3 47e
FIXUPS: 53a0e a9 9b 48 102 58 9b 2a 4d ffffd635 40 3e 3e 3e 3e 3e 42f 45
FIXUPS: 51a65 30 2c 36 3bb 2e 2b 27 40 3a 2e 1d1 1d0 25 2a 28 27 25 2a
FIXUPS: 52490 38 30 30 ffffe30d 3d b3 21 97 a1 1e 10 15e 14 c3 34 ce b9
FIXUPS: 50f45 9b 3d 1d 20 1d 2f 45 2c 1f 48 20 3c 38 5f 38 58 100 ffffe7bf
FIXUPS: 4fbe3 26 81 1d 19 5b 39 49 26 1f 58 35 32 75 32 14 1ac 1c 92 6
FIXUPS: 50254 19c 27 43 159 30 11 14 61 41 20 ffffee6d 25 25 25 25 2e 61
FIXUPS: 4f6ac 42 14 1a 1a 1a 1a 9 2a c c 1a 1a 1a 1a 1a 1d 9 6 bb 13e 4d
FIXUPS: 4fadb 8b 3a 992f 6a 13 13 1b6 54 3a 51 32 1e9 101 40 bb 67 18 7a
FIXUPS: 4f222 2c 11 ab 9 71 3a 1a 1a 1a 1a 1a 6a c c 56 8e2c d d0 d e 65
FIXUPS: 584be 109 1c 19 3d9 65 56 7 3c 49 29 31 6d 40 16b e5 43 ac 2f 244
FIXUPS: 591ee 3d 75 16 23 1b7 ffffdff0 79 2c 27 e 65 2c 50 1a 14 3c e 41
FIXUPS: 57725 1e 26 47 42 170 5c 2c a9 35 12 2f 12 5c 327 26 26 328 e2
FIXUPS: 56bea 14 14 17 14 14 1e 14 12 c f c 16 15 68 c 19 25 1d 9 fb 30
FIXUPS: 56fdd e9 33 80 38 97 7d 7e 47 a5 fffff49c 1d 14 17 14 14 17 17
FIXUPS: 5697d 17 14 14 c 12 f f c 15 15 43 c 6 34 56 1e 2e 12 f 17 1a 17
FIXUPS: 56bd6 fffff4d4 145 2c 89 12 3c 26 36 d8 1f 19 19 1f 22 22 1f 1f
FIXUPS: 56537 1f 47 45 38 44 3b 75 87 36 7c 1e 2e 12 f 914d 18 7c 18 c7
FIXUPS: 5fb8c 27 d 2c 18 d 2de 24 1b d4 75 18 7c 18 ffff9fe7 ac fffffeca
FIXUPS: 5a0a2 3f fffffdd6 a 36 a 15b b ffffbf44 a0 9296 18 1d 2e 27 1a
FIXUPS: 5f3ab 27 1d 34 24 18 d 2c 20 1b 1a a 1a 34 1d 16 15 100 228 f e
FIXUPS: 5f8e1 e b 78 19 fffff1ed d b 1f 17 21 9 10 7 c 1c 9 10 7 28 1d
FIXUPS: 5ecae 8 10 8 b 1c 432 24 18 2b 24 18 26 13 1a a4 fffff5cd 18 13
FIXUPS: 5e8db 26 24 1a 29 27 1d 2b 24 18 19 c b a 1a c 1a 8 1a e 1a c 1a
FIXUPS: 5eb1c 1a 19 a a 8 fffff8d2 12 12 15 12 a1 24 18 28 24 18 24 26
FIXUPS: 5e637 18 26 24 1a 29 27 1d b 1c 30 21 13 28 30 21 13 f 24 fffff949
FIXUPS: 5e1e4 12 12 12 12 12 12 12 12 12 12 12 12 12 12 12 12 12 15 12
FIXUPS: 5e352 19 30 12 12 12 12 12 12 12 12 fffff0fd e a f a b a b a b
FIXUPS: 5d598 4a a f a b a b a b a e 55 4b 4b 4b 4b 4b d3 56 54 803 ffffecfe
FIXUPS: 5cf13 53 8 53 49 13 a3 13 b7 31 6b 12 53 10 53 172 a 10 1b a 13
FIXUPS: 5d4bc b a b a b a e a b fffff5a0 a 13 34 a 10 8 a 1e a 10 68 a
FIXUPS: 5cbf7 28 8 c 27 b 52 b 46 b 46 a 4f 10 10 d 47 a 61 fffff2ba a
FIXUPS: 5c168 51 a 21 87 a 13 1b b 20 365 b 20 199 4c d d 8 a 13 b 59 d
FIXUPS: 5c909 10 3f 51 60 5b 13 fffff381 1c 8 54 a 13 8 a 121 a 10 16 a
FIXUPS: 5c00d a d a a b a 13 a d a a 15 1b a 10 14 a 11 fffff840 d1 a 17
FIXUPS: 5bad6 b 46 a 4f d 2e 2b a 13 8 a 13 19 c 2d 8 52 8 46 8 46 8 46
FIXUPS: 5bdc8 e a e fffff79a a 11 a 17 49 a 13 8 a 17 8 a 4d a 4f a 51
FIXUPS: 5b770 10 a 4a b 54 10 d 19 a 14 16 8e a fffff5ad 64 4c a 8 b 46
FIXUPS: 5afff 12 1c9 13 37 1d 12 20 25 3e 67 84 19 10 ca a 13 8 a 10 51
FIXUPS: 5b54e 1a 8 a fffff309 12 17 a f 2b 9 d 8 a 21 9 d 167 53 4c a d
FIXUPS: 5abc1 20 4c a f a 10 d1 a 1b 87 a 1b d0 5723 150 23 12 5f 205 7d
FIXUPS: 5a3aa 19 a 1fe c d 16 9 12 15 a 16 15 a 10 a 54 a 55 8 a 11 9b
FIXUPS: 5a7fe 7b d003 160 4e9 7 560 96 42 44 41 1a3 ffffab5b 635 109 362
FIXUPS: 63f5f 1e8 c54 c4 42 114 28 4d 28 ffffdb50 89 48 2d b0 38 2ae ffffd4db
FIXUPS: 60593 93dc 47 47 47 43 1b 5a ffffc06e 61 48 4a 47 136 11a 996 458
FIXUPS: 66d38 f5 2c b2 88 35 2c 32 90 81 15c ff 50 28d 2a 94 5447 2f 4a
FIXUPS: 6cc30 46 48 82 3a 142 d ffffb993 d7 2a 21 1a 1f9 8ec 16 26 1e dc
FIXUPS: 695e4 73 6a 47 47 47 50 4d 5c 46 53 af4 500 193 39 a7 478 2f 283
FIXUPS: 6b2ca 1d7 2da 134 c 173 1ee 133 1e 1b9 14e d d b 2d d d b eb 6b
FIXUPS: 6c977 105 72 3c 266c ac 16b b1 7e 17b 1ac 165 238 185 b7 50 111
FIXUPS: 701a4 48 5c 3e ffff99a1 13b 24d 8e 51 3c 49 32 4d 46 40 45 74 37
FIXUPS: 6a40f 2be4 55 41 331 ce 27 20 e2 12 47 b5 128 39a 1a0 265 87 1a5
FIXUPS: 6e2e7 3a 32 f3 17 54 28 69 2e8 1a9 136 c3 323 b6 7d fff921f6 42
FIXUPS: 127f 52 c a 6f3e0 18 66 5e 41 25 27 21 58c 13e 1e 270 30e 242 e0
FIXUPS: 7198b 11 17d 32d 238 1cf b2 1d4 23e 1ae ffffa702 fff9477a 1c d0
FIXUPS: 1852 1e 33 6d 6 38 31 5b 2c fffff993 1b d 16 ffffff32 2b d 16 fffffcc5
FIXUPS: 1054 80341 c fff7fd25 2e d 42 12 8025f a fff7fe3b fc8 1f 44 55
FIXUPS: 22d7 5b fffff0c2 60 d 53 22 12 7feec a fff80131 16 18 23 15 26
FIXUPS: 15c4 30 d 10 78 1f 7fd4d c fff802e8 1f 7fd0d c fff80969 14 9 1a
FIXUPS: 1dcf 14 18 16 11 15 11 1c 36 9 1a e 14 16 11 15 11 1c 2e 14 7f4cd
FIXUPS: 81461 fff80c30 2a 86 1f 21 1f 7f364 a fff81343 13 d 50 1f 21 1f
FIXUPS: 2941 1f fffff14c 1a 7f96f c fff806b3 30 d 16 1d 21 1d 6f 8e 9 22
FIXUPS: 1d25 1b 17 11 10 a 7f72d a fff81008 10 9 1e 33 10 7ef8a c fff8109f
FIXUPS: 2584 d 10 1b 98 d 37 1c d 59 7edcd a fff81249 b 12 2f 20 3a 11
FIXUPS: 2809 17 7ed05 c fff814e2 22 7eb0f a fff81516 d 3f 12 7eaa2 a fff8157c
FIXUPS: 2af4 2a 26 6a 3b 5c fffff73b 10 19 17 7f0b4 b 9 c fff80f60 d 50
FIXUPS: 2460 7f044 fff81c5d 1f 21 1f fffffb13 13 11 7 5 7e8e1 a fff81736
FIXUPS: 2cd1 16 25 1f 7e87a c fff817a0 2b 27 20 25 2b e 1f 21 1f 21 1f
FIXUPS: 2999 29 c9a 12 f f 35 1f 2d 1d 27 2d e 20 11 14 1f 21 1f 2b 26
FIXUPS: 2f03 1f 7e6a2 a fff81976 d 16 2d 8f 54 34 16 1f 201 20 30 63 d
FIXUPS: 33ff 1c 7e1c9 a fff81e56 d 45 e 7e160 a fff81eb9 15 c e d 2b 16
FIXUPS: 3559 12 2d 32 a 1e f 13 2e f 373 11 12 c 20 14 1d 16 32 3e 19 c
FIXUPS: 3af5 2e 13 c 6 1b 1b 9 b 24 12 10 20 10 21 d 23 d 2a 16 1055 11
FIXUPS: 4d24 c 1b 14 1f 27 de 8f 18 10 1c 14 19 16 e c ffffed0d 134 34
FIXUPS: 3e83 fffffa41 10 d 27 3c 19 1b 1f d 7 7dd15 b b b c fff830de a4
FIXUPS: 4889 2c 46 b3 3c 5c 36 6 17 23 59 c 2f 6 6 a 6 9 9f d 16 3f 32
FIXUPS: 4cd6 d fffff5e4 5b 6 29 7d333 a fff82da8 1e 13 29 2a 1f 25 13 29
FIXUPS: 457d 14 2a 6e 13 d f 2e a 36 25 39 25 a 7cf51 9 a fff8458d 10 12
FIXUPS: 817a4 a fff844f0 a3 57 1a 22 ffffe10d 22 48 42 10f 33 7d556 c fff82af3
FIXUPS: 4161 11 7d4d2 a fff82b56 d 3f b 20 7d449 a fff82c43 c 7d491 fff83bce
FIXUPS: 5326 24 56 21 19 22 3e 1f 3e 18 1f 1f 70 1b 356 a a a 34 19c 35
FIXUPS: 81765 c fff843da 65 12 7bbc2 a fff84466 d 111b 2d 1e 1d 48 23 32
FIXUPS: 6e4d b 24 20 20 23 ffffe12d 3f 7c6ba c fff83985 fa 4d 18 21 7c50e
FIXUPS: 8172e fff83b16 d 43 10 13 13 12 7c468 fff84ee4 13 13 e 15 17 12
FIXUPS: 66b4 12 1a 12 15 3d 15 3e e b f7 1a 99 17 18 23 26 19 19 18 19
FIXUPS: 6a4e 1b 210 47 239 1b d 3f 12 7a852 a fff857fa ffffeebf 23 d6 2d
FIXUPS: 5fc3 f 6 4b a b 3a 24 26 6 10 6 50 84 1f0 5a 95 15c 1c 12 249c
FIXUPS: 8ad6 43 18 24 11 ffffe942 20 28 21 69 f 18 56 30 7a1c0 a fff85e76
FIXUPS: 767f 25 e 7a155 8 a fff85ec2 50 fffff8ae 2b d 16 36 6f 156b 1d
FIXUPS: 867c 792f8 a fff86d2d 35 20 18 1d 69 19 39 14 29 23 1b 24 30 1b
FIXUPS: 88fa 2e 8e 2e d 2e 1d 18 78f41 b c fff870de fffff58f 7991b 8 a
FIXUPS: 8083 2c 798a6 c fff86800 1b 3c 16 9 18 17 41 a6 39 22 f 9 24 11
FIXUPS: 839e 17 3b 59 71 13 aa 54 24 fffff6f9 18 11 1b 3c 17 3b 79b1a b
FIXUPS: 818ea a fff8652e 18 17 23 1c d f 79a58 b b a fff865eb 19 10 24
FIXUPS: 7f6b 12 30 1e 2f e fffffa5e b 15 b 15 37 14 8 8 8 f 1e e 12 18
FIXUPS: 7b7c 17 32 48 79c97 8 b b a fff86378 d 3a 14 8 8 8 19 1ca9 f ffffdde1
FIXUPS: 7775 12 7a09d a fff85f86 d 39 12 7a038 a fff85fe9 41 23 1c 8c 24
FIXUPS: 7975 79eef b a fff8612b d 13 50 79e73 a fff861a0 15 b 1ac1 30 14
FIXUPS: 9599 17 12 19 49 2b 1c 33 12 20 56 d 10 27 9 c 17 20 30 8 15 18
FIXUPS: 9825 60 4f e 12 5c 1b fffff72f 16 49 16 12 2f 33 13 2a 25 24 c
FIXUPS: 9235 20 1f 20 1d 34 15 29 1e 29 33 1d 32 13 2b 3c 31 33 b 1a fffff759
FIXUPS: 8c52 15 12 9 2b 1a 9 49 30 1d 16 17 18 1f 37 a 15 12 9 1e 1d 9
FIXUPS: 8ea7 33 37 64 41 1a 20 45 27 fd6 39 f 1a 6 22 10 5d 7b 22 d 3c
FIXUPS: a254 3f 48 68 44 14 6f 13 51 a fffff53c d 33 d 27 fffff17e 16 17
FIXUPS: 8beb 1f 2659 f 11 c 8 fffff34e 6 e 1b d 25 9 fffffe87 10 24 13
FIXUPS: a540 31 f 11 15 c 7 fffff61d 54 16c 31 13 f 1bb 36 3c d4f 42 e
FIXUPS: ade9 a d 34 a d 18 41 16 13 c 4f 1e 10 4f 10 13 29 1f 21 1f 71
FIXUPS: b0e0 32 e 6 8d 51 50 fffff52b 1c 1f 1c 2f a 43 a 1e a 32 75 1a
FIXUPS: a99a 2d a 13 8d 2d 58 f 26 45 45 12 28 42 12 26 1e 30 82 5db d
FIXUPS: b35d a 44 a 1c b3 1b 76516 c fff89b53 d 3c 13 1b 7644a c fff89c0a
FIXUPS: b60f 1f 37 18 27 d fffff005 19 1e 1c 1c 22 1c 19fe fffffa08 1b
FIXUPS: bb91 16 c6 fffffa7c 1b d 3b f 76299 a fff89d9f bf 91 d 1b 38 2c
FIXUPS: b98b 45 29 17 3d 20 a 80 fffff7da a 10 a eff d 42 12 757bf a fff8a86e
FIXUPS: c2bf 75776 c fff8a91e 1b 6d 2a 3b 15 32 1a c 6 c fffff875 22 14
FIXUPS: bda0 15 7b 13 13 25 20d 8e 11ad 12 8 27 66 15 b8 5f 2b 7 11 7 2f
FIXUPS: d526 18 6c 3d df 2d 7 11 7 177 63 44 7 1d 7 50 c 80 ffffe78d a60
FIXUPS: cc9e 46 2b 7 11 7 6f c 12 2b 4f 3e 8f 56 22 1f 25 29 31 3f 28 18
FIXUPS: d0c0 d9 75 44 7 11 7 30 16 fffff4a4 55 44 d 16 11 28 10 4c 18 16
FIXUPS: c8f0 16 16 16 75184 fff8aed3 20 3e 12 9 6d 38 3d 2b 7 11 7 2c c
FIXUPS: cb78 6c 1020 48 d7 34 f6 72 7 f 69 14 ffffe5aa 26 75533 c fff8ab39
FIXUPS: c5d6 19 75485 9 c fff8ab9b d 42 c 12 75403 a fff8ac1d 38 16 16
FIXUPS: c72b 21c6 7c 7 27 15 77 18 fffff53b 1a d 16 d 29 fffffa87 d 99
FIXUPS: db31 b 12 73f76 b e a fff8c08d d 4f 8 f 73f0d b e a fff8c765 13
FIXUPS: e2b0 16 24 34 2c 34 4c d 13 19 17 1e 33 16 12 28 1b 2c 11 2f 48
FIXUPS: e5be 2c eb 28 55 fa e 6d 16 50b 1f 72d9e c fff8d2c3 75 28 25 1e
FIXUPS: ef61 fb 28 d 45 ffffef92 6 a 1c 73a91 c fff8c5cd 39 73a0d a fff8c606
FIXUPS: e161 48 6 12 739a3 a fff8c687 121f d 154 11 fffff4e0 e d 1f 58
FIXUPS: eb1d f 1b 13 4e 48 1a 15 1d 1c 38 1a 23 72eb8 b c fff8d178 d 27
FIXUPS: ed6d f 1b 31 1454 fffff405 1f 67 97e 28 d d fffff0ad d 23 20 d
FIXUPS: f187 f 1e d 6b 28 d 5d 2d 728d9 a fff8d746 d 1d 7 14 e 5a 35 ea1
FIXUPS: 102a9 16 9 6 1b 19 16 b 13 8 10 9 26 f 13 17 a8 f 68 e fffffbfc
FIXUPS: 100fc 51 12 24 19 12 f 24 18 14 12ed c 3c 39 20 14 26 7 a 2e 18
FIXUPS: 11642 18 1f f 47 50 27 7 49 4d 20 16 10 53 3d 1b ffffe972 e e 15
FIXUPS: 1028c f5e 3c 13 1c 13 c 26 c 15 1b 9 12 9 f f 7 28 7 58 d 3c 13
FIXUPS: 1140e 9 11 7086c a fff8f7b7 75 9 7 9 fffff79a 2c 5e 58 1d 3f 18
FIXUPS: 10ded 2c 65 28 16 16 18 1a 2a 5f 12 13 4c 2f 47 25 2c 23 7 7 2c
FIXUPS: 11134 7 7 25 fffff75d c f f 71336 b 8 a fff8eceb 3d 712ec c fff8ed4c
FIXUPS: 10ab8 9 1b 1a 2a 71155 c fff8eedc 15 6 1f 11 c 13 11 c 11 45 19
FIXUPS: 11ce5 ffffe82b 4f 37 14 33 9e 5 13 1e 25 2b 21 25 c 71491 b 9 b
FIXUPS: 81c0f fff8eb90 1c 29 d 44 11 14 e a c 22 1e 10c9 2a 31 1c 19 10
FIXUPS: 11a5c 20 6 4b 12 27 23 e 11 e f 2a e 11 e f 11 12 15 12 28 12 d
FIXUPS: 11c6b 11 58 33e 16 61 f 7e 34 9c 23 1b 18 29 1b 54 20 20 d dc 2b
FIXUPS: 1244a 1f 2d 1b 1b 3b 15 18 1f 12 3e 21 40 d 55a 41 28 d b4 1f d
FIXUPS: 12d15 e2 ffffef42 18 13 d 36 11 49 20 6fe94 c fff901b6 36 13 2e
FIXUPS: 11f10 18 10 6fd9d c fff90286 13 35 18 6fd41 c fff90aa0 d 52 10
FIXUPS: 12832 6f4f2 b a fff90b47 4e 21 8e 14 f 3a 22 6 13 28 27 d 1c 14
FIXUPS: 12ae0 d 1b 1b 25 6f1fd c b0 fff914ca 31 28 d 9e c 19 d 1e 72 45
FIXUPS: 13507 40 ce 8f 24 21 22 62 3a 5d ffffee59 77 14 4d 13 14 13 19
FIXUPS: 81cf4 b fff912d2 53 f 6ed61 b a fff912bd 1a 14 d 34 13 b b 15 6eca1
FIXUPS: 81dbe fff9137f 14 43 11 1c 1b 30 6ebc9 c fff9146f d 17 1b 16 6eb50
FIXUPS: 140b0 26 6dd3e a fff922e5 32 23 b7 16 e cc 13 9 1a 2c 35 4b 2e
FIXUPS: 1444d 12 24 ffffea2a 86 16 28 13 17 6edc9 b 9 c fff91240 6eebd
FIXUPS: 183d4 ffffb520 f 14 6 8 36 8 3e 1d 26 26 22 22 11 6 8 23 6 6 11
FIXUPS: 13ab3 8 4c 481 23 20 20 4a 19 2e 3f4b c 37 18 19 27 1f 2a 15 15
FIXUPS: 180ea 15 15 15 15 15 15 23 36 18 18 1f 18 23 26 d 31 1a a 3c 68
FIXUPS: 81e75 fff95c6f 37 19 21 28 1f 18 31 2e 1a 20 20 1a a 74 69 a 3e
FIXUPS: 17dce 2b 22 29 21 1e 22 14 6 5d e 22 1f 1f fffff30a 49 49 49 49
FIXUPS: 17401 49 49 49 4c 14d 5 1c 48 50 e 5 1c 52 50 69 69 50 4f 9 9 3d
FIXUPS: 17a0b 1d d 25 b fffff15f 19 41 f 22 26 1a 37 12 3d 50 15 15 6 48
FIXUPS: 16e03 41 6e 1d 15 44 49 49 49 49 49 49 49 49 49 49 49 fffff3b9
FIXUPS: 16666 19 1c 9d a a a 29 51 1c e a9 15 12 f 3b 19 42 11 18 3b 12
FIXUPS: 16a22 50 15 15 6 b1 15 12 f fffff21d 1f 16 6 a 6c069 a fff94177
FIXUPS: 15ff1 60 26 16 74 5a 19 42 d 16 65 1c 24 38 10 34 18 ee 2b 10 21
FIXUPS: 16585 34 45 fffff344 3a c7 3f e 30 d 36 d a 59 6 20 a 6 3b 12 1f
FIXUPS: 15c4e c d 1f 2d c 12 1f 28 1f 30 c 13 13 fffff6f9 9 b 10 21 15
FIXUPS: 1552c 6a a2 73 37 14 30 c b 2b 4d 1f f 1c a 1c 9 a 44 18 10 16
FIXUPS: 158d4 13 12 15 fffff3f6 2f 16 6 55 68 e 56 12 43 2cf c 41 49 7
FIXUPS: 152a4 1a 36 22 32 11 1b 14 b f 2b 6 c 4d 1a 2e 14 362c 7 39 74
FIXUPS: 1457f 20 1c d 55 17 13 d 9b 1d5 e 40 6d522 a fff92af6 d 16 63 23
FIXUPS: 14a85 24 97 56 bd a f 1e 55 39e5 22 697ee a fff96846 d 3f 12 69772
FIXUPS: 81efe fff968a7 3e 3b f a 10 a 1c 696a8 c fff96993 30 d 35 f 3d
FIXUPS: 189a1 93 13 a 2e 19 5c3 30 b3 3b 11 a 5c f ca 11 a 45 11 a 208
FIXUPS: 19574 28 ffffefa6 11 26 6991c c fff9672d 1c 15 f 22 18 b 26 6983b
FIXUPS: 81ebe fff9ad96 d 55 19 25 d 1d 31 40 7b 80 ffffbd29 118 18 14 f
FIXUPS: 18d19 12 6 2a 18 f 1b 6 138 30 30 30 30 30 30 30 3603 1c 6c de
FIXUPS: 1c7a5 3e c a a a a 2b 13 1c 64 29 8 1f 14 4a 4a 4a 4a 47 52 6 65
FIXUPS: 1cb9f 45 65451 c fff9abee 653e5 a fff99f0a 1c 3a 2e 3c 26 21 32
FIXUPS: 1c06e 34 15 e9 28 d 21 12f 3a 47 6 74 19 28 83 a a a 86 1c 20 1c
FIXUPS: 1b8ed 6 47 12 1f 45 c d 1f 39 c 12 1f 34 1f 3c c 13 13 d 1f 9 6
FIXUPS: 1bb64 66490 a fff99c05 11 f 36 2b 16 fffff745 26 25 c 1c 19 1c
FIXUPS: 1b49b a a 66b25 a fff995c3 d 16 1a 13 12 15 33 3b c5 3f e 30 d
FIXUPS: 1b831 e b 73 6 20 fffff61e 1f 21 1f 24 e 15 23 17 19 1c 1e 1c 24
FIXUPS: 1b090 2a 1c 78 130 56 14 2b 8 17 20 8 11 d 13 1a 13 12 ffffed56
FIXUPS: 1a14d 7e 158 43 bd 26 19 1c 1c 7 7c 30 91 25 78 7 a c4 27 2c 2c0
FIXUPS: 1aac7 21 22 57 69 71 128 b5 77 3c ffffec55 f 5 fb 23 21 68327 a
FIXUPS: 19c94 d 76 2f 28 5c 2c f 681b5 a fff97eba 6d 44 29 25 6 2c 29 25
FIXUPS: 1a003 23 47 35 5f fffff68d 35 2f 21 a 11 1d 13 d 1e 2b f 6 2a 15
FIXUPS: 19917 22 12 49 2d 68593 a fff97aa6 d 54 8 c 1e 684dd a fff97b47
FIXUPS: 19aef 3b44 2e 13 d 48 2b d 17 9 3f 9 12 64939 a fff9b6f7 a b6 17
FIXUPS: 1d8b6 21 a ffffbcf0 5 30 16 46 11 2b 68897 c fff977ac 69 39a3 19
FIXUPS: 1d12b 19 d 64f23 a fff9b0f6 d 3f 9 9 9 9 12 64e9e a fff9b3f0 6
FIXUPS: 1d49a 37 10 f 53 40 a f 11 33 2b 18 a 8a6 1da a4 1d fffffcd8 1e
FIXUPS: 1de71 16 fffffefd d 33 d fffffbd3 d 23 d 1d 9 60 80 27 17 f7 98
FIXUPS: 1d90f 39 fffff691 38 65044 c fff9affc 67
