 win32

 Timestamp is 4d0ed01a (Mon Dec 20 11:40:10 2010)

 Preferred load address is 00400000

 Start         Length     Name                   Class
 0001:00000000 0006065bH .text                   CODE
 0001:00060660 00000a70H .text$x                 CODE
 0002:00000000 00002bb0H .rodata                 CODE
 0003:00000000 0001ac97H .rotext                 CODE
 0004:00000000 00008678H .rdata                  DATA
 0004:00008678 00000000H .rdata$r                DATA
 0004:00008678 00000d00H .xdata$x                DATA
 0004:00009378 00000000H .edata                  DATA
 0005:00000000 00000004H .CRT$XCA                DATA
 0005:00000004 00000080H .CRT$XCU                DATA
 0005:00000084 00000004H .CRT$XCZ                DATA
 0005:00000088 00000004H .CRT$XIA                DATA
 0005:0000008c 0000000cH .CRT$XIC                DATA
 0005:00000098 00000004H .CRT$XIY                DATA
 0005:0000009c 00000004H .CRT$XIZ                DATA
 0005:000000a0 00000004H .CRT$XPA                DATA
 0005:000000a4 00000004H .CRT$XPX                DATA
 0005:000000a8 00000004H .CRT$XPZ                DATA
 0005:000000ac 00000004H .CRT$XTA                DATA
 0005:000000b0 00000004H .CRT$XTB                DATA
 0005:000000b4 00000004H .CRT$XTZ                DATA
 0005:000000c0 0000f308H .data                   DATA
 0005:0000f3c8 0009d69cH .bss                    DATA
 0006:00000000 00000064H .idata$2                DATA
 0006:00000064 00000014H .idata$3                DATA
 0006:00000078 000001f0H .idata$4                DATA
 0006:00000268 000001f0H .idata$5                DATA
 0006:00000458 00000662H .idata$6                DATA

  Address         Publics by Value              Rva+Base     Lib:Object

 0001:00000000       ?createNew@AMRAudioRTPSink@@SAPAV1@AAVUsageEnvironment@@PAXPAVGroupsock@@EII@Z 00401000 f   AMRAudioRTPSink.obj
 0001:00000080       ??0AMRAudioRTPSink@@IAE@AAVUsageEnvironment@@PAXPAVGroupsock@@EII@Z 00401080 f   AMRAudioRTPSink.obj
 0001:000000f0       ??_EAMRAudioRTPSink@@MAEPAXI@Z 004010f0 f i AMRAudioRTPSink.obj
 0001:000000f0       ??_GAMRAudioRTPSink@@MAEPAXI@Z 004010f0 f i AMRAudioRTPSink.obj
 0001:00000110       ??1AMRAudioRTPSink@@MAE@XZ 00401110 f   AMRAudioRTPSink.obj
 0001:00000170       ?sourceIsCompatibleWithUs@AMRAudioRTPSink@@EAEIAAVMediaSource@@@Z 00401170 f   AMRAudioRTPSink.obj
 0001:000001e0       ?doSpecialFrameHandling@AMRAudioRTPSink@@EAEXIPAEIUtimeval@@I@Z 004011e0 f   AMRAudioRTPSink.obj
 0001:00000290       ?specialHeaderSize@AMRAudioRTPSink@@EBEIXZ 00401290 f   AMRAudioRTPSink.obj
 0001:000002a0       ?auxSDPLine@AMRAudioRTPSink@@EAEPBDXZ 004012a0 f   AMRAudioRTPSink.obj
 0001:000002f0       ??0AMRAudioSource@@IAE@AAVUsageEnvironment@@II@Z 004012f0 f   AMRAudioSource.obj
 0001:00000320       ??_EAMRAudioSource@@MAEPAXI@Z 00401320 f i AMRAudioSource.obj
 0001:00000320       ??_GAMRAudioSource@@MAEPAXI@Z 00401320 f i AMRAudioSource.obj
 0001:00000340       ??1AMRAudioSource@@MAE@XZ  00401340 f   AMRAudioSource.obj
 0001:00000350       ??0AudioRTPSink@@IAE@AAVUsageEnvironment@@PAXPAVGroupsock@@EIPBDI@Z 00401350 f   AudioRTPSink.obj
 0001:00000390       ??_EAudioRTPSink@@MAEPAXI@Z 00401390 f i AudioRTPSink.obj
 0001:00000390       ??_GAudioRTPSink@@MAEPAXI@Z 00401390 f i AudioRTPSink.obj
 0001:000003b0       ??1AudioRTPSink@@MAE@XZ    004013b0 f   AudioRTPSink.obj
 0001:000003c0       ?sdpMediaType@AudioRTPSink@@EBEPBDXZ 004013c0 f   AudioRTPSink.obj
 0001:000003d0       ??0BasicHashTable@@QAE@H@Z 004013d0 f   BasicHashTable.obj
 0001:00000430       ??_EBasicHashTable@@UAEPAXI@Z 00401430 f i BasicHashTable.obj
 0001:00000430       ??_GBasicHashTable@@UAEPAXI@Z 00401430 f i BasicHashTable.obj
 0001:00000450       ??1BasicHashTable@@UAE@XZ  00401450 f   BasicHashTable.obj
 0001:000004e0       ?Add@BasicHashTable@@EAEPAXPBDPAX@Z 004014e0 f   BasicHashTable.obj
 0001:00000530       ?Remove@BasicHashTable@@EAEIPBD@Z 00401530 f   BasicHashTable.obj
 0001:00000570       ?Lookup@BasicHashTable@@EBEPAXPBD@Z 00401570 f   BasicHashTable.obj
 0001:00000590       ?numEntries@BasicHashTable@@EBEIXZ 00401590 f   BasicHashTable.obj
 0001:000005a0       ??0Iterator@BasicHashTable@@QAE@AAV1@@Z 004015a0 f   BasicHashTable.obj
 0001:000005d0       ??_EIterator@BasicHashTable@@UAEPAXI@Z 004015d0 f i BasicHashTable.obj
 0001:000005d0       ??_GIterator@BasicHashTable@@UAEPAXI@Z 004015d0 f i BasicHashTable.obj
 0001:000005f0       ??1Iterator@BasicHashTable@@UAE@XZ 004015f0 f i BasicHashTable.obj
 0001:00000600       ?next@Iterator@BasicHashTable@@EAEPAXAAPBD@Z 00401600 f   BasicHashTable.obj
 0001:00000650       ?create@HashTable@@SAPAV1@H@Z 00401650 f   BasicHashTable.obj
 0001:000006b0       ?create@Iterator@HashTable@@SAPAV12@AAV2@@Z 004016b0 f   BasicHashTable.obj
 0001:00000710       ?lookupKey@BasicHashTable@@ABEPAVTableEntry@1@PBDAAI@Z 00401710 f   BasicHashTable.obj
 0001:00000750       ?keyMatches@BasicHashTable@@ABEIPBD0@Z 00401750 f   BasicHashTable.obj
 0001:00000800       ?insertNewEntry@BasicHashTable@@AAEPAVTableEntry@1@IPBD@Z 00401800 f   BasicHashTable.obj
 0001:00000840       ?assignKey@BasicHashTable@@AAEXPAVTableEntry@1@PBD@Z 00401840 f   BasicHashTable.obj
 0001:000008c0       ?deleteEntry@BasicHashTable@@AAEXIPAVTableEntry@1@@Z 004018c0 f   BasicHashTable.obj
 0001:00000910       ?deleteKey@BasicHashTable@@AAEXPAVTableEntry@1@@Z 00401910 f   BasicHashTable.obj
 0001:00000940       ?rebuild@BasicHashTable@@AAEXXZ 00401940 f   BasicHashTable.obj
 0001:00000a00       ?hashIndexFromKey@BasicHashTable@@ABEIPBD@Z 00401a00 f   BasicHashTable.obj
 0001:00000a70       ??0BasicTaskScheduler0@@IAE@XZ 00401a70 f   BasicTaskScheduler0.obj
 0001:00000b00       ??_EBasicTaskScheduler0@@UAEPAXI@Z 00401b00 f i BasicTaskScheduler0.obj
 0001:00000b00       ??_GBasicTaskScheduler0@@UAEPAXI@Z 00401b00 f i BasicTaskScheduler0.obj
 0001:00000b20       ??1BasicTaskScheduler0@@UAE@XZ 00401b20 f   BasicTaskScheduler0.obj
 0001:00000b90       ?scheduleDelayedTask@BasicTaskScheduler0@@UAEPAX_JP6AXPAX@Z1@Z 00401b90 f   BasicTaskScheduler0.obj
 0001:00000c50       ?handleTimeout@AlarmHandler@@EAEXXZ 00401c50 f i BasicTaskScheduler0.obj
 0001:00000c70       ??_EAlarmHandler@@UAEPAXI@Z 00401c70 f i BasicTaskScheduler0.obj
 0001:00000c70       ??_GAlarmHandler@@UAEPAXI@Z 00401c70 f i BasicTaskScheduler0.obj
 0001:00000c90       ??1AlarmHandler@@UAE@XZ    00401c90 f i BasicTaskScheduler0.obj
 0001:00000ca0       ?unscheduleDelayedTask@BasicTaskScheduler0@@UAEXAAPAX@Z 00401ca0 f   BasicTaskScheduler0.obj
 0001:00000cd0       ?doEventLoop@BasicTaskScheduler0@@UAEXPAD@Z 00401cd0 f   BasicTaskScheduler0.obj
 0001:00000d00       ??0HandlerDescriptor@@AAE@PAV0@@Z 00401d00 f   BasicTaskScheduler0.obj
 0001:00000d40       ??_EHandlerDescriptor@@EAEPAXI@Z 00401d40 f i BasicTaskScheduler0.obj
 0001:00000d40       ??_GHandlerDescriptor@@EAEPAXI@Z 00401d40 f i BasicTaskScheduler0.obj
 0001:00000d60       ??1HandlerDescriptor@@EAE@XZ 00401d60 f   BasicTaskScheduler0.obj
 0001:00000d80       ??0HandlerSet@@QAE@XZ      00401d80 f   BasicTaskScheduler0.obj
 0001:00000da0       ??_GHandlerSet@@UAEPAXI@Z  00401da0 f i BasicTaskScheduler0.obj
 0001:00000da0       ??_EHandlerSet@@UAEPAXI@Z  00401da0 f i BasicTaskScheduler0.obj
 0001:00000dc0       ??1HandlerSet@@UAE@XZ      00401dc0 f   BasicTaskScheduler0.obj
 0001:00000e20       ?assignHandler@HandlerSet@@QAEXHHP6AXPAXH@Z0@Z 00401e20 f   BasicTaskScheduler0.obj
 0001:00000e70       ?clearHandler@HandlerSet@@QAEXH@Z 00401e70 f   BasicTaskScheduler0.obj
 0001:00000e90       ?moveHandler@HandlerSet@@QAEXHH@Z 00401e90 f   BasicTaskScheduler0.obj
 0001:00000eb0       ?lookupHandler@HandlerSet@@AAEPAVHandlerDescriptor@@H@Z 00401eb0 f   BasicTaskScheduler0.obj
 0001:00000f30       ??0HandlerIterator@@QAE@AAVHandlerSet@@@Z 00401f30 f   BasicTaskScheduler0.obj
 0001:00000f50       ??_GHandlerIterator@@UAEPAXI@Z 00401f50 f i BasicTaskScheduler0.obj
 0001:00000f50       ??_EHandlerIterator@@UAEPAXI@Z 00401f50 f i BasicTaskScheduler0.obj
 0001:00000f70       ??1HandlerIterator@@UAE@XZ 00401f70 f   BasicTaskScheduler0.obj
 0001:00000f80       ?reset@HandlerIterator@@QAEXXZ 00401f80 f   BasicTaskScheduler0.obj
 0001:00000f90       ?next@HandlerIterator@@QAEPAVHandlerDescriptor@@XZ 00401f90 f   BasicTaskScheduler0.obj
 0001:00001070       ?createNew@BasicTaskScheduler@@SAPAV1@XZ 00402070 f   BasicTaskScheduler.obj
 0001:000010d0       ??0BasicTaskScheduler@@IAE@XZ 004020d0 f   BasicTaskScheduler.obj
 0001:00001100       ??_EBasicTaskScheduler@@UAEPAXI@Z 00402100 f i BasicTaskScheduler.obj
 0001:00001100       ??_GBasicTaskScheduler@@UAEPAXI@Z 00402100 f i BasicTaskScheduler.obj
 0001:00001120       ??1BasicTaskScheduler@@UAE@XZ 00402120 f   BasicTaskScheduler.obj
 0001:00001130       ?SingleStep@BasicTaskScheduler@@MAEXI@Z 00402130 f   BasicTaskScheduler.obj
 0001:000014e0       ?setBackgroundHandling@BasicTaskScheduler@@MAEXHHP6AXPAXH@Z0@Z 004024e0 f   BasicTaskScheduler.obj
 0001:00001670       ?moveSocketHandling@BasicTaskScheduler@@MAEXHH@Z 00402670 f   BasicTaskScheduler.obj
 0001:00001890       ?createNew@BasicUDPSink@@SAPAV1@AAVUsageEnvironment@@PAVGroupsock@@I@Z 00402890 f   BasicUDPSink.obj
 0001:00001900       ??0BasicUDPSink@@IAE@AAVUsageEnvironment@@PAVGroupsock@@I@Z 00402900 f   BasicUDPSink.obj
 0001:00001970       ??_EBasicUDPSink@@MAEPAXI@Z 00402970 f i BasicUDPSink.obj
 0001:00001970       ??_GBasicUDPSink@@MAEPAXI@Z 00402970 f i BasicUDPSink.obj
 0001:00001990       ??1BasicUDPSink@@MAE@XZ    00402990 f   BasicUDPSink.obj
 0001:000019f0       ?continuePlaying@BasicUDPSink@@EAEIXZ 004029f0 f   BasicUDPSink.obj
 0001:00001a10       ?continuePlaying1@BasicUDPSink@@AAEXXZ 00402a10 f   BasicUDPSink.obj
 0001:00001a40       ?afterGettingFrame@BasicUDPSink@@CAXPAXIIUtimeval@@I@Z 00402a40 f   BasicUDPSink.obj
 0001:00001a60       ?afterGettingFrame1@BasicUDPSink@@AAEXIII@Z 00402a60 f   BasicUDPSink.obj
 0001:00001b50       ?sendNext@BasicUDPSink@@CAXPAX@Z 00402b50 f   BasicUDPSink.obj
 0001:00001b60       ??0BasicUsageEnvironment0@@IAE@AAVTaskScheduler@@@Z 00402b60 f   BasicUsageEnvironment0.obj
 0001:00001bc0       ??_EBasicUsageEnvironment0@@MAEPAXI@Z 00402bc0 f i BasicUsageEnvironment0.obj
 0001:00001bc0       ??_GBasicUsageEnvironment0@@MAEPAXI@Z 00402bc0 f i BasicUsageEnvironment0.obj
 0001:00001be0       ??1BasicUsageEnvironment0@@MAE@XZ 00402be0 f   BasicUsageEnvironment0.obj
 0001:00001bf0       ?reset@BasicUsageEnvironment0@@AAEXXZ 00402bf0 f   BasicUsageEnvironment0.obj
 0001:00001c00       ?getResultMsg@BasicUsageEnvironment0@@UBEPBDXZ 00402c00 f   BasicUsageEnvironment0.obj
 0001:00001c10       ?setResultMsg@BasicUsageEnvironment0@@UAEXPBD@Z 00402c10 f   BasicUsageEnvironment0.obj
 0001:00001c30       ?setResultMsg@BasicUsageEnvironment0@@UAEXPBD0@Z 00402c30 f   BasicUsageEnvironment0.obj
 0001:00001c50       ?setResultMsg@BasicUsageEnvironment0@@UAEXPBD00@Z 00402c50 f   BasicUsageEnvironment0.obj
 0001:00001c80       ?setResultErrMsg@BasicUsageEnvironment0@@UAEXPBDH@Z 00402c80 f   BasicUsageEnvironment0.obj
 0001:00001cc0       ?appendToResultMsg@BasicUsageEnvironment0@@UAEXPBD@Z 00402cc0 f   BasicUsageEnvironment0.obj
 0001:00001d20       ?reportBackgroundError@BasicUsageEnvironment0@@UAEXXZ 00402d20 f   BasicUsageEnvironment0.obj
 0001:00001e00       ??0BasicUsageEnvironment@@IAE@AAVTaskScheduler@@@Z 00402e00 f   BasicUsageEnvironment.obj
 0001:00001e70       ??_EBasicUsageEnvironment@@MAEPAXI@Z 00402e70 f i BasicUsageEnvironment.obj
 0001:00001e70       ??_GBasicUsageEnvironment@@MAEPAXI@Z 00402e70 f i BasicUsageEnvironment.obj
 0001:00001e90       ??1BasicUsageEnvironment@@MAE@XZ 00402e90 f   BasicUsageEnvironment.obj
 0001:00001ea0       ?createNew@BasicUsageEnvironment@@SAPAV1@AAVTaskScheduler@@@Z 00402ea0 f   BasicUsageEnvironment.obj
 0001:00001f00       ?getErrno@BasicUsageEnvironment@@UBEHXZ 00402f00 f   BasicUsageEnvironment.obj
 0001:00001f10       ??6BasicUsageEnvironment@@UAEAAVUsageEnvironment@@PBD@Z 00402f10 f   BasicUsageEnvironment.obj
 0001:00001f40       ??6BasicUsageEnvironment@@UAEAAVUsageEnvironment@@H@Z 00402f40 f   BasicUsageEnvironment.obj
 0001:00001f60       ??6BasicUsageEnvironment@@UAEAAVUsageEnvironment@@I@Z 00402f60 f   BasicUsageEnvironment.obj
 0001:00001f80       ??6BasicUsageEnvironment@@UAEAAVUsageEnvironment@@N@Z 00402f80 f   BasicUsageEnvironment.obj
 0001:00001fb0       ??6BasicUsageEnvironment@@UAEAAVUsageEnvironment@@PAX@Z 00402fb0 f   BasicUsageEnvironment.obj
 0001:00002090       ??PTimeval@@QBEHABV0@@Z    00403090 f   DelayQueue.obj
 0001:000020c0       ??YTimeval@@QAEXABVDelayInterval@@@Z 004030c0 f   DelayQueue.obj
 0001:00002100       ??ZTimeval@@QAEXABVDelayInterval@@@Z 00403100 f   DelayQueue.obj
 0001:00002150       ??G@YA?AVDelayInterval@@ABVTimeval@@0@Z 00403150 f   DelayQueue.obj
 0001:000021a0       ??D@YA?AVDelayInterval@@FABV0@@Z 004031a0 f   DelayQueue.obj
 0001:00002270       ??0DelayQueueEntry@@IAE@VDelayInterval@@@Z 00403270 f   DelayQueue.obj
 0001:000022a0       ??_GDelayQueueEntry@@UAEPAXI@Z 004032a0 f i DelayQueue.obj
 0001:000022a0       ??_EDelayQueueEntry@@UAEPAXI@Z 004032a0 f i DelayQueue.obj
 0001:000022c0       ??1DelayQueueEntry@@UAE@XZ 004032c0 f   DelayQueue.obj
 0001:000022d0       ?closeHttpSocketAndFreeResource@RTSPClientSession@RTSPServer@@QAEXXZ 004032d0 f   DelayQueue.obj
 0001:000022d0       ?handleTimeout@DelayQueueEntry@@MAEXXZ 004032d0 f   DelayQueue.obj
 0001:000022e0       ??0DelayQueue@@QAE@XZ      004032e0 f   DelayQueue.obj
 0001:00002350       ??_EDelayQueue@@UAEPAXI@Z  00403350 f i DelayQueue.obj
 0001:00002350       ??_GDelayQueue@@UAEPAXI@Z  00403350 f i DelayQueue.obj
 0001:00002370       ??1DelayQueue@@UAE@XZ      00403370 f   DelayQueue.obj
 0001:000023d0       ?addEntry@DelayQueue@@QAEXPAVDelayQueueEntry@@@Z 004033d0 f   DelayQueue.obj
 0001:00002430       ?removeEntry@DelayQueue@@QAEXPAVDelayQueueEntry@@@Z 00403430 f   DelayQueue.obj
 0001:00002470       ?removeEntry@DelayQueue@@QAEPAVDelayQueueEntry@@J@Z 00403470 f   DelayQueue.obj
 0001:00002490       ?timeToNextAlarm@DelayQueue@@QAEABVDelayInterval@@XZ 00403490 f   DelayQueue.obj
 0001:000024e0       ?handleAlarm@DelayQueue@@QAEXXZ 004034e0 f   DelayQueue.obj
 0001:00002550       ?findEntryByToken@DelayQueue@@AAEPAVDelayQueueEntry@@J@Z 00403550 f   DelayQueue.obj
 0001:000025b0       ?synchronize@DelayQueue@@AAEXXZ 004035b0 f   DelayQueue.obj
 0001:00002700       ?TimeNow@@YA?AVEventTime@@XZ 00403700 f   DelayQueue.obj
 0001:00002760       ??0Authenticator@@QAE@XZ   00403760 f   DigestAuthentication.obj
 0001:00002780       ??_GAuthenticator@@UAEPAXI@Z 00403780 f i DigestAuthentication.obj
 0001:00002780       ??_EAuthenticator@@UAEPAXI@Z 00403780 f i DigestAuthentication.obj
 0001:000027a0       ??1Authenticator@@UAE@XZ   004037a0 f   DigestAuthentication.obj
 0001:000027b0       ?reset@Authenticator@@QAEXXZ 004037b0 f   DigestAuthentication.obj
 0001:000027d0       ?setRealmAndRandomNonce@Authenticator@@QAEXPBD@Z 004037d0 f   DigestAuthentication.obj
 0001:00002830       ?setUsernameAndPassword@Authenticator@@QAEXPBD0I@Z 00403830 f   DigestAuthentication.obj
 0001:00002860       ?computeDigestResponse@Authenticator@@QBEPBDPBD0@Z 00403860 f   DigestAuthentication.obj
 0001:000029a0       ?reclaimDigestResponse@Authenticator@@QBEXPBD@Z 004039a0 f   DigestAuthentication.obj
 0001:000029b0       ?resetRealmAndNonce@Authenticator@@AAEXXZ 004039b0 f   DigestAuthentication.obj
 0001:000029e0       ?resetUsernameAndPassword@Authenticator@@AAEXXZ 004039e0 f   DigestAuthentication.obj
 0001:00002a10       ?assignRealmAndNonce@Authenticator@@AAEXPBD0@Z 00403a10 f   DigestAuthentication.obj
 0001:00002a40       ?assignUsernameAndPassword@Authenticator@@AAEXPBD0I@Z 00403a40 f   DigestAuthentication.obj
 0001:00002a70       ?assign@Authenticator@@AAEXPBD000I@Z 00403a70 f   DigestAuthentication.obj
 0001:00002aa0       ?Hik_ReleaseInstance@@YAXPAU_HikInstance@@@Z 00403aa0 f   DvrWnd.obj
 0001:00002ac0       ?CreateWnd@@YAPAUHWND__@@XZ 00403ac0 f   DvrWnd.obj
 0001:00002c10       ?MessageLoop@@YGKPAX@Z     00403c10 f   DvrWnd.obj
 0001:00002c90       ?createNewRTPSink@EncoderMediaSubsession@@MAEPAVRTPSink@@PAVGroupsock@@EPAVFramedSource@@@Z 00403c90 f   EncoderMediaSubsession.obj
 0001:00002ce0       ?createNewVideoSource@EncoderMediaSubsession@@MAEPAVFramedSource@@IAAI@Z 00403ce0 f   EncoderMediaSubsession.obj
 0001:00002d30       ?createNewAudioSource@EncoderMediaSubsession@@MAEPAVFramedSource@@IAAI@Z 00403d30 f   EncoderMediaSubsession.obj
 0001:00002d70       ?SetVideoParameters@EncoderMediaSubsession@@QAEXHHHHHPAD@Z 00403d70 f   EncoderMediaSubsession.obj
 0001:00002de0       ?SetAudioParameters@EncoderMediaSubsession@@QAEXHHHPAD@Z 00403de0 f   EncoderMediaSubsession.obj
 0001:00002e40       ?createNew@EncoderMediaSubsession@@SAPAV1@AAVUsageEnvironment@@PAXIIG@Z 00403e40 f   EncoderMediaSubsession.obj
 0001:00002ec0       ??0EncoderMediaSubsession@@IAE@AAVUsageEnvironment@@PAXIIG@Z 00403ec0 f   EncoderMediaSubsession.obj
 0001:00002f60       ??_EEncoderMediaSubsession@@MAEPAXI@Z 00403f60 f i EncoderMediaSubsession.obj
 0001:00002f60       ??_GEncoderMediaSubsession@@MAEPAXI@Z 00403f60 f i EncoderMediaSubsession.obj
 0001:00002f80       ??1EncoderMediaSubsession@@MAE@XZ 00403f80 f   EncoderMediaSubsession.obj
 0001:00002ff0       ?sdpLines@EncoderMediaSubsession@@MAEPBDXZ 00403ff0 f   EncoderMediaSubsession.obj
 0001:00003130       ?envir@Medium@@QBEAAVUsageEnvironment@@XZ 00404130 f i EncoderMediaSubsession.obj
 0001:00003140       ?getStreamParameters@EncoderMediaSubsession@@MAEXIIABVPort@@0HEEAAIAAE1AAV2@3AAPAX@Z 00404140 f   EncoderMediaSubsession.obj
 0001:00003560       ?startStream@EncoderMediaSubsession@@MAEXIPAXP6AX0@Z0AAGAAIP6AX0E@Z00II@Z 00404560 f   EncoderMediaSubsession.obj
 0001:00003650       ?pauseStream@EncoderMediaSubsession@@MAEXIPAX@Z 00404650 f   EncoderMediaSubsession.obj
 0001:000036c0       ?seekStream@EncoderMediaSubsession@@MAEXIPAXN@Z 004046c0 f   EncoderMediaSubsession.obj
 0001:000036f0       ?setStreamScale@EncoderMediaSubsession@@MAEXIPAXM@Z 004046f0 f   EncoderMediaSubsession.obj
 0001:00003720       ?deleteStream@EncoderMediaSubsession@@MAEXIAAPAX@Z 00404720 f   EncoderMediaSubsession.obj
 0001:000037b0       ?getAuxSDPLine@EncoderMediaSubsession@@MAEPBDPAVRTPSink@@PAVFramedSource@@@Z 004047b0 f   EncoderMediaSubsession.obj
 0001:000037d0       ?closeStreamSource@EncoderMediaSubsession@@MAEXPAVFramedSource@@@Z 004047d0 f   EncoderMediaSubsession.obj
 0001:000037e0       ?setSDPLinesFromRTPSink@EncoderMediaSubsession@@AAEXPAVRTPSink@@PAVFramedSource@@I@Z 004047e0 f   EncoderMediaSubsession.obj
 0001:00003920       ??0StreamState@@QAE@AAVEncoderMediaSubsession@@ABVPort@@1PAVRTPSink@@PAVBasicUDPSink@@IPAVFramedSource@@PAVGroupsock@@5@Z 00404920 f   EncoderMediaSubsession.obj
 0001:000039a0       ??_GStreamState@@UAEPAXI@Z 004049a0 f i EncoderMediaSubsession.obj
 0001:000039a0       ??_EStreamState@@UAEPAXI@Z 004049a0 f i EncoderMediaSubsession.obj
 0001:000039c0       ??1StreamState@@UAE@XZ     004049c0 f   EncoderMediaSubsession.obj
 0001:000039d0       ?startPlaying@StreamState@@QAEXPAVDestinations@@P6AXPAX@Z1P6AX1E@Z1@Z 004049d0 f   EncoderMediaSubsession.obj
 0001:00003b20       ?pause@StreamState@@QAEXXZ 00404b20 f   EncoderMediaSubsession.obj
 0001:00003b50       ?endPlaying@StreamState@@QAEXPAVDestinations@@PAD1@Z 00404b50 f   EncoderMediaSubsession.obj
 0001:00003d00       ?reclaim@StreamState@@QAEXXZ 00404d00 f   EncoderMediaSubsession.obj
 0001:00003d60       ?createNew@EncoderVideoSource@@SAPAV1@AAVUsageEnvironment@@IIIIIPAD@Z 00404d60 f   EncoderSource.obj
 0001:00003de0       ??0EncoderVideoSource@@IAE@AAVUsageEnvironment@@IIIIIW4VideoCodec@0@PAD@Z 00404de0 f   EncoderSource.obj
 0001:00003fb0       ??_GEncoderVideoSource@@MAEPAXI@Z 00404fb0 f i EncoderSource.obj
 0001:00003fb0       ??_EEncoderVideoSource@@MAEPAXI@Z 00404fb0 f i EncoderSource.obj
 0001:00003fd0       ??1EncoderVideoSource@@MAE@XZ 00404fd0 f   EncoderSource.obj
 0001:00004060       ?doGetNextFrame@EncoderVideoSource@@EAEXXZ 00405060 f   EncoderSource.obj
 0001:00004080       ?MPEG4_doGetNextFrame@EncoderVideoSource@@AAEXXZ 00405080 f   EncoderSource.obj
 0001:000041c0       ?getLivehdFrame@EncoderVideoSource@@AAEHXZ 004051c0 f   EncoderSource.obj
 0001:00004660       _emms_c                    00405660 f   EncoderSource.obj
 0001:00004660       ?getRecordDirectories@@YAXHPAPADPAH11@Z 00405660 f   EncoderSource.obj
 0001:00004660       _AddMember                 00405660 f   EncoderSource.obj
 0001:00004660       ?getRecordFiles@@YAXHPADPAPADPAH22@Z 00405660 f   EncoderSource.obj
 0001:00004660       ?getUpgradeStatus@@YAXPAD0@Z 00405660 f   EncoderSource.obj
 0001:00004660       ?doStopGettingFrames@FramedSource@@MAEXXZ 00405660 f   EncoderSource.obj
 0001:00004660       ?deviceReset@RTSPEncoderSession@RTSPServer@@IAEXXZ 00405660 f   EncoderSource.obj
 0001:00004660       ?H264_doGetNextFrame@EncoderVideoSource@@AAEXXZ 00405660 f   EncoderSource.obj
 0001:00004660       _AddSender                 00405660 f   EncoderSource.obj
 0001:00004660       _RemoveSender              00405660 f   EncoderSource.obj
 0001:00004670       ?computePresentationTime@EncoderVideoSource@@AAEHXZ 00405670 f   EncoderSource.obj
 0001:000047d0       ?getConfigBytes@EncoderVideoSource@@QBEPAEAAI@Z 004057d0 f   EncoderSource.obj
 0001:000047f0       ?createNew@EncoderAudioSource@@SAPAV1@AAVUsageEnvironment@@IIIPAD@Z 004057f0 f   EncoderSource.obj
 0001:00004870       ??0EncoderAudioSource@@IAE@AAVUsageEnvironment@@IIIW4AudioCodec@0@PAD@Z 00405870 f   EncoderSource.obj
 0001:00004940       ??_GEncoderAudioSource@@MAEPAXI@Z 00405940 f i EncoderSource.obj
 0001:00004940       ??_EEncoderAudioSource@@MAEPAXI@Z 00405940 f i EncoderSource.obj
 0001:00004960       ??1EncoderAudioSource@@MAE@XZ 00405960 f   EncoderSource.obj
 0001:000049d0       ?computeAudioPresentationTime@EncoderAudioSource@@AAEHXZ 004059d0 f   EncoderSource.obj
 0001:00004a70       ?doGetNextFrame@EncoderAudioSource@@EAEXXZ 00405a70 f   EncoderSource.obj
 0001:00004b30       ??0FramedSource@@IAE@AAVUsageEnvironment@@@Z 00405b30 f   FramedSource.obj
 0001:00004b60       ??_EFramedSource@@MAEPAXI@Z 00405b60 f i FramedSource.obj
 0001:00004b60       ??_GFramedSource@@MAEPAXI@Z 00405b60 f i FramedSource.obj
 0001:00004b80       ??1FramedSource@@MAE@XZ    00405b80 f   FramedSource.obj
 0001:00004b90       ?getNextFrame@FramedSource@@QAEXPAEIP6AXPAXIIUtimeval@@I@Z1P6AX1@Z1@Z 00405b90 f   FramedSource.obj
 0001:00004c10       ?afterGetting@FramedSource@@KAXPAV1@@Z 00405c10 f   FramedSource.obj
 0001:00004c40       ?stopGettingFrames@FramedSource@@QAEXXZ 00405c40 f   FramedSource.obj
 0001:00004c50       ?assign@Scope@@AAEXEPBD@Z  00405c50 f   GroupEId.obj
 0001:00004c80       ?clean@Scope@@AAEXXZ       00405c80 f   GroupEId.obj
 0001:00004ca0       ??0Scope@@QAE@EPBD@Z       00405ca0 f   GroupEId.obj
 0001:00004cc0       ??4Scope@@QAEAAV0@ABV0@@Z  00405cc0 f   GroupEId.obj
 0001:00004d40       ??1Scope@@QAE@XZ           00405d40 f   GroupEId.obj
 0001:00004d50       ??0GroupEId@@QAE@ABUin_addr@@GABVScope@@I@Z 00405d50 f   GroupEId.obj
 0001:00004dc0       ?isSSM@GroupEId@@QBEIXZ    00405dc0 f   GroupEId.obj
 0001:00004dd0       ?init@GroupEId@@AAEXABUin_addr@@0GABVScope@@I@Z 00405dd0 f   GroupEId.obj
 0001:00004e10       ??_EOutputSocket@@UAEPAXI@Z 00405e10 f i Groupsock.obj
 0001:00004e10       ??_GOutputSocket@@UAEPAXI@Z 00405e10 f i Groupsock.obj
 0001:00004e30       ??0OutputSocket@@IAE@AAVUsageEnvironment@@VPort@@@Z 00405e30 f   Groupsock.obj
 0001:00004e90       ??1OutputSocket@@UAE@XZ    00405e90 f   Groupsock.obj
 0001:00004ea0       ?write@OutputSocket@@QAEIIVPort@@EPAEI@Z 00405ea0 f   Groupsock.obj
 0001:00004f60       ?handleRead@OutputSocket@@EAEIPAEIAAIAAUsockaddr_in@@@Z 00405f60 f   Groupsock.obj
 0001:00004f70       ??0destRecord@@QAE@ABUin_addr@@ABVPort@@EPAV0@@Z 00405f70 f   Groupsock.obj
 0001:00005000       ??_EdestRecord@@UAEPAXI@Z  00406000 f i Groupsock.obj
 0001:00005000       ??_GdestRecord@@UAEPAXI@Z  00406000 f i Groupsock.obj
 0001:00005020       ??1GroupEId@@QAE@XZ        00406020 f i Groupsock.obj
 0001:00005030       ??1destRecord@@UAE@XZ      00406030 f   Groupsock.obj
 0001:00005110       ??0Groupsock@@QAE@AAVUsageEnvironment@@ABUin_addr@@VPort@@E@Z 00406110 f   Groupsock.obj
 0001:000052a0       ??_EGroupsock@@UAEPAXI@Z   004062a0 f i Groupsock.obj
 0001:000052a0       ??_GGroupsock@@UAEPAXI@Z   004062a0 f i Groupsock.obj
 0001:000052c0       ??1Groupsock@@UAE@XZ       004062c0 f   Groupsock.obj
 0001:000053a0       ?addDestination@Groupsock@@QAEXABUin_addr@@ABVPort@@@Z 004063a0 f   Groupsock.obj
 0001:00005430       ?removeDestination@Groupsock@@QAEXABUin_addr@@ABVPort@@@Z 00406430 f   Groupsock.obj
 0001:00005490       ?removeAllDestinations@Groupsock@@QAEXXZ 00406490 f   Groupsock.obj
 0001:000054b0       ?multicastSendOnly@Groupsock@@QAEXXZ 004064b0 f   Groupsock.obj
 0001:000054f0       ?output@Groupsock@@QAEIAAVUsageEnvironment@@EPAEIPAVDirectedNetInterface@@@Z 004064f0 f   Groupsock.obj
 0001:00005620       ?handleRead@Groupsock@@UAEIPAEIAAIAAUsockaddr_in@@@Z 00406620 f   Groupsock.obj
 0001:000057a0       ?wasLoopedBackFromUs@Groupsock@@QAEIAAVUsageEnvironment@@AAUsockaddr_in@@@Z 004067a0 f   Groupsock.obj
 0001:000057e0       ?outputToAllMembersExcept@Groupsock@@AAEHPAVDirectedNetInterface@@EPAEII@Z 004067e0 f   Groupsock.obj
 0001:000059f0       ??6@YAAAVUsageEnvironment@@AAV0@ABVGroupsock@@@Z 004069f0 f   Groupsock.obj
 0001:00005b10       ?id@?$ctype@G@std@@$E      00406b10 f i Groupsock.obj
 0001:00005b20       ??0NoReuse@@QAE@XZ         00406b20 f   GroupsockHelper.obj
 0001:00005b30       ??1NoReuse@@QAE@XZ         00406b30 f   GroupsockHelper.obj
 0001:00005b40       ?setupDatagramSocket@@YAHAAVUsageEnvironment@@VPort@@@Z 00406b40 f   GroupsockHelper.obj
 0001:00005ca0       ?makeSocketNonBlocking@@YAIH@Z 00406ca0 f   GroupsockHelper.obj
 0001:00005cd0       ?setupStreamSocket@@YAHAAVUsageEnvironment@@VPort@@I@Z 00406cd0 f   GroupsockHelper.obj
 0001:00005e00       ?readSocket@@YAHAAVUsageEnvironment@@HPAEIAAUsockaddr_in@@PAUtimeval@@@Z 00406e00 f   GroupsockHelper.obj
 0001:00005f80       ?readSocketExact@@YAHAAVUsageEnvironment@@HPAEIAAUsockaddr_in@@PAUtimeval@@@Z 00406f80 f   GroupsockHelper.obj
 0001:00005fe0       ?writeSocket@@YAIAAVUsageEnvironment@@HUin_addr@@VPort@@EPAEI@Z 00406fe0 f   GroupsockHelper.obj
 0001:00006100       ?increaseSendBufferTo@@YAIAAVUsageEnvironment@@HI@Z 00407100 f   GroupsockHelper.obj
 0001:00006190       ?socketJoinGroup@@YAIAAVUsageEnvironment@@HI@Z 00407190 f   GroupsockHelper.obj
 0001:00006200       ?socketLeaveGroup@@YAIAAVUsageEnvironment@@HI@Z 00407200 f   GroupsockHelper.obj
 0001:00006250       ?socketLeaveGroupSSM@@YAIAAVUsageEnvironment@@HII@Z 00407250 f   GroupsockHelper.obj
 0001:000062b0       ?getSourcePort@@YAIAAVUsageEnvironment@@HAAVPort@@@Z 004072b0 f   GroupsockHelper.obj
 0001:000063a0       ?ourIPAddress@@YAIAAVUsageEnvironment@@@Z 004073a0 f   GroupsockHelper.obj
 0001:00006610       ?timestampString@@YAPBDXZ  00407610 f   GroupsockHelper.obj
 0001:00006660       ?gettimeofday@@YAHPAUtimeval@@PAH@Z 00407660 f   GroupsockHelper.obj
 0001:000067a0       ??0HashTable@@IAE@XZ       004077a0 f   HashTable.obj
 0001:000067b0       ??_EHashTable@@UAEPAXI@Z   004077b0 f i HashTable.obj
 0001:000067b0       ??_GHashTable@@UAEPAXI@Z   004077b0 f i HashTable.obj
 0001:000067d0       ??1HashTable@@UAE@XZ       004077d0 f   HashTable.obj
 0001:000067e0       ??0Iterator@HashTable@@IAE@XZ 004077e0 f   HashTable.obj
 0001:000067f0       ??_GIterator@HashTable@@UAEPAXI@Z 004077f0 f i HashTable.obj
 0001:000067f0       ??_EIterator@HashTable@@UAEPAXI@Z 004077f0 f i HashTable.obj
 0001:00006810       ??1Iterator@HashTable@@UAE@XZ 00407810 f   HashTable.obj
 0001:00006820       ?RemoveNext@HashTable@@QAEPAXXZ 00407820 f   HashTable.obj
 0001:00006870       ?initFrameData@@YAXPAUframeQueue@@@Z 00407870 f   HikData.obj
 0001:000068c0       ?deleteFrontNodeData@@YAHPAUframeQueue@@@Z 004078c0 f   HikData.obj
 0001:00006900       ?addFrameData@@YAHPAUframeQueue@@PAUsingleframe@@@Z 00407900 f   HikData.obj
 0001:00006a10       ?readFrameData@@YAHPAUframeQueue@@PAUsingleframe@@@Z 00407a10 f   HikData.obj
 0001:00006ac0       ?freeSingleFrameData@@YAXPAUframeData@@@Z 00407ac0 f   HikData.obj
 0001:00006b10       ?I420Cif2Qcif@@YAXPAE0@Z   00407b10 f   HikData.obj
 0001:00006ca0       ?videoGetFrameInfoByHik@@YAXPADPAHHH@Z 00407ca0 f   HikData.obj
 0001:00006d50       ?CapPicFun@@YGXJPADJJJJJJ@Z 00407d50 f   HikData.obj
 0001:00006dd0       ?ThreadCallback@@YAKPAX@Z  00407dd0 f   HikData.obj
 0001:00006f20       ?getFrameByHikSDK@@YAXXZ   00407f20 f   HikData.obj
 0001:00006f60       _our_inet_addr             00407f60 f   inet.obj
 0001:00006f70       _our_inet_ntoa             00407f70 f   inet.obj
 0001:00006f80       _initializeWinsockIfNecessary 00407f80 f   inet.obj
 0001:00007000       _our_random                00408000 f   inet.obj
 0001:00007010       _our_srandom               00408010 f   inet.obj
 0001:00007020       _our_random32              00408020 f   inet.obj
 0001:00007040       ??0Locale@@QAE@PBDH@Z      00408040 f   Locale.obj
 0001:00007080       ??_GLocale@@UAEPAXI@Z      00408080 f i Locale.obj
 0001:00007080       ??_ELocale@@UAEPAXI@Z      00408080 f i Locale.obj
 0001:000070a0       ??1Locale@@UAE@XZ          004080a0 f   Locale.obj
 0001:000070d0       ??0Medium@@IAE@AAVUsageEnvironment@@@Z 004080d0 f   Media.obj
 0001:00007130       ??_GMedium@@MAEPAXI@Z      00408130 f i Media.obj
 0001:00007130       ??_EMedium@@MAEPAXI@Z      00408130 f i Media.obj
 0001:00007150       ??1Medium@@MAE@XZ          00408150 f   Media.obj
 0001:00007170       ?lookupByName@Medium@@SAIAAVUsageEnvironment@@PBDAAPAV1@@Z 00408170 f   Media.obj
 0001:000071c0       ?close@Medium@@SAXAAVUsageEnvironment@@PBD@Z 004081c0 f   Media.obj
 0001:000071e0       ?close@Medium@@SAXPAV1@@Z  004081e0 f   Media.obj
 0001:00007200       ?getOurTables@_Tables@@SAPAV1@AAVUsageEnvironment@@@Z 00408200 f   Media.obj
 0001:00007260       ?reclaimIfPossible@_Tables@@QAEXXZ 00408260 f   Media.obj
 0001:00007290       ??0_Tables@@IAE@AAVUsageEnvironment@@@Z 00408290 f   Media.obj
 0001:000072b0       ??_G_Tables@@MAEPAXI@Z     004082b0 f i Media.obj
 0001:000072b0       ??_E_Tables@@MAEPAXI@Z     004082b0 f i Media.obj
 0001:000072d0       ??1_Tables@@MAE@XZ         004082d0 f   Media.obj
 0001:000072e0       ?ourMedia@MediaLookupTable@@SAPAV1@AAVUsageEnvironment@@@Z 004082e0 f   Media.obj
 0001:00007350       ?lookup@RTPReceptionStatsDB@@QBEPAVRTPReceptionStats@@I@Z 00408350 f   Media.obj
 0001:00007350       ?lookup@MediaLookupTable@@QBEPAVMedium@@PBD@Z 00408350 f   Media.obj
 0001:00007360       ?addNew@MediaLookupTable@@QAEXPAVMedium@@PAD@Z 00408360 f   Media.obj
 0001:00007380       ?remove@MediaLookupTable@@QAEXPBD@Z 00408380 f   Media.obj
 0001:000073f0       ?generateNewName@MediaLookupTable@@QAEXPADI@Z 004083f0 f   Media.obj
 0001:00007410       ??0MediaLookupTable@@IAE@AAVUsageEnvironment@@@Z 00408410 f   Media.obj
 0001:00007440       ??_EMediaLookupTable@@MAEPAXI@Z 00408440 f i Media.obj
 0001:00007440       ??_GMediaLookupTable@@MAEPAXI@Z 00408440 f i Media.obj
 0001:00007460       ??1MediaLookupTable@@MAE@XZ 00408460 f   Media.obj
 0001:00007480       ??0MediaSink@@IAE@AAVUsageEnvironment@@@Z 00408480 f   MediaSink.obj
 0001:000074a0       ??_GMediaSink@@MAEPAXI@Z   004084a0 f i MediaSink.obj
 0001:000074a0       ??_EMediaSink@@MAEPAXI@Z   004084a0 f i MediaSink.obj
 0001:000074c0       ??1MediaSink@@MAE@XZ       004084c0 f   MediaSink.obj
 0001:00007510       ?sourceIsCompatibleWithUs@MediaSink@@MAEIAAVMediaSource@@@Z 00408510 f   MediaSink.obj
 0001:00007520       ?startPlaying@MediaSink@@QAEIAAVMediaSource@@P6AXPAX@Z1@Z 00408520 f   MediaSink.obj
 0001:00007580       ?stopPlaying@MediaSink@@UAEXXZ 00408580 f   MediaSink.obj
 0001:000075c0       ?onSourceClosure@MediaSink@@KAXPAX@Z 004085c0 f   MediaSink.obj
 0001:000075e0       ??0OutPacketBuffer@@QAE@II@Z 004085e0 f   MediaSink.obj
 0001:00007630       ??1OutPacketBuffer@@QAE@XZ 00408630 f   MediaSink.obj
 0001:00007640       ?enqueue@OutPacketBuffer@@QAEXPBEI@Z 00408640 f   MediaSink.obj
 0001:00007690       ?enqueueWord@OutPacketBuffer@@QAEXI@Z 00408690 f   MediaSink.obj
 0001:000076c0       ?insert@OutPacketBuffer@@QAEXPBEII@Z 004086c0 f   MediaSink.obj
 0001:00007710       ?insertWord@OutPacketBuffer@@QAEXII@Z 00408710 f   MediaSink.obj
 0001:00007740       ?extract@OutPacketBuffer@@QAEXPAEII@Z 00408740 f   MediaSink.obj
 0001:00007780       ?extractWord@OutPacketBuffer@@QAEII@Z 00408780 f   MediaSink.obj
 0001:000077a0       ?skipBytes@OutPacketBuffer@@QAEXI@Z 004087a0 f   MediaSink.obj
 0001:000077d0       ?setOverflowData@OutPacketBuffer@@QAEXIIABUtimeval@@I@Z 004087d0 f   MediaSink.obj
 0001:00007800       ?useOverflowData@OutPacketBuffer@@QAEXXZ 00408800 f   MediaSink.obj
 0001:00007830       ?adjustPacketStart@OutPacketBuffer@@QAEXI@Z 00408830 f   MediaSink.obj
 0001:00007860       ?resetPacketStart@OutPacketBuffer@@QAEXXZ 00408860 f   MediaSink.obj
 0001:00007880       ??0MediaSource@@IAE@AAVUsageEnvironment@@@Z 00408880 f   MediaSource.obj
 0001:000078a0       ??_EMediaSource@@MAEPAXI@Z 004088a0 f i MediaSource.obj
 0001:000078a0       ??_GMediaSource@@MAEPAXI@Z 004088a0 f i MediaSource.obj
 0001:000078c0       ??1MediaSource@@MAE@XZ     004088c0 f   MediaSource.obj
 0001:000078d0       ?isServerMediaSession@ServerMediaSession@@EBEIXZ 004088d0 f   MediaSource.obj
 0001:000078d0       ?isFramedSource@FramedSource@@EBEIXZ 004088d0 f   MediaSource.obj
 0001:000078d0       ?isMPEG4VideoStreamFramer@EncoderVideoSource@@EBEIXZ 004088d0 f   MediaSource.obj
 0001:000078d0       ?isSink@MediaSink@@EBEIXZ  004088d0 f   MediaSource.obj
 0001:000078d0       ?isRTSPServer@RTSPServer@@EBEIXZ 004088d0 f   MediaSource.obj
 0001:000078d0       ?isSource@MediaSource@@EBEIXZ 004088d0 f   MediaSource.obj
 0001:000078d0       ?allowFragmentationAfterStart@MPEG4ESVideoRTPSink@@MBEIXZ 004088d0 f   MediaSource.obj
 0001:000078d0       ?isAMRAudioSource@EncoderAudioSource@@EBEIXZ 004088d0 f   MediaSource.obj
 0001:000078d0       ?isH264VideoStreamFramer@EncoderVideoSource@@EBEIXZ 004088d0 f   MediaSource.obj
 0001:000078d0       ?isAMRAudioSource@AMRAudioSource@@UBEIXZ 004088d0 f   MediaSource.obj
 0001:000078d0       ?isRTPSink@RTPSink@@EBEIXZ 004088d0 f   MediaSource.obj
 0001:000078d0       ?isRTCPInstance@RTCPInstance@@EBEIXZ 004088d0 f   MediaSource.obj
 0001:000078e0       ?MIMEtype@MediaSource@@UBEPBDXZ 004088e0 f   MediaSource.obj
 0001:000078f0       ?isMediaSession@Medium@@UBEIXZ 004088f0 f   MediaSource.obj
 0001:000078f0       ?isRTCPInstance@Medium@@UBEIXZ 004088f0 f   MediaSource.obj
 0001:000078f0       ?specialHeaderSize@MultiFramedRTPSink@@MBEIXZ 004088f0 f   MediaSource.obj
 0001:000078f0       ?isFramedSource@MediaSource@@UBEIXZ 004088f0 f   MediaSource.obj
 0001:000078f0       ?maxFrameSize@FramedSource@@UBEIXZ 004088f0 f   MediaSource.obj
 0001:000078f0       ?isAMRAudioSource@MediaSource@@UBEIXZ 004088f0 f   MediaSource.obj
 0001:000078f0       ?isDarwinInjector@Medium@@UBEIXZ 004088f0 f   MediaSource.obj
 0001:000078f0       ?isRTSPClient@Medium@@UBEIXZ 004088f0 f   MediaSource.obj
 0001:000078f0       ?allowOtherFramesAfterLastFragment@MultiFramedRTPSink@@MBEIXZ 004088f0 f   MediaSource.obj
 0001:000078f0       ?isRTPSource@MediaSource@@UBEIXZ 004088f0 f   MediaSource.obj
 0001:000078f0       ?isSink@Medium@@UBEIXZ     004088f0 f   MediaSource.obj
 0001:000078f0       ?isRTPSink@MediaSink@@UBEIXZ 004088f0 f   MediaSource.obj
 0001:000078f0       _NewSender                 004088f0 f   MediaSource.obj
 0001:000078f0       ?isSource@Medium@@UBEIXZ   004088f0 f   MediaSource.obj
 0001:000078f0       ?isH264VideoStreamFramer@MediaSource@@UBEIXZ 004088f0 f   MediaSource.obj
 0001:000078f0       ?isMPEG1or2VideoStreamFramer@MediaSource@@UBEIXZ 004088f0 f   MediaSource.obj
 0001:000078f0       ?frameSpecificHeaderSize@MultiFramedRTPSink@@MBEIXZ 004088f0 f   MediaSource.obj
 0001:000078f0       ?isRTSPServer@Medium@@UBEIXZ 004088f0 f   MediaSource.obj
 0001:000078f0       ?isServerMediaSession@Medium@@UBEIXZ 004088f0 f   MediaSource.obj
 0001:000078f0       ?auxSDPLine@RTPSink@@UAEPBDXZ 004088f0 f   MediaSource.obj
 0001:000078f0       ?isJPEGVideoSource@MediaSource@@UBEIXZ 004088f0 f   MediaSource.obj
 0001:000078f0       ?isDVVideoStreamFramer@MediaSource@@UBEIXZ 004088f0 f   MediaSource.obj
 0001:000078f0       ?isMPEG4VideoStreamFramer@MediaSource@@UBEIXZ 004088f0 f   MediaSource.obj
 0001:000078f0       ?allowFragmentationAfterStart@MultiFramedRTPSink@@MBEIXZ 004088f0 f   MediaSource.obj
 0001:00007900       ?getAttributes@MediaSource@@UBEXXZ 00408900 f   MediaSource.obj
 0001:00007910       ??0MPEG4ESVideoRTPSink@@IAE@AAVUsageEnvironment@@PAXPAVGroupsock@@EI@Z 00408910 f   MPEG4ESVideoRTPSink.obj
 0001:00007960       ??_GMPEG4ESVideoRTPSink@@MAEPAXI@Z 00408960 f i MPEG4ESVideoRTPSink.obj
 0001:00007960       ??_EMPEG4ESVideoRTPSink@@MAEPAXI@Z 00408960 f i MPEG4ESVideoRTPSink.obj
 0001:00007980       ??1MPEG4ESVideoRTPSink@@MAE@XZ 00408980 f   MPEG4ESVideoRTPSink.obj
 0001:000079e0       ?createNew@MPEG4ESVideoRTPSink@@SAPAV1@AAVUsageEnvironment@@PAXPAVGroupsock@@EI@Z 004089e0 f   MPEG4ESVideoRTPSink.obj
 0001:00007a60       ?sourceIsCompatibleWithUs@MPEG4ESVideoRTPSink@@MAEIAAVMediaSource@@@Z 00408a60 f   MPEG4ESVideoRTPSink.obj
 0001:00007a70       ?doSpecialFrameHandling@MPEG4ESVideoRTPSink@@MAEXIPAEIUtimeval@@I@Z 00408a70 f   MPEG4ESVideoRTPSink.obj
 0001:00007b00       ?frameCanAppearAfterPacketStart@MPEG4ESVideoRTPSink@@MBEIPBEI@Z 00408b00 f   MPEG4ESVideoRTPSink.obj
 0001:00007b10       ?auxSDPLine@MPEG4ESVideoRTPSink@@MAEPBDXZ 00408b10 f   MPEG4ESVideoRTPSink.obj
 0001:00007c40       ?setPacketSizes@MultiFramedRTPSink@@QAEXII@Z 00408c40 f   MultiFramedRTPSink.obj
 0001:00007cd0       ??0MultiFramedRTPSink@@IAE@AAVUsageEnvironment@@PAXPAVGroupsock@@EIPBDI@Z 00408cd0 f   MultiFramedRTPSink.obj
 0001:00007d60       ??_GMultiFramedRTPSink@@MAEPAXI@Z 00408d60 f i MultiFramedRTPSink.obj
 0001:00007d60       ??_EMultiFramedRTPSink@@MAEPAXI@Z 00408d60 f i MultiFramedRTPSink.obj
 0001:00007d80       ??1MultiFramedRTPSink@@MAE@XZ 00408d80 f   MultiFramedRTPSink.obj
 0001:00007df0       ?doSpecialFrameHandling@MultiFramedRTPSink@@MAEXIPAEIUtimeval@@I@Z 00408df0 f   MultiFramedRTPSink.obj
 0001:00007e10       ?frameCanAppearAfterPacketStart@MultiFramedRTPSink@@MBEIPBEI@Z 00408e10 f   MultiFramedRTPSink.obj
 0001:00007e10       ?frameCanAppearAfterPacketStart@AMRAudioRTPSink@@EBEIPBEI@Z 00408e10 f   MultiFramedRTPSink.obj
 0001:00007e20       ?computeOverflowForNewFrame@MultiFramedRTPSink@@MBEII@Z 00408e20 f   MultiFramedRTPSink.obj
 0001:00007e40       ?setMarkerBit@MultiFramedRTPSink@@IAEXXZ 00408e40 f   MultiFramedRTPSink.obj
 0001:00007e70       ?setTimestamp@MultiFramedRTPSink@@IAEXUtimeval@@@Z 00408e70 f   MultiFramedRTPSink.obj
 0001:00007ea0       ?setSpecialHeaderBytes@MultiFramedRTPSink@@IAEXPBEII@Z 00408ea0 f   MultiFramedRTPSink.obj
 0001:00007ed0       ?continuePlaying@MultiFramedRTPSink@@MAEIXZ 00408ed0 f   MultiFramedRTPSink.obj
 0001:00007ee0       ?stopPlaying@MultiFramedRTPSink@@UAEXXZ 00408ee0 f   MultiFramedRTPSink.obj
 0001:00007f10       ?buildAndSendPacket@MultiFramedRTPSink@@AAEXI@Z 00408f10 f   MultiFramedRTPSink.obj
 0001:00007fb0       ?packFrame@MultiFramedRTPSink@@AAEXXZ 00408fb0 f   MultiFramedRTPSink.obj
 0001:00008070       ?afterGettingFrame@MultiFramedRTPSink@@CAXPAXIIUtimeval@@I@Z 00409070 f   MultiFramedRTPSink.obj
 0001:000080a0       ?afterGettingFrame1@MultiFramedRTPSink@@AAEXIIUtimeval@@I@Z 004090a0 f   MultiFramedRTPSink.obj
 0001:00008340       ?isTooBigForAPacket@MultiFramedRTPSink@@ABEII@Z 00409340 f   MultiFramedRTPSink.obj
 0001:00008370       ?sendPacketIfNecessary@MultiFramedRTPSink@@AAEXXZ 00409370 f   MultiFramedRTPSink.obj
 0001:000084f0       ?sendNext@MultiFramedRTPSink@@CAXPAX@Z 004094f0 f   MultiFramedRTPSink.obj
 0001:00008500       ?ourHandleClosure@MultiFramedRTPSink@@CAXPAX@Z 00409500 f   MultiFramedRTPSink.obj
 0001:00008520       ??0Port@@QAE@G@Z           00409520 f   NetAddress.obj
 0001:00008540       ??6@YAAAVUsageEnvironment@@AAV0@ABVPort@@@Z 00409540 f   NetAddress.obj
 0001:00008570       ??0AddressPortLookupTable@@QAE@XZ 00409570 f   NetAddress.obj
 0001:00008590       ??_GAddressPortLookupTable@@UAEPAXI@Z 00409590 f i NetAddress.obj
 0001:00008590       ??_EAddressPortLookupTable@@UAEPAXI@Z 00409590 f i NetAddress.obj
 0001:000085b0       ??1AddressPortLookupTable@@UAE@XZ 004095b0 f   NetAddress.obj
 0001:000085d0       ?Add@AddressPortLookupTable@@QAEPAXIIVPort@@PAX@Z 004095d0 f   NetAddress.obj
 0001:00008610       ?Lookup@AddressPortLookupTable@@QAEPAXIIVPort@@@Z 00409610 f   NetAddress.obj
 0001:00008650       ?Remove@AddressPortLookupTable@@QAEIIIVPort@@@Z 00409650 f   NetAddress.obj
 0001:00008690       ??0Iterator@AddressPortLookupTable@@QAE@AAV1@@Z 00409690 f   NetAddress.obj
 0001:000086c0       ??_EIterator@AddressPortLookupTable@@UAEPAXI@Z 004096c0 f i NetAddress.obj
 0001:000086c0       ??_GIterator@AddressPortLookupTable@@UAEPAXI@Z 004096c0 f i NetAddress.obj
 0001:000086e0       ??1Iterator@AddressPortLookupTable@@UAE@XZ 004096e0 f   NetAddress.obj
 0001:00008700       ?next@Iterator@DirectedNetInterfaceSet@@QAEPAVDirectedNetInterface@@XZ 00409700 f   NetAddress.obj
 0001:00008700       ?next@Iterator@AddressPortLookupTable@@QAEPAXXZ 00409700 f   NetAddress.obj
 0001:00008710       ?IsMulticastAddress@@YAII@Z 00409710 f   NetAddress.obj
 0001:00008740       ??0NetInterface@@IAE@XZ    00409740 f   NetInterface.obj
 0001:00008750       ??_ENetInterface@@UAEPAXI@Z 00409750 f i NetInterface.obj
 0001:00008750       ??_GNetInterface@@UAEPAXI@Z 00409750 f i NetInterface.obj
 0001:00008770       ??1NetInterface@@UAE@XZ    00409770 f   NetInterface.obj
 0001:00008780       ??0DirectedNetInterfaceSet@@QAE@XZ 00409780 f   NetInterface.obj
 0001:000087a0       ??_EDirectedNetInterfaceSet@@UAEPAXI@Z 004097a0 f i NetInterface.obj
 0001:000087a0       ??_GDirectedNetInterfaceSet@@UAEPAXI@Z 004097a0 f i NetInterface.obj
 0001:000087c0       ??1DirectedNetInterfaceSet@@UAE@XZ 004097c0 f   NetInterface.obj
 0001:000087e0       ??0Iterator@DirectedNetInterfaceSet@@QAE@AAV1@@Z 004097e0 f   NetInterface.obj
 0001:00008810       ??_GIterator@DirectedNetInterfaceSet@@UAEPAXI@Z 00409810 f i NetInterface.obj
 0001:00008810       ??_EIterator@DirectedNetInterfaceSet@@UAEPAXI@Z 00409810 f i NetInterface.obj
 0001:00008830       ??1Iterator@DirectedNetInterfaceSet@@UAE@XZ 00409830 f   NetInterface.obj
 0001:00008850       ??0Socket@@IAE@AAVUsageEnvironment@@VPort@@@Z 00409850 f   NetInterface.obj
 0001:000088c0       ??_GSocket@@UAEPAXI@Z      004098c0 f i NetInterface.obj
 0001:000088c0       ??_ESocket@@UAEPAXI@Z      004098c0 f i NetInterface.obj
 0001:000088e0       ??1Socket@@UAE@XZ          004098e0 f   NetInterface.obj
 0001:00008900       ??6@YAAAVUsageEnvironment@@AAV0@ABVSocket@@@Z 00409900 f   NetInterface.obj
 0001:00008940       ??0NetInterfaceTrafficStats@@QAE@XZ 00409940 f   NetInterface.obj
 0001:00008950       ?countPacket@NetInterfaceTrafficStats@@QAEXI@Z 00409950 f   NetInterface.obj
 0001:000089b0       _our_MD5Init               004099b0 f   our_md5.obj
 0001:000089e0       _ourMD5Update              004099e0 f   our_md5.obj
 0001:00009430       _our_MD5Final              0040a430 f   our_md5.obj
 0001:000094f0       _our_MD5End                0040a4f0 f   our_md5hl.obj
 0001:00009560       _our_MD5Data               0040a560 f   our_md5hl.obj
 0001:000095a0       ?init_crypto_key@@YAPAXPAEI0I@Z 0040a5a0 f   rsa_crypto.obj
 0001:00009640       ?crypto_encode@@YAHPAXPAEI1I@Z 0040a640 f   rsa_crypto.obj
 0001:000096c0       ?hex_digit@@YAHE@Z         0040a6c0 f   rsa_crypto.obj
 0001:00009700       ?hex_value@@YADI@Z         0040a700 f   rsa_crypto.obj
 0001:00009720       ?hex2array@@YAHPADHPAEH@Z  0040a720 f   rsa_crypto.obj
 0001:000097a0       ?array2hex@@YAHPAEHPADH@Z  0040a7a0 f   rsa_crypto.obj
 0001:00009800       ?reapOldMembers@RTCPMemberDatabase@@QAEXI@Z 0040a800 f   RTCP.obj
 0001:00009870       ??0RTCPInstance@@IAE@AAVUsageEnvironment@@PAVGroupsock@@IPBEPAVRTPSink@@PBVRTPSource@@I@Z 0040a870 f   RTCP.obj
 0001:00009a80       ??_ERTCPMemberDatabase@@UAEPAXI@Z 0040aa80 f i RTCP.obj
 0001:00009a80       ??_GRTCPMemberDatabase@@UAEPAXI@Z 0040aa80 f i RTCP.obj
 0001:00009ae0       ??_GRTCPInstance@@MAEPAXI@Z 0040aae0 f i RTCP.obj
 0001:00009ae0       ??_ERTCPInstance@@MAEPAXI@Z 0040aae0 f i RTCP.obj
 0001:00009b00       ??1RTCPInstance@@MAE@XZ    0040ab00 f   RTCP.obj
 0001:00009c10       ?createNew@RTCPInstance@@SAPAV1@AAVUsageEnvironment@@PAVGroupsock@@IPBEPAVRTPSink@@PBVRTPSource@@I@Z 0040ac10 f   RTCP.obj
 0001:00009c90       ?numMembers@RTCPInstance@@QBEIXZ 0040ac90 f   RTCP.obj
 0001:00009ca0       ?setSpecificRRHandler@RTCPInstance@@QAEXIVPort@@P6AXPAX@Z1@Z 0040aca0 f   RTCP.obj
 0001:00009d60       ?unsetSpecificRRHandler@RTCPInstance@@AAEXIVPort@@@Z 0040ad60 f   RTCP.obj
 0001:00009db0       ?addStreamSocket@RTCPInstance@@QAEXHE@Z 0040adb0 f   RTCP.obj
 0001:00009de0       ?incomingReportHandler@RTCPInstance@@CAXPAV1@H@Z 0040ade0 f   RTCP.obj
 0001:00009df0       ?incomingReportHandler1@RTCPInstance@@AAEXXZ 0040adf0 f   RTCP.obj
 0001:0000a240       ?onReceive@RTCPInstance@@AAEXHHI@Z 0040b240 f   RTCP.obj
 0001:0000a2c0       ?sendReport@RTCPInstance@@QAEXXZ 0040b2c0 f   RTCP.obj
 0001:0000a320       ?sendBYE@RTCPInstance@@QAEXXZ 0040b320 f   RTCP.obj
 0001:0000a340       ?sendBuiltPacket@RTCPInstance@@AAEXXZ 0040b340 f   RTCP.obj
 0001:0000a390       ?checkNewSSRC@RTCPInstance@@QAEHXZ 0040b390 f   RTCP.obj
 0001:0000a3d0       ?removeLastReceivedSSRC@RTCPInstance@@QAEXXZ 0040b3d0 f   RTCP.obj
 0001:0000a3e0       ?removeSSRC@RTCPInstance@@QAEXII@Z 0040b3e0 f   RTCP.obj
 0001:0000a440       ?onExpire@RTCPInstance@@CAXPAV1@@Z 0040b440 f   RTCP.obj
 0001:0000a450       ?addReport@RTCPInstance@@AAEXXZ 0040b450 f   RTCP.obj
 0001:0000a470       ?addSR@RTCPInstance@@AAEXXZ 0040b470 f   RTCP.obj
 0001:0000a520       ?addRR@RTCPInstance@@AAEXXZ 0040b520 f   RTCP.obj
 0001:0000a550       ?enqueueCommonReportPrefix@RTCPInstance@@AAEXEII@Z 0040b550 f   RTCP.obj
 0001:0000a5b0       ?enqueueCommonReportSuffix@RTCPInstance@@AAEXXZ 0040b5b0 f   RTCP.obj
 0001:0000a630       ?enqueueReportBlock@RTCPInstance@@AAEXPAVRTPReceptionStats@@@Z 0040b630 f   RTCP.obj
 0001:0000a780       ?addSDES@RTCPInstance@@AAEXXZ 0040b780 f   RTCP.obj
 0001:0000a810       ?addBYE@RTCPInstance@@AAEXXZ 0040b810 f   RTCP.obj
 0001:0000a850       ?schedule@RTCPInstance@@QAEXN@Z 0040b850 f   RTCP.obj
 0001:0000a8a0       ?reschedule@RTCPInstance@@QAEXN@Z 0040b8a0 f   RTCP.obj
 0001:0000a8d0       ?onExpire1@RTCPInstance@@AAEXXZ 0040b8d0 f   RTCP.obj
 0001:0000a950       ??0SDESItem@@QAE@EPBE@Z    0040b950 f   RTCP.obj
 0001:0000a9b0       ?totalSize@SDESItem@@QBEIXZ 0040b9b0 f   RTCP.obj
 0001:0000a9c0       _Schedule                  0040b9c0 f   RTCP.obj
 0001:0000a9e0       _Reschedule                0040b9e0 f   RTCP.obj
 0001:0000aa00       _SendRTCPReport            0040ba00 f   RTCP.obj
 0001:0000aa10       _SendBYEPacket             0040ba10 f   RTCP.obj
 0001:0000aa20       _TypeOfEvent               0040ba20 f   RTCP.obj
 0001:0000aa30       _SentPacketSize            0040ba30 f   RTCP.obj
 0001:0000aa40       _PacketType                0040ba40 f   RTCP.obj
 0001:0000aa50       _ReceivedPacketSize        0040ba50 f   RTCP.obj
 0001:0000aa60       _NewMember                 0040ba60 f   RTCP.obj
 0001:0000aa70       _RemoveMember              0040ba70 f   RTCP.obj
 0001:0000aa80       _drand30                   0040ba80 f   RTCP.obj
 0001:0000aab0       _rtcp_interval             0040bab0 f   rtcp_from_spec.obj
 0001:0000ab50       _OnExpire                  0040bb50 f   rtcp_from_spec.obj
 0001:0000acd0       _OnReceive                 0040bcd0 f   rtcp_from_spec.obj
 0001:0000aeb0       ??0RTPInterface@@QAE@PAVMedium@@PAVGroupsock@@@Z 0040beb0 f   RTPInterface.obj
 0001:0000af10       ??_GRTPInterface@@UAEPAXI@Z 0040bf10 f i RTPInterface.obj
 0001:0000af10       ??_ERTPInterface@@UAEPAXI@Z 0040bf10 f i RTPInterface.obj
 0001:0000af30       ??1RTPInterface@@UAE@XZ    0040bf30 f   RTPInterface.obj
 0001:0000af50       ?setStreamSocket@RTPInterface@@QAEXHE@Z 0040bf50 f   RTPInterface.obj
 0001:0000af70       ?addStreamSocket@RTPInterface@@QAEXHE@Z 0040bf70 f   RTPInterface.obj
 0001:0000aff0       ?removeStreamSocket@RTPInterface@@QAEXHE@Z 0040bff0 f   RTPInterface.obj
 0001:0000b140       ?setServerRequestAlternativeByteHandler@RTPInterface@@QAEXP6AXPAXE@Z0@Z 0040c140 f   RTPInterface.obj
 0001:0000b180       ?sendPacket@RTPInterface@@QAEHPAEI@Z 0040c180 f   RTPInterface.obj
 0001:0000b1e0       ?startNetworkReading@RTPInterface@@QAEXP6AXPAXH@Z@Z 0040c1e0 f   RTPInterface.obj
 0001:0000b240       ?handleRead@RTPInterface@@QAEIPAEIAAIAAUsockaddr_in@@@Z 0040c240 f   RTPInterface.obj
 0001:0000b340       ?stopNetworkReading@RTPInterface@@QAEXXZ 0040c340 f   RTPInterface.obj
 0001:0000b450       ??0SocketDescriptor@@QAE@AAVUsageEnvironment@@H@Z 0040c450 f   RTPInterface.obj
 0001:0000b490       ??_ESocketDescriptor@@UAEPAXI@Z 0040c490 f i RTPInterface.obj
 0001:0000b490       ??_GSocketDescriptor@@UAEPAXI@Z 0040c490 f i RTPInterface.obj
 0001:0000b4b0       ??1SocketDescriptor@@UAE@XZ 0040c4b0 f   RTPInterface.obj
 0001:0000b4d0       ?registerRTPInterface@SocketDescriptor@@QAEXEPAVRTPInterface@@@Z 0040c4d0 f   RTPInterface.obj
 0001:0000b520       ?lookupRTPInterface@SocketDescriptor@@QAEPAVRTPInterface@@E@Z 0040c520 f   RTPInterface.obj
 0001:0000b540       ?deregisterRTPInterface@SocketDescriptor@@QAEXE@Z 0040c540 f   RTPInterface.obj
 0001:0000b5f0       ?tcpReadHandler@SocketDescriptor@@CAXPAV1@H@Z 0040c5f0 f   RTPInterface.obj
 0001:0000b6f0       ??0tcpStreamRecord@@QAE@HEPAV0@@Z 0040c6f0 f   RTPInterface.obj
 0001:0000b710       ??_GtcpStreamRecord@@UAEPAXI@Z 0040c710 f i RTPInterface.obj
 0001:0000b710       ??_EtcpStreamRecord@@UAEPAXI@Z 0040c710 f i RTPInterface.obj
 0001:0000b730       ??1tcpStreamRecord@@UAE@XZ 0040c730 f   RTPInterface.obj
 0001:0000b750       ??0RTPSink@@IAE@AAVUsageEnvironment@@PAVGroupsock@@EIPBDI@Z 0040c750 f   RTPSink.obj
 0001:0000b850       ??_GRTPSink@@MAEPAXI@Z     0040c850 f i RTPSink.obj
 0001:0000b850       ??_ERTPSink@@MAEPAXI@Z     0040c850 f i RTPSink.obj
 0001:0000b870       ??1RTPSink@@MAE@XZ         0040c870 f   RTPSink.obj
 0001:0000b8f0       ?convertToRTPTimestamp@RTPSink@@QAEIUtimeval@@@Z 0040c8f0 f   RTPSink.obj
 0001:0000b960       ?presetNextTimestamp@RTPSink@@QAEIXZ 0040c960 f   RTPSink.obj
 0001:0000b980       ?sdpMediaType@RTPSink@@UBEPBDXZ 0040c980 f   RTPSink.obj
 0001:0000b990       ?rtpmapLine@RTPSink@@UBEPADXZ 0040c990 f   RTPSink.obj
 0001:0000ba50       ??0RTPTransmissionStatsDB@@AAE@AAVRTPSink@@@Z 0040ca50 f   RTPSink.obj
 0001:0000ba80       ??_GRTPTransmissionStatsDB@@EAEPAXI@Z 0040ca80 f i RTPSink.obj
 0001:0000ba80       ??_ERTPTransmissionStatsDB@@EAEPAXI@Z 0040ca80 f i RTPSink.obj
 0001:0000baa0       ??1RTPTransmissionStatsDB@@EAE@XZ 0040caa0 f   RTPSink.obj
 0001:0000bae0       ?noteIncomingRR@RTPTransmissionStatsDB@@QAEXIABUsockaddr_in@@IIIII@Z 0040cae0 f   RTPSink.obj
 0001:0000bb80       ?removeRecord@RTPTransmissionStatsDB@@QAEXI@Z 0040cb80 f   RTPSink.obj
 0001:0000bbc0       ?lookup@RTPTransmissionStatsDB@@QBEPAVRTPTransmissionStats@@I@Z 0040cbc0 f   RTPSink.obj
 0001:0000bbd0       ?add@RTPTransmissionStatsDB@@AAEXIPAVRTPTransmissionStats@@@Z 0040cbd0 f   RTPSink.obj
 0001:0000bbf0       ??0RTPTransmissionStats@@AAE@AAVRTPSink@@I@Z 0040cbf0 f   RTPSink.obj
 0001:0000bc50       ??_GRTPTransmissionStats@@EAEPAXI@Z 0040cc50 f i RTPSink.obj
 0001:0000bc50       ??_ERTPTransmissionStats@@EAEPAXI@Z 0040cc50 f i RTPSink.obj
 0001:0000bc70       ??1RTPTransmissionStats@@EAE@XZ 0040cc70 f   RTPSink.obj
 0001:0000bc80       ?noteIncomingRR@RTPTransmissionStats@@AAEXABUsockaddr_in@@IIIII@Z 0040cc80 f   RTPSink.obj
 0001:0000bd50       ?reset@RTPReceptionStatsDB@@QAEXXZ 0040cd50 f   RTPSource.obj
 0001:0000bdd0       ?noteIncomingSR@RTPReceptionStatsDB@@QAEXIIII@Z 0040cdd0 f   RTPSource.obj
 0001:0000be60       ?removeRecord@RTPReceptionStatsDB@@QAEXI@Z 0040ce60 f   RTPSource.obj
 0001:0000be90       ??0Iterator@RTPReceptionStatsDB@@QAE@AAV1@@Z 0040ce90 f   RTPSource.obj
 0001:0000bec0       ??_EIterator@RTPReceptionStatsDB@@UAEPAXI@Z 0040cec0 f i RTPSource.obj
 0001:0000bec0       ??_GIterator@RTPReceptionStatsDB@@UAEPAXI@Z 0040cec0 f i RTPSource.obj
 0001:0000bee0       ??1Iterator@RTPReceptionStatsDB@@UAE@XZ 0040cee0 f   RTPSource.obj
 0001:0000bf00       ?next@Iterator@RTPReceptionStatsDB@@QAEPAVRTPReceptionStats@@I@Z 0040cf00 f   RTPSource.obj
 0001:0000bf30       ?add@RTPReceptionStatsDB@@IAEXIPAVRTPReceptionStats@@@Z 0040cf30 f   RTPSource.obj
 0001:0000bf50       ??_ERTPReceptionStats@@MAEPAXI@Z 0040cf50 f i RTPSource.obj
 0001:0000bf50       ??_GRTPReceptionStats@@MAEPAXI@Z 0040cf50 f i RTPSource.obj
 0001:0000bf70       ??0RTPReceptionStats@@IAE@I@Z 0040cf70 f   RTPSource.obj
 0001:0000bf90       ??1RTPReceptionStats@@MAE@XZ 0040cf90 f   RTPSource.obj
 0001:0000bfa0       ?init@RTPReceptionStats@@AAEXI@Z 0040cfa0 f   RTPSource.obj
 0001:0000c000       ?noteIncomingSR@RTPReceptionStats@@AAEXIII@Z 0040d000 f   RTPSource.obj
 0001:0000c070       ?jitter@RTPReceptionStats@@QBEIXZ 0040d070 f   RTPSource.obj
 0001:0000c080       ?reset@RTPReceptionStats@@AAEXXZ 0040d080 f   RTPSource.obj
 0001:0000c090       ?eat_white@@YAPADPAD@Z     0040d090 f   RTSPCommon.obj
 0001:0000c0b0       ?next_white@@YAPADPAD@Z    0040d0b0 f   RTSPCommon.obj
 0001:0000c0e0       ?next_line@@YAPADPAD@Z     0040d0e0 f   RTSPCommon.obj
 0001:0000c110       ?parseRTSPResponseString@@YAIPBDIPADI1I1I1IPAIPAPAE@Z 0040d110 f   RTSPCommon.obj
 0001:0000c370       ?parseRTSPRequestString@@YAIPBDIPADI1I1I1I@Z 0040d370 f   RTSPCommon.obj
 0001:0000c640       ?parseRTSPGetPostString@@YAIPBDIPADI1I1I1I1I@Z 0040d640 f   RTSPCommon.obj
 0001:0000c840       ?parseRangeParam@@YAIPBDAAN1@Z 0040d840 f   RTSPCommon.obj
 0001:0000c920       ?parseRangeHeader@@YAIPBDAAN1@Z 0040d920 f   RTSPCommon.obj
 0001:0000c970       ?parseSpecifiedStringParam@@YAIPBDPAD1I@Z 0040d970 f   RTSPCommon.obj
 0001:0000c9e0       ?parseTransportHeader@@YAXPBDAAW4StreamingMode@@AAPAD2AAEAAG433@Z 0040d9e0 f   RTSPCommon.obj
 0001:0000cca0       ?parsePlayNowHeader@@YAIPBD@Z 0040dca0 f   RTSPCommon.obj
 0001:0000ccd0       ?parseTokenFromURLSuffix@@YAXPAD00@Z 0040dcd0 f   RTSPCommon.obj
 0001:0000cd30       ?rtsp_parse_param_line_within_range@@YAPADPADH0@Z 0040dd30 f   RTSPEncoderSession.obj
 0001:0000cdd0       ?rtsp_get_msg@@YAHPADH0@Z  0040ddd0 f   RTSPEncoderSession.obj
 0001:0000ce60       ??0RTSPEncoderSession@RTSPServer@@QAE@AAV1@PAVServerMediaSession@@IUsockaddr_in@@PADG3333I@Z 0040de60 f   RTSPEncoderSession.obj
 0001:0000d0f0       ??_ERTSPEncoderSession@RTSPServer@@UAEPAXI@Z 0040e0f0 f i RTSPEncoderSession.obj
 0001:0000d0f0       ??_GRTSPEncoderSession@RTSPServer@@UAEPAXI@Z 0040e0f0 f i RTSPEncoderSession.obj
 0001:0000d110       ??1RTSPEncoderSession@RTSPServer@@UAE@XZ 0040e110 f   RTSPEncoderSession.obj
 0001:0000d120       ?noteLiveness@RTSPEncoderSession@RTSPServer@@IAEXXZ 0040e120 f   RTSPEncoderSession.obj
 0001:0000d180       ?livenessTimeoutTask@RTSPEncoderSession@RTSPServer@@KAXPAV12@@Z 0040e180 f   RTSPEncoderSession.obj
 0001:0000d1a0       ?handleRequestBytes@RTSPEncoderSession@RTSPServer@@MAEXH@Z 0040e1a0 f   RTSPEncoderSession.obj
 0001:0000d950       ?handleCmd_Badrequest@RTSPEncoderSession@RTSPServer@@IAEXXZ 0040e950 f   RTSPEncoderSession.obj
 0001:0000d990       ?handleCmd_Unauthorized@RTSPEncoderSession@RTSPServer@@IAEXXZ 0040e990 f   RTSPEncoderSession.obj
 0001:0000db30       ?handleCmd_SeeOtherServer@RTSPEncoderSession@RTSPServer@@MAEXPBD@Z 0040eb30 f   RTSPEncoderSession.obj
 0001:0000dc70       ?handleCmd_DESCRIBE@RTSPEncoderSession@RTSPServer@@MAEXPBD00@Z 0040ec70 f   RTSPEncoderSession.obj
 0001:0000df80       ?handleCmd_SETUP@RTSPEncoderSession@RTSPServer@@MAEXPBD000@Z 0040ef80 f   RTSPEncoderSession.obj
 0001:0000e540       ?handleCmd_withinSession@RTSPEncoderSession@RTSPServer@@MAEXPBD0000@Z 0040f540 f   RTSPEncoderSession.obj
 0001:0000e700       ?handleCmd_TEARDOWN@RTSPEncoderSession@RTSPServer@@MAEXPAVServerMediaSubsession@@PBD@Z 0040f700 f   RTSPEncoderSession.obj
 0001:0000e790       ?handleCmd_PLAY@RTSPEncoderSession@RTSPServer@@MAEXPAVServerMediaSubsession@@PBD1@Z 0040f790 f   RTSPEncoderSession.obj
 0001:0000ee90       ?handleCmd_PAUSE@RTSPEncoderSession@RTSPServer@@MAEXPAVServerMediaSubsession@@PBD@Z 0040fe90 f   RTSPEncoderSession.obj
 0001:0000ef10       ?handleCmd_GET_PARAMETER_SubDirList@RTSPEncoderSession@RTSPServer@@MAEXPAVServerMediaSubsession@@PBD1@Z 0040ff10 f   RTSPEncoderSession.obj
 0001:0000f1c0       ?handleCmd_GET_PARAMETER_SubFileList@RTSPEncoderSession@RTSPServer@@MAEXPAVServerMediaSubsession@@PBD1@Z 004101c0 f   RTSPEncoderSession.obj
 0001:0000f4b0       ?handleCmd_GET_PARAMETER@RTSPEncoderSession@RTSPServer@@MAEXPAVServerMediaSubsession@@PBD1@Z 004104b0 f   RTSPEncoderSession.obj
 0001:0000f570       ?handleCmd_SET_PARAMETER_ResponsePtz@RTSPEncoderSession@RTSPServer@@MAEXPAVServerMediaSubsession@@PBD1@Z 00410570 f   RTSPEncoderSession.obj
 0001:0000fbf0       ?handleCmd_SET_PARAMETER_ResponseScene@RTSPEncoderSession@RTSPServer@@MAEXPAVServerMediaSubsession@@PBD1@Z 00410bf0 f   RTSPEncoderSession.obj
 0001:0000fdb0       ?handleCmd_SET_PARAMETER@RTSPEncoderSession@RTSPServer@@MAEXPAVServerMediaSubsession@@PBD1@Z 00410db0 f   RTSPEncoderSession.obj
 0001:000100d0       ?reNoteLiveness@RTSPEncoderSession@RTSPServer@@QAEXXZ 004110d0 f   RTSPEncoderSession.obj
 0001:00010120       ?heartbeat@RTSPEncoderSession@RTSPServer@@SAXPAX@Z 00411120 f   RTSPEncoderSession.obj
 0001:00010190       ?do_heartbeat@RTSPEncoderSession@RTSPServer@@QAEH_N0PAD@Z 00411190 f   RTSPEncoderSession.obj
 0001:000103b0       ?register_Platform@RTSPEncoderSession@RTSPServer@@QAEHPAUsockaddr_in@@_N@Z 004113b0 f   RTSPEncoderSession.obj
 0001:000107c0       ?createNewEncoderSession@RTSPServer@@UAEPAVRTSPEncoderSession@1@PAVServerMediaSession@@IUsockaddr_in@@PADG2222I@Z 004117c0 f   RTSPEncoderSession.obj
 0001:00010880       ?GetRandom@RTSPEncoderSession@RTSPServer@@IAEPADXZ 00411880 f   RTSPEncoderSession.obj
 0001:000108d0       ?setSessionState@@YAHPADH@Z 004118d0 f   RTSPEncoderSession.obj
 0001:00010960       ?getServerInfo@@YAXPADPAGH@Z 00411960 f   RTSPSdk.obj
 0001:000109a0       ?getDeviceInfo@@YAXPADPAG0@Z 004119a0 f   RTSPSdk.obj
 0001:00010a10       ?getHttpServerInfo@@YAXPADPAG@Z 00411a10 f   RTSPSdk.obj
 0001:00010a50       ?getUserAgent@@YAXPAD@Z    00411a50 f   RTSPSdk.obj
 0001:00010a70       ?readkey@@YAXPAD@Z         00411a70 f   RTSPSdk.obj
 0001:00010aa0       ?writekey@@YAXPBD@Z        00411aa0 f   RTSPSdk.obj
 0001:00010ae0       ?writeSerial@RTSPEncoderSession@RTSPServer@@IAEXPBD@Z 00411ae0 f   RTSPSdk.obj
 0001:00010ae0       ?readSerial@RTSPEncoderSession@RTSPServer@@IAEXPAD@Z 00411ae0 f   RTSPSdk.obj
 0001:00010ae0       ?deviceHandleArmAndDisarmScene@RTSPEncoderSession@RTSPServer@@IAEXH@Z 00411ae0 f   RTSPSdk.obj
 0001:00010af0       ?deleteStream@ServerMediaSubsession@@UAEXIAAPAX@Z 00411af0 f   RTSPSdk.obj
 0001:00010af0       ?setStreamSourceScale@EncoderMediaSubsession@@MAEXPAVFramedSource@@M@Z 00411af0 f   RTSPSdk.obj
 0001:00010af0       ?deviceHandlePtz@RTSPEncoderSession@RTSPServer@@IAEXHH@Z 00411af0 f   RTSPSdk.obj
 0001:00010af0       ?pauseStream@ServerMediaSubsession@@UAEXIPAX@Z 00411af0 f   RTSPSdk.obj
 0001:00010af0       ?writeActiveServerInfo@RTSPEncoderSession@RTSPServer@@IAEXPBDG@Z 00411af0 f   RTSPSdk.obj
 0001:00010b00       ?getVideoCodecConfig@@YAXHHPAHPAEPAI@Z 00411b00 f   RTSPSdk.obj
 0001:00010ba0       ?get_LanWebURL@RTSPEncoderSession@RTSPServer@@IAEXPADH@Z 00411ba0 f   RTSPSdk.obj
 0001:00010bd0       ?get_WanWebURL@RTSPEncoderSession@RTSPServer@@IAEXPADH@Z 00411bd0 f   RTSPSdk.obj
 0001:00010c00       ?get_P2PLanURL@RTSPEncoderSession@RTSPServer@@IAEXPADH@Z 00411c00 f   RTSPSdk.obj
 0001:00010c30       ?get_P2PWanURL@RTSPEncoderSession@RTSPServer@@IAEXPADH@Z 00411c30 f   RTSPSdk.obj
 0001:00010c60       ?get_LanFtpURL@RTSPEncoderSession@RTSPServer@@IAEXPADH@Z 00411c60 f   RTSPSdk.obj
 0001:00010c90       ?get_WanFtpURL@RTSPEncoderSession@RTSPServer@@IAEXPADH@Z 00411c90 f   RTSPSdk.obj
 0001:00010cc0       ?get_LanVoiceAddr@RTSPEncoderSession@RTSPServer@@IAEXPADH@Z 00411cc0 f   RTSPSdk.obj
 0001:00010cf0       ?get_WanVoiceAddr@RTSPEncoderSession@RTSPServer@@IAEXPADH@Z 00411cf0 f   RTSPSdk.obj
 0001:00010d20       ?get_LanDataAddr@RTSPEncoderSession@RTSPServer@@IAEXPADH@Z 00411d20 f   RTSPSdk.obj
 0001:00010d50       ?get_WanDataAddr@RTSPEncoderSession@RTSPServer@@IAEXPADH@Z 00411d50 f   RTSPSdk.obj
 0001:00010d80       ?videoGetFrameInfo@@YAXPAXPADPAEPAH3@Z 00411d80 f   RTSPSdk.obj
 0001:00010e30       ?getFileHandle@@YAPAXHPAD0PAH@Z 00411e30 f   RTSPSdk.obj
 0001:00010e80       ?getFileVideoFrame@@YAXPAXPAHPAE11_N@Z 00411e80 f   RTSPSdk.obj
 0001:00010ee0       ?getFileAudioFrame@@YAXPAXPAHPAE11@Z 00411ee0 f   RTSPSdk.obj
 0001:00010ee0       ?audioGetFrameInfo@@YAXPAXPAD1PAH2@Z 00411ee0 f   RTSPSdk.obj
 0001:00010f40       ?getSubsessionParaConfig@@YAXPADHHAAI11111@Z 00411f40 f   RTSPSdk.obj
 0001:00011100       ?getStoreFileResolution@@YAXPADAAH1@Z 00412100 f   RTSPSdk.obj
 0001:000111f0       ?createNew@RTSPServer@@SAPAV1@AAVUsageEnvironment@@VPort@@PAVUserAuthenticationDatabase@@I@Z 004121f0 f   RTSPServer.obj
 0001:00011280       ?lookupByName@RTSPServer@@SAIAAVUsageEnvironment@@PBDAAPAV1@@Z 00412280 f   RTSPServer.obj
 0001:000112e0       ?addServerMediaSession@RTSPServer@@QAEXPAVServerMediaSession@@@Z 004122e0 f   RTSPServer.obj
 0001:00011310       ?lookupServerMediaSession@RTSPServer@@UAEPAVServerMediaSession@@PBD@Z 00412310 f   RTSPServer.obj
 0001:00011320       ?removeServerMediaSession@RTSPServer@@QAEXPAVServerMediaSession@@@Z 00412320 f   RTSPServer.obj
 0001:00011360       ?rtspURLPrefix@RTSPServer@@QBEPADH@Z 00412360 f   RTSPServer.obj
 0001:00011410       ?rtspURL@RTSPServer@@QBEPADPBVServerMediaSession@@H@Z 00412410 f   RTSPServer.obj
 0001:00011470       ?setUpOurSocket@RTSPServer@@KAHAAVUsageEnvironment@@AAVPort@@@Z 00412470 f   RTSPServer.obj
 0001:000114f0       ?specialClientAccessCheck@RTSPServer@@MAEIHAAUsockaddr_in@@PBD@Z 004124f0 f   RTSPServer.obj
 0001:00011500       ??0RTSPServer@@IAE@AAVUsageEnvironment@@HVPort@@PAVUserAuthenticationDatabase@@I@Z 00412500 f   RTSPServer.obj
 0001:00011590       ??_GRTSPServer@@MAEPAXI@Z  00412590 f i RTSPServer.obj
 0001:00011590       ??_ERTSPServer@@MAEPAXI@Z  00412590 f i RTSPServer.obj
 0001:000115b0       ??1RTSPServer@@MAE@XZ      004125b0 f   RTSPServer.obj
 0001:00011640       ?incomingConnectionHandler@RTSPServer@@CAXPAXH@Z 00412640 f   RTSPServer.obj
 0001:00011650       ?incomingConnectionHandler1@RTSPServer@@AAEXXZ 00412650 f   RTSPServer.obj
 0001:000116f0       ??0RTSPClientSession@RTSPServer@@QAE@AAV1@IHUsockaddr_in@@@Z 004126f0 f   RTSPServer.obj
 0001:00011810       ??_GRTSPClientSession@RTSPServer@@UAEPAXI@Z 00412810 f i RTSPServer.obj
 0001:00011810       ??_ERTSPClientSession@RTSPServer@@UAEPAXI@Z 00412810 f i RTSPServer.obj
 0001:00011830       ??1RTSPClientSession@RTSPServer@@UAE@XZ 00412830 f   RTSPServer.obj
 0001:000119a0       ?reclaimStreamStates@RTSPClientSession@RTSPServer@@IAEXXZ 004129a0 f   RTSPServer.obj
 0001:00011a10       ?resetRequestBuffer@RTSPClientSession@RTSPServer@@IAEXXZ 00412a10 f   RTSPServer.obj
 0001:00011a40       ?incomingRequestHandler@RTSPClientSession@RTSPServer@@KAXPAXH@Z 00412a40 f   RTSPServer.obj
 0001:00011a50       ?incomingHttpRequestHandler@RTSPClientSession@RTSPServer@@KAXPAXH@Z 00412a50 f   RTSPServer.obj
 0001:00011a60       ?incomingHttpGetRequestHandler@RTSPClientSession@RTSPServer@@KAXPAXH@Z 00412a60 f   RTSPServer.obj
 0001:00011a70       ?incomingHttpGetRequestHandler1@RTSPClientSession@RTSPServer@@MAEXXZ 00412a70 f   RTSPServer.obj
 0001:00011af0       ?incomingHttpRequestHandler1@RTSPClientSession@RTSPServer@@MAEXXZ 00412af0 f   RTSPServer.obj
 0001:00011b70       ?incomingRequestHandler1@RTSPClientSession@RTSPServer@@MAEXXZ 00412b70 f   RTSPServer.obj
 0001:00011bc0       ?handleAlternativeRequestByte@RTSPClientSession@RTSPServer@@KAXPAXE@Z 00412bc0 f   RTSPServer.obj
 0001:00011bd0       ?handleAlternativeRequestByte1@RTSPClientSession@RTSPServer@@MAEXE@Z 00412bd0 f   RTSPServer.obj
 0001:00011c00       ?handleRequestBytes@RTSPClientSession@RTSPServer@@MAEXH@Z 00412c00 f   RTSPServer.obj
 0001:00012a60       ?dateHeader@@YAPBDXZ       00413a60 f   RTSPServer.obj
 0001:00012aa0       ?handleCmd_bad@RTSPClientSession@RTSPServer@@MAEXPBD@Z 00413aa0 f   RTSPServer.obj
 0001:00012ad0       ?handleCmd_notSupported@RTSPClientSession@RTSPServer@@MAEXPBD@Z 00413ad0 f   RTSPServer.obj
 0001:00012b10       ?handleCmd_notFound@RTSPClientSession@RTSPServer@@MAEXPBD@Z 00413b10 f   RTSPServer.obj
 0001:00012b50       ?handleCmd_unsupportedTransport@RTSPClientSession@RTSPServer@@MAEXPBD@Z 00413b50 f   RTSPServer.obj
 0001:00012b90       ?handleCmd_OPTIONS@RTSPClientSession@RTSPServer@@MAEXPBD@Z 00413b90 f   RTSPServer.obj
 0001:00012bd0       ?handleCmd_DESCRIBE@RTSPClientSession@RTSPServer@@MAEXPBD00@Z 00413bd0 f   RTSPServer.obj
 0001:00012fb0       ?handleCmd_SETUP@RTSPClientSession@RTSPServer@@MAEXPBD000@Z 00413fb0 f   RTSPServer.obj
 0001:00013660       ?handleCmd_withinSession@RTSPClientSession@RTSPServer@@MAEXPBD0000@Z 00414660 f   RTSPServer.obj
 0001:000139b0       ?handleCmd_TEARDOWN@RTSPClientSession@RTSPServer@@MAEXPAVServerMediaSubsession@@PBD@Z 004149b0 f   RTSPServer.obj
 0001:00013a40       ?parseScaleHeader@@YAIPBDAAM@Z 00414a40 f   RTSPServer.obj
 0001:00013ab0       ?handleCmd_PLAY@RTSPClientSession@RTSPServer@@MAEXPAVServerMediaSubsession@@PBD1@Z 00414ab0 f   RTSPServer.obj
 0001:00014000       ?handleCmd_PAUSE@RTSPClientSession@RTSPServer@@MAEXPAVServerMediaSubsession@@PBD@Z 00415000 f   RTSPServer.obj
 0001:00014090       ?handleCmd_GET_PARAMETER@RTSPClientSession@RTSPServer@@MAEXPAVServerMediaSubsession@@PBD1@Z 00415090 f   RTSPServer.obj
 0001:000140d0       ?handleCmd_SET_PARAMETER@RTSPClientSession@RTSPServer@@MAEXPAVServerMediaSubsession@@PBD1@Z 004150d0 f   RTSPServer.obj
 0001:000140e0       ?authenticationOK@RTSPClientSession@RTSPServer@@IAEIPBD000@Z 004150e0 f   RTSPServer.obj
 0001:00014600       ?noteLiveness@RTSPClientSession@RTSPServer@@QAEXXZ 00415600 f   RTSPServer.obj
 0001:00014640       ?noteClientLiveness@RTSPClientSession@RTSPServer@@KAXPAV12@@Z 00415640 f   RTSPServer.obj
 0001:00014650       ?livenessTimeoutTask@RTSPClientSession@RTSPServer@@KAXPAV12@@Z 00415650 f   RTSPServer.obj
 0001:00014660       ?createNewClientSession@RTSPServer@@UAEPAVRTSPClientSession@1@IHUsockaddr_in@@@Z 00415660 f   RTSPServer.obj
 0001:000146f0       ?insert@?$vector@PAVRTSPClientSession@RTSPServer@@V?$allocator@PAVRTSPClientSession@RTSPServer@@@std@@@std@@QAEXPAPAVRTSPClientSession@RTSPServer@@IABQAV34@@Z 004156f0 f i RTSPServer.obj
 0001:00014900       ?createNew@ServerMediaSession@@SAPAV1@AAVUsageEnvironment@@PBD11I1@Z 00415900 f   ServerMediaSession.obj
 0001:00014980       ??0ServerMediaSession@@IAE@AAVUsageEnvironment@@PBD11I1@Z 00415980 f   ServerMediaSession.obj
 0001:00014a50       ??_EServerMediaSession@@UAEPAXI@Z 00415a50 f i ServerMediaSession.obj
 0001:00014a50       ??_GServerMediaSession@@UAEPAXI@Z 00415a50 f i ServerMediaSession.obj
 0001:00014a70       ??1ServerMediaSession@@UAE@XZ 00415a70 f   ServerMediaSession.obj
 0001:00014af0       ?addSubsession@ServerMediaSession@@QAEIPAVServerMediaSubsession@@@Z 00415af0 f   ServerMediaSession.obj
 0001:00014b30       ?resetMediaServersession@ServerMediaSession@@QAEXXZ 00415b30 f   ServerMediaSession.obj
 0001:00014b40       ?testScaleFactor@ServerMediaSession@@QAEXAAM@Z 00415b40 f   ServerMediaSession.obj
 0001:00014cc0       ?duration@ServerMediaSession@@QBEMXZ 00415cc0 f   ServerMediaSession.obj
 0001:00014d50       ?generateSDPDescription@ServerMediaSession@@QAEPADXZ 00415d50 f   ServerMediaSession.obj
 0001:00014f20       ??0ServerMediaSubsessionIterator@@QAE@AAVServerMediaSession@@@Z 00415f20 f   ServerMediaSession.obj
 0001:00014f40       ??_GServerMediaSubsessionIterator@@UAEPAXI@Z 00415f40 f i ServerMediaSession.obj
 0001:00014f40       ??_EServerMediaSubsessionIterator@@UAEPAXI@Z 00415f40 f i ServerMediaSession.obj
 0001:00014f60       ??1ServerMediaSubsessionIterator@@UAE@XZ 00415f60 f   ServerMediaSession.obj
 0001:00014f70       ?next@ServerMediaSubsessionIterator@@QAEPAVServerMediaSubsession@@XZ 00415f70 f   ServerMediaSession.obj
 0001:00014f80       ?reset@ServerMediaSubsessionIterator@@QAEXXZ 00415f80 f   ServerMediaSession.obj
 0001:00014f90       ??0ServerMediaSubsession@@IAE@AAVUsageEnvironment@@@Z 00415f90 f   ServerMediaSession.obj
 0001:00014fc0       ??_GServerMediaSubsession@@UAEPAXI@Z 00415fc0 f i ServerMediaSession.obj
 0001:00014fc0       ??_EServerMediaSubsession@@UAEPAXI@Z 00415fc0 f i ServerMediaSession.obj
 0001:00014fe0       ??1ServerMediaSubsession@@UAE@XZ 00415fe0 f   ServerMediaSession.obj
 0001:00015040       ?trackId@ServerMediaSubsession@@QAEPBDXZ 00416040 f   ServerMediaSession.obj
 0001:00015090       ?seekStream@ServerMediaSubsession@@UAEXIPAXN@Z 00416090 f   ServerMediaSession.obj
 0001:000150a0       ?setStreamScale@ServerMediaSubsession@@UAEXIPAXM@Z 004160a0 f   ServerMediaSession.obj
 0001:000150a0       ?seekStreamSource@EncoderMediaSubsession@@MAEXPAVFramedSource@@N@Z 004160a0 f   ServerMediaSession.obj
 0001:000150b0       ?testScaleFactor@ServerMediaSubsession@@UAEXAAM@Z 004160b0 f   ServerMediaSession.obj
 0001:000150c0       ?duration@ServerMediaSubsession@@UBEMXZ 004160c0 f   ServerMediaSession.obj
 0001:000150d0       ?rangeSDPLine@ServerMediaSubsession@@IBEPBDXZ 004160d0 f   ServerMediaSession.obj
 0001:00015160       ?strDup@@YAPADPBD@Z        00416160 f   strDup.obj
 0001:000151a0       ?strDupSize@@YAPADPBD@Z    004161a0 f   strDup.obj
 0001:000151d0       ?httpRequestKey@@YAHPAD0@Z 004161d0 f   testlive555.obj
 0001:00015420       ?supportMoreVideoAccess@@YAXPAVRTSPServer@@HHPAD@Z 00416420 f   testlive555.obj
 0001:00015880       ?realEntryMain@@YAXXZ      00416880 f   testlive555.obj
 0001:00015a60       _main                      00416a60 f   testlive555.obj
 0001:00015b40       ??0UsageEnvironment@@IAE@AAVTaskScheduler@@@Z 00416b40 f   UsageEnvironment.obj
 0001:00015b60       ??_EUsageEnvironment@@MAEPAXI@Z 00416b60 f i UsageEnvironment.obj
 0001:00015b60       ??_GUsageEnvironment@@MAEPAXI@Z 00416b60 f i UsageEnvironment.obj
 0001:00015b80       ??1UsageEnvironment@@MAE@XZ 00416b80 f   UsageEnvironment.obj
 0001:00015b90       ??0TaskScheduler@@IAE@XZ   00416b90 f   UsageEnvironment.obj
 0001:00015ba0       ??_ETaskScheduler@@UAEPAXI@Z 00416ba0 f i UsageEnvironment.obj
 0001:00015ba0       ??_GTaskScheduler@@UAEPAXI@Z 00416ba0 f i UsageEnvironment.obj
 0001:00015bc0       ??1TaskScheduler@@UAE@XZ   00416bc0 f   UsageEnvironment.obj
 0001:00015bd0       ?rescheduleDelayedTask@TaskScheduler@@UAEXAAPAX_JP6AXPAX@Z2@Z 00416bd0 f   UsageEnvironment.obj
 0001:00015c00       ??0VideoRTPSink@@IAE@AAVUsageEnvironment@@PAXPAVGroupsock@@EIPBD@Z 00416c00 f   VideoRTPSink.obj
 0001:00015c40       ??_EVideoRTPSink@@MAEPAXI@Z 00416c40 f i VideoRTPSink.obj
 0001:00015c40       ??_GVideoRTPSink@@MAEPAXI@Z 00416c40 f i VideoRTPSink.obj
 0001:00015c60       ??1VideoRTPSink@@MAE@XZ    00416c60 f   VideoRTPSink.obj
 0001:00015c70       ?sdpMediaType@VideoRTPSink@@EBEPBDXZ 00416c70 f   VideoRTPSink.obj
 0001:00015c80       ?xvid_enc_init@@YAPAXHHHHHH@Z 00416c80 f   xvid_interface.obj
 0001:00015eb0       ?xvid_encode_frame@@YAHPAXPAEHH1I@Z 00416eb0 f   xvid_interface.obj
 0001:00015f40       ?xvid_release@@YAXPAX@Z    00416f40 f   xvid_interface.obj
 0001:00015f60       ___WSAFDIsSet@8            00416f60 f   wsock32:WSOCK32.dll
 0001:00015f66       _socket@12                 00416f66 f   wsock32:WSOCK32.dll
 0001:00015f6c       _WSAGetLastError@0         00416f6c f   wsock32:WSOCK32.dll
 0001:00015f72       _select@20                 00416f72 f   wsock32:WSOCK32.dll
 0001:00015f78       _gethostname@8             00416f78 f   wsock32:WSOCK32.dll
 0001:00015f7e       _closesocket@4             00416f7e f   wsock32:WSOCK32.dll
 0001:00015f84       _ntohs@4                   00416f84 f   wsock32:WSOCK32.dll
 0001:00015f8a       _bind@12                   00416f8a f   wsock32:WSOCK32.dll
 0001:00015f90       _setsockopt@20             00416f90 f   wsock32:WSOCK32.dll
 0001:00015f96       _ioctlsocket@12            00416f96 f   wsock32:WSOCK32.dll
 0001:00015f9c       _recvfrom@24               00416f9c f   wsock32:WSOCK32.dll
 0001:00015fa2       _sendto@24                 00416fa2 f   wsock32:WSOCK32.dll
 0001:00015fa8       _getsockopt@20             00416fa8 f   wsock32:WSOCK32.dll
 0001:00015fae       _getsockname@12            00416fae f   wsock32:WSOCK32.dll
 0001:00015fb4       _ntohl@4                   00416fb4 f   wsock32:WSOCK32.dll
 0001:00015fba       _gethostbyname@4           00416fba f   wsock32:WSOCK32.dll
 0001:00015fc0       _htonl@4                   00416fc0 f   wsock32:WSOCK32.dll
 0001:00015fc6       _inet_addr@4               00416fc6 f   wsock32:WSOCK32.dll
 0001:00015fcc       _inet_ntoa@4               00416fcc f   wsock32:WSOCK32.dll
 0001:00015fd2       _WSACleanup@0              00416fd2 f   wsock32:WSOCK32.dll
 0001:00015fd8       _WSAStartup@8              00416fd8 f   wsock32:WSOCK32.dll
 0001:00015fde       _htons@4                   00416fde f   wsock32:WSOCK32.dll
 0001:00015fe4       _send@16                   00416fe4 f   wsock32:WSOCK32.dll
 0001:00015fea       _connect@12                00416fea f   wsock32:WSOCK32.dll
 0001:00015ff0       _listen@8                  00416ff0 f   wsock32:WSOCK32.dll
 0001:00015ff6       _accept@12                 00416ff6 f   wsock32:WSOCK32.dll
 0001:00016000       _xvid_global               00417000 f   libxvidcore:xvid.obj
 0001:00016ba0       _xvid_encore               00417ba0 f   libxvidcore:xvid.obj
 0001:00016bf0       _xvid_plugin_2pass1        00417bf0 f   libxvidcore:plugin_2pass1.obj
 0001:00016ea0       _xvid_plugin_2pass2        00417ea0 f   libxvidcore:plugin_2pass2.obj
 0001:00018d70       _xvid_plugin_single        00419d70 f   libxvidcore:plugin_single.obj
 0001:00023650       _xvid_Init_QP              00424650 f   libxvidcore:qpel.obj
 0001:00023820       _init_GMC                  00424820 f   libxvidcore:gmc.obj
 0001:00024480       _generate_GMCparameters    00425480 f   libxvidcore:gmc.obj
 0001:00024c50       _generate_GMCimage         00425c50 f   libxvidcore:gmc.obj
 0001:00024dd0       _sad16_c                   00425dd0 f   libxvidcore:sad.obj
 0001:00024f50       _sad16bi_c                 00425f50 f   libxvidcore:sad.obj
 0001:00024fe0       _sad8bi_c                  00425fe0 f   libxvidcore:sad.obj
 0001:00025070       _sad8_c                    00426070 f   libxvidcore:sad.obj
 0001:00025160       _dev16_c                   00426160 f   libxvidcore:sad.obj
 0001:000251c0       _sad16v_c                  004261c0 f   libxvidcore:sad.obj
 0001:00025230       _sad32v_c                  00426230 f   libxvidcore:sad.obj
 0001:000252c0       _sse8_16bit_c              004262c0 f   libxvidcore:sad.obj
 0001:000253c0       _sse8_8bit_c               004263c0 f   libxvidcore:sad.obj
 0001:000254d0       _calc_cbp_c                004264d0 f   libxvidcore:cbp.obj
 0001:000255a0       _rgb555_to_yv12_c          004265a0 f   libxvidcore:colorspace.obj
 0001:00025930       _rgb565_to_yv12_c          00426930 f   libxvidcore:colorspace.obj
 0001:00025cc0       _bgr_to_yv12_c             00426cc0 f   libxvidcore:colorspace.obj
 0001:00026010       _bgra_to_yv12_c            00427010 f   libxvidcore:colorspace.obj
 0001:00026360       _rgb_to_yv12_c             00427360 f   libxvidcore:colorspace.obj
 0001:000266b0       _abgr_to_yv12_c            004276b0 f   libxvidcore:colorspace.obj
 0001:00026a10       _rgba_to_yv12_c            00427a10 f   libxvidcore:colorspace.obj
 0001:00026d60       _argb_to_yv12_c            00427d60 f   libxvidcore:colorspace.obj
 0001:000270c0       _yuyv_to_yv12_c            004280c0 f   libxvidcore:colorspace.obj
 0001:00027250       _uyvy_to_yv12_c            00428250 f   libxvidcore:colorspace.obj
 0001:000273b0       _rgb555i_to_yv12_c         004283b0 f   libxvidcore:colorspace.obj
 0001:00027a40       _rgb565i_to_yv12_c         00428a40 f   libxvidcore:colorspace.obj
 0001:000280d0       _bgri_to_yv12_c            004290d0 f   libxvidcore:colorspace.obj
 0001:00028710       _bgrai_to_yv12_c           00429710 f   libxvidcore:colorspace.obj
 0001:00028d50       _abgri_to_yv12_c           00429d50 f   libxvidcore:colorspace.obj
 0001:000293a0       _rgbi_to_yv12_c            0042a3a0 f   libxvidcore:colorspace.obj
 0001:000299e0       _rgbai_to_yv12_c           0042a9e0 f   libxvidcore:colorspace.obj
 0001:0002a030       _argbi_to_yv12_c           0042b030 f   libxvidcore:colorspace.obj
 0001:0002a690       _yuyvi_to_yv12_c           0042b690 f   libxvidcore:colorspace.obj
 0001:0002a8e0       _uyvyi_to_yv12_c           0042b8e0 f   libxvidcore:colorspace.obj
 0001:0002aaf0       _yv12_to_rgb555_c          0042baf0 f   libxvidcore:colorspace.obj
 0001:0002af70       _yv12_to_rgb565_c          0042bf70 f   libxvidcore:colorspace.obj
 0001:0002b3f0       _yv12_to_bgr_c             0042c3f0 f   libxvidcore:colorspace.obj
 0001:0002b820       _yv12_to_bgra_c            0042c820 f   libxvidcore:colorspace.obj
 0001:0002bc80       _yv12_to_abgr_c            0042cc80 f   libxvidcore:colorspace.obj
 0001:0002c0e0       _yv12_to_rgb_c             0042d0e0 f   libxvidcore:colorspace.obj
 0001:0002c510       _yv12_to_rgba_c            0042d510 f   libxvidcore:colorspace.obj
 0001:0002c970       _yv12_to_argb_c            0042d970 f   libxvidcore:colorspace.obj
 0001:0002cdd0       _yv12_to_yuyv_c            0042ddd0 f   libxvidcore:colorspace.obj
 0001:0002cf00       _yv12_to_uyvy_c            0042df00 f   libxvidcore:colorspace.obj
 0001:0002d030       _yv12_to_rgb555i_c         0042e030 f   libxvidcore:colorspace.obj
 0001:0002d890       _yv12_to_rgb565i_c         0042e890 f   libxvidcore:colorspace.obj
 0001:0002e110       _yv12_to_bgri_c            0042f110 f   libxvidcore:colorspace.obj
 0001:0002e8c0       _yv12_to_bgrai_c           0042f8c0 f   libxvidcore:colorspace.obj
 0001:0002f090       _yv12_to_abgri_c           00430090 f   libxvidcore:colorspace.obj
[...]
 0001:000572f0       _write_multi_char          004582f0 f   LIBC:output.obj
 0001:00057321       _write_string              00458321 f   LIBC:output.obj
 0001:00057359       _get_int_arg               00458359 f   LIBC:output.obj
 0001:00057366       _get_int64_arg             00458366 f   LIBC:output.obj
 0001:00057376       _get_short_arg             00458376 f   LIBC:output.obj
 0001:000561ae       ?FindHandler@@YAXPAUEHExceptionRecord@@PAUEHRegistrationNode@@PAU_CONTEXT@@PAXPBU_s_FuncInfo@@EH1@Z 004571ae f   LIBC:frame.obj
 0001:00056355       ?FindHandlerForForeignException@@YAXPAUEHExceptionRecord@@PAUEHRegistrationNode@@PAU_CONTEXT@@PAXPBU_s_FuncInfo@@HH1@Z 00457355 f   LIBC:frame.obj
 0001:000563fd       ?TypeMatch@@YAHPBU_s_HandlerType@@PBU_s_CatchableType@@PBU_s_ThrowInfo@@@Z 004573fd f   LIBC:frame.obj
 0001:000564f8       ?FrameUnwindFilter@@YAHPAU_EXCEPTION_POINTERS@@@Z 004574f8 f   LIBC:frame.obj
 0001:0005650e       ?CatchIt@@YAXPAUEHExceptionRecord@@PAUEHRegistrationNode@@PAU_CONTEXT@@PAXPBU_s_FuncInfo@@PBU_s_HandlerType@@PBU_s_CatchableType@@PBU_s_TryBlockMapEntry@@H1E@Z 0045750e f   LIBC:frame.obj
 0001:00056589       ?CallCatchBlock@@YAPAXPAUEHExceptionRecord@@PAUEHRegistrationNode@@PAU_CONTEXT@@PBU_s_FuncInfo@@PAXHK@Z 00457589 f   LIBC:frame.obj
 0001:00056695       ?ExFilterRethrow@@YAHPAU_EXCEPTION_POINTERS@@@Z 00457695 f   LIBC:frame.obj
 0001:000566bf       ?BuildCatchObject@@YAXPAUEHExceptionRecord@@PAUEHRegistrationNode@@PBU_s_HandlerType@@PBU_s_CatchableType@@@Z 004576bf f   LIBC:frame.obj
 0001:000568ea       ?AdjustPointer@@YAPAXPAXABUPMD@@@Z 004578ea f   LIBC:frame.obj
 0001:00055c6e       _fast_error_exit           00456c6e f   LIBC:crt0.obj
 0001:00055264       __expandtime               00456264 f   LIBC:strftime.obj
 0001:00055653       __store_str                00456653 f   LIBC:strftime.obj
 0001:0005567a       __store_num                0045667a f   LIBC:strftime.obj
 0001:000556e9       __store_number             004566e9 f   LIBC:strftime.obj
 0001:00055732       __store_winword            00456732 f   LIBC:strftime.obj
 0001:00054c13       _flsall                    00455c13 f   LIBC:fflush.obj
 0001:00054ac0       _doexit                    00455ac0 f   LIBC:crt0dat.obj
 0001:00054b59       __initterm                 00455b59 f   LIBC:crt0dat.obj
 0001:0005447d       __setlocale_set_cat        0045547d f   LIBC:setlocal.obj
 0001:00054598       __setlocale_get_all        00455598 f   LIBC:setlocal.obj
 0001:00053910       LeadUp1                    00454910 f   LIBC:memmove.obj
 0001:0005393c       LeadUp2                    0045493c f   LIBC:memmove.obj
 0001:00053960       LeadUp3                    00454960 f   LIBC:memmove.obj
 0001:000539df       UnwindUp0                  004549df f   LIBC:memmove.obj
 0001:000539cc       UnwindUp1                  004549cc f   LIBC:memmove.obj
 0001:000539c4       UnwindUp2                  004549c4 f   LIBC:memmove.obj
 0001:000539bc       UnwindUp3                  004549bc f   LIBC:memmove.obj
 0001:000539b4       UnwindUp4                  004549b4 f   LIBC:memmove.obj
 0001:000539ac       UnwindUp5                  004549ac f   LIBC:memmove.obj
 0001:000539a4       UnwindUp6                  004549a4 f   LIBC:memmove.obj
 0001:0005399c       UnwindUp7                  0045499c f   LIBC:memmove.obj
 0001:000539f8       TrailUp0                   004549f8 f   LIBC:memmove.obj
 0001:00053a00       TrailUp1                   00454a00 f   LIBC:memmove.obj
 0001:00053a0c       TrailUp2                   00454a0c f   LIBC:memmove.obj
 0001:00053a20       TrailUp3                   00454a20 f   LIBC:memmove.obj
 0001:00053a98       LeadDown1                  00454a98 f   LIBC:memmove.obj
 0001:00053ab8       LeadDown2                  00454ab8 f   LIBC:memmove.obj
 0001:00053ae0       LeadDown3                  00454ae0 f   LIBC:memmove.obj
 0001:00053b34       UnwindDown7                00454b34 f   LIBC:memmove.obj
 0001:00053b3c       UnwindDown6                00454b3c f   LIBC:memmove.obj
 0001:00053b44       UnwindDown5                00454b44 f   LIBC:memmove.obj
 0001:00053b4c       UnwindDown4                00454b4c f   LIBC:memmove.obj
 0001:00053b54       UnwindDown3                00454b54 f   LIBC:memmove.obj
 0001:00053b5c       UnwindDown2                00454b5c f   LIBC:memmove.obj
 0001:00053b64       UnwindDown1                00454b64 f   LIBC:memmove.obj
 0001:00053b77       UnwindDown0                00454b77 f   LIBC:memmove.obj
 0001:00053b90       TrailDown0                 00454b90 f   LIBC:memmove.obj
 0001:00053b98       TrailDown1                 00454b98 f   LIBC:memmove.obj
 0001:00053ba8       TrailDown2                 00454ba8 f   LIBC:memmove.obj
 0001:00053bbc       TrailDown3                 00454bbc f   LIBC:memmove.obj
 0001:0005354c       _gu_return                 0045454c f   LIBC:exsup.obj
 0001:00053554       __unwind_handler           00454554 f   LIBC:exsup.obj
 0001:00053368       ?CatchGuardHandler@@YA?AW4_EXCEPTION_DISPOSITION@@PAUEHExceptionRecord@@PAUCatchGuardRN@@PAX2@Z 00454368 f   LIBC:trnsctrl.obj
 0001:00053441       ?TranslatorGuardHandler@@YA?AW4_EXCEPTION_DISPOSITION@@PAUEHExceptionRecord@@PAUTranslatorGuardRN@@PAX2@Z 00454441 f   LIBC:trnsctrl.obj

FIXUPS: 5488f ffffff82 9 e 25 9 e ffffff89 7 9 fffffe7a ffffffd5 1d fffffedf
FIXUPS: 542b3 4d 55 2f 103 17 3c 48 fffffd24 fffffff3 d1f 1f f 3c 13 11
FIXUPS: 54f15 8 8 19 ffffff8a 17 13 ffffff84 c 17 13 fffffe58 5 a ffffffc7
FIXUPS: 54ceb b ffffff45 19 12 58 e ffffff13 a 10 b 9d2 1a d 1e 24 6a 12
FIXUPS: 556ce 1e 24 11 17 18 c 29 1e 26 18 5c 2b 1c 24 fffff935 21 2b 12
FIXUPS: 550f3 1e 26 23 fffffee3 b af4 fffffeac 32 19 fffffeaf 13 14 25
FIXUPS: 55960 fffff947 53 3c e 20 21 17 22 34 22 13 26 d 16 30 17 7 41
FIXUPS: 55516 1a 35 23 26 b8a d 30 ffffff86 fffffdea 22 16 1a 15 8 ffffff55
FIXUPS: 55ec6 ffffffa9 ffffff5f a ffffff56 13 ffffff57 41 37 fffffe6e 9
FIXUPS: 55b9f 3c 32 34 1b fffffe2b f 11 11 73 11ea 2f 25 fffffe5b c a 10
FIXUPS: 56bf4 5 5 1c c 11 e e 9 1c 9 fffffec2 11 9 fffff64f 90 165 14c
FIXUPS: 56583 68 5c 4f 1a8 16 1e0 e19 c 7 1f 43 24 fffff805 1d ffffffb4
FIXUPS: 56e19 15 27 1e d 1c 6 b 3e 9 3b 4d 27 12 1d c 36 c 34 44 fffffcf9
FIXUPS: 56cf7 d 695 51 3a 78 1b e 45 1f 17 11 21 e 7d 2c 14 4a 7 93 12
FIXUPS: 5774f 1e 12 16 30 12 15 9 a e e 18 c 9b5 27 17 1e 18 11 60 32 37
FIXUPS: 57a6a b 29 38 1b fffffebd 56 ffffff2b 22 fffff7d4 23 58 2f 4b b
FIXUPS: 57243 32 49 42 1f 28 a 2a 124d 13 1a 14 d 11 12 16 19 fffffd76
FIXUPS: 58409 fffff80a 40 9d 19 68 8a d 2e 25 74 80 be 3b 18 c 15 8 8f
FIXUPS: 5812a 98 16 d74 20 16 2d 9 1f 27 45 12 24 23 2e 16 13 19 b fffffbcb
FIXUPS: 58c78 ffffffc0 19 fffffe26 e 82 fffffea2 48 50 22 fffffc79 107
FIXUPS: 58513 16 8a 21b9 12 ffffff38 ffffff91 fffff00f 106 f 7b8 157 b2
FIXUPS: 5a17d 4f b6 80 ffffee55 8b 56 e 24 1b 32 14 d fffffa18 1b ae 1b
FIXUPS: 58e11 13 26 41 a4 2246 8 8 8 8 8 8 8 e b b b b b b b b b b fffff64e
FIXUPS: 5a884 d c 19 11 ffffff1b 25 ffffffaf ffffff6c 17 9 c 8b1 17 14
FIXUPS: 5b03e 14 17 14 17 1f 8 8 8 8 8 7 8 8 8 8 8 8 8 8 8 b 8 8 8 8 8
FIXUPS: 5b165 8 fffffc51 14 11 e 11 14 11 11 11 14 11 11 11 14 11 11 11
FIXUPS: 5aeeb 11 11 11 14 11 11 11 14 11 11 11 17 14 14 66d 8 8 8 fffffbe8
FIXUPS: 5b268 10 d 13 b b 31 d d 50 b b 19 25 7 25 fffff90c 13 b 6 15 b
FIXUPS: 5ad38 b 48 11 11 ab6 10 8 21 b fffffb6f 13 b 6 34 b 3d b 35 10
FIXUPS: 5b516 10 13 a e 10 10 13 10 10 10 13 10 10 59 8 8 6db 64 2a 30
FIXUPS: 5bdf7 3a 27 33 41 34 e 36 3b 41 c 61 11 34 50 18 d 11c fffff4af
FIXUPS: 5b6c8 b d 9 a8 31 70 18 11 1798 e a 38 39 16 14 8 fffff548 ffffff70
FIXUPS: 5c408 e5 fffffdb7 16 fffff71e 41 24 29 7 f 7 18 9a 41 30 18 36
FIXUPS: 5bc33 3a 46 3f 1f c25 2c 37 2d 17 2f f0 1a 30 15 2a a6 1f 4f 17
FIXUPS: 5ccdb 6f 33 27 c 19 2b 11 29 17 49 3d 1e 23 17 60 2a 84e 66 fffffa05
FIXUPS: 5d295 11a 15 6 7 17 e 1e 2e 2b 42 ba 4f 2f 15 fffffb08 5d fffff4ea
FIXUPS: 5c670 8 b 12 53 f8 e a8 32 2c 23 1902 ffffff3c 6 2b ffffff01 23
FIXUPS: 5e0ee 13 fffffcaf 35 f 10 17 fffffed7 19 14 14 12 f e 9 17 fffffde6
FIXUPS: 5db1b f ffffffb3 a fffffe51 c2 32 fffffe7f 3e 136f 1c fffffeb7
FIXUPS: 5ea1f 1c ffffffbe 9 fffffc1e 17 5c f 151 12 16 c 1d 18 a c e 17
FIXUPS: 5e8a7 24 54 16 20 c 21 c fffffac4 17 20 1576 fffffe06 ffffff9d
FIXUPS: 5f662 ffffff76 10 fffffe1a 10 5c 6a fffffd52 22 f 1c f 15 11 e
FIXUPS: 5f2d8 23 fffffd90 fffffe6d 59 23 3e 29 16 11 e fffffb30 30 bd 15b8
FIXUPS: 60256 61 ec 4a 78 76 fffffa4f 14 18 18 96 6 a 6 1b 4b fffffaa6
FIXUPS: 5fc32 3a 31 5 151 24 28 aa fffffbd2 1c f 15 fffffdd4 7c 18c9 fffffbd0
FIXUPS: 60e2b 41 10c fffffd35 24 ffffff98 ffffff6b fffffee7 fffffe18 38
FIXUPS: 60923 28 b 1f 2f 11 6 38 fffffe4e 63 fffffda9 1d 4e 19 46 1d 26
FIXUPS: 60763 d 9 fffb744a e e 499a4 30 71 e 1e fffffef1 7 d ffffff81 fffffdbc
FIXUPS: 612bd 1c 1b 1b 21 1c 1f 28 28 8 11 24 25 6c 10 12 fffffbd4 17 10f
FIXUPS: 19c7a 26 a0 ffffded7 13 13 13 68 25 11 13 d 3f 13 10 f 3f c2 fffff199
FIXUPS: 17027 e 2c 7 5 41 18b 1e6 593 14 1c d8 c1 121d 93 16 16 363 76
FIXUPS: 19374 15e 94 29 f1 77 21 3d a c 236 d1 82 5a 5b a a a 28 a 6 13
FIXUPS: 19c18 6 22 23 ffffe718 1f 16 a 1d 26 c 6 56 26 a1 199 11a 35 1db
FIXUPS: 18a19 16 15 8 1c 62 9 9 14 5f 43 13 8 47 8 6f 1e fffff23e 13 13
FIXUPS: 17f00 68 144 1b 6 22 13 1f 19 6 19 1b c c 6 27 3e 11 16 d 36 13
FIXUPS: 1828e 1a 2a 21 11 5e 10 d0a5 1c fffff24c 12 12 12 15 12 12 12 15
FIXUPS: 24727 12 12 15 12 12 12 15 ffff55ec 13 13 13 77 85 4b 1b 17 2d
FIXUPS: 19fb4 88 15f 20b99 19 f 71 ffffd138 a5 c2 ffffe337 70 1f 12 117
FIXUPS: 3656a b2 24 28a 119 2c 21a 71 11d 2c 248 ffffb6ea 3817 34d fffeec75
FIXUPS: 24f8b a0 19 325 18 14bea 20 18 3d 24 18 3d 13 24 13 12d f 16 b2
FIXUPS: 3a9d0 17 27 1d b b 1d 2e 24 18 1f 36 13 15 f7 f b9 f 589f 18 7a
FIXUPS: 3ae4f 39 14 27 15 b 79 1e 1d 954 508 77a ffffd0ea 5e 5c 20 18 3f
FIXUPS: 397af 1d f 1e 24 2b 4e 5e 6 5ad 1b 5521 3c 49 29 31 6d 40 16b e5
FIXUPS: 3f802 ac 2f 244 19 3d 75 16 23 1b7 3f 6a 13 13 1aa 54 3a 51 2e
FIXUPS: 4034f 101 40 bb ffffdb58 1d 25 47 42 16c 5e 2b a9 35 11 2e 12 55
FIXUPS: 3e7fe 26 26 322 e8 50 d cc d e 65 1d 109 1c 19 3cd 65 52 ffffe2ab
FIXUPS: 3d6ef c 19 25 1d 9 fb 30 ee e3 31 80 38 96 7d 7e 3f 9d 51 79 2c
FIXUPS: 3dece d 63 2c 50 1a 14 3c d 41 fffff30b f f c 15 15 43 c 6 34 53
FIXUPS: 3d4cb 2e 12 f 17 1a 17 14 14 14 14 17 14 14 1e 14 12 c f c 16 fffff7e9
FIXUPS: 3ce7d 1f 1f 1f 1f 47 45 38 44 3b 75 87 36 7c 1e 2e 12 f 17 1d 14
FIXUPS: 3d2b6 14 14 17 17 14 17 14 14 c 49bc 1a 34 1d 16 15 ffffec8d ac
FIXUPS: 409c0 22 3f fffffdd6 a 36 a 15b b ffffbf94 a0 5f 140 2c a1 12 3c
FIXUPS: 3ccbb 36 d8 1f 19 19 1f 46c3 10 8 b 6 432 24 18 2b 24 18 26 13
FIXUPS: 41a4d a4 20 18 1d 2e 27 1a 26 27 1d 34 24 18 d 2c 20 1b 1a fffff552
FIXUPS: 412b5 15 11 1d b 1a c 1a 1f 1a 19 a a 8 d d b 1f 17 21 9 10 7 c
FIXUPS: 41475 9 10 7 28 1d 1a fffff9d3 21 13 28 30 21 13 f 24 24 18 13
FIXUPS: 4102b 26 24 1a 29 27 1d 2b 24 18 31 24 18 13 b a 1a c 13 1a 5677
FIXUPS: 44412 89 48 2d b0 38 2ae ffffd96f 23 12 5f 205 7d ffffe74e 24 18
FIXUPS: 40cdd 24 18 24 26 24 18 26 24 1a 29 27 1d b 1c 79cd 32 90 81 15c
FIXUPS: 48c02 50 28d 2a 94 14f 160 4e9 7 560 96 42 44 41 1a3 ffffab5b 635
FIXUPS: 45235 362 238 1e8 c54 c4 42 114 28 4d 462d 6a 47 47 47 50 4d 5c
FIXUPS: 4b145 53 47 47 47 47 43 1b 5a ffffc06e 61 48 4a 47 136 11a 996
FIXUPS: 48552 56 f5 2c b2 88 35 50fe d d b eb 6b 736 105 72 3c 4a 2f 4a
FIXUPS: 4e4a0 46 48 82 3a 142 d ffffb993 d7 2a 21 1a 1f9 8ec 16 26 1e dc
FIXUPS: 4ae54 ae6 49 32 4d 46 40 45 74 37 107 d 500 193 39 a7 478 2f 283
FIXUPS: 4cb3a 1d7 2da 134 c 173 1ee 133 1e 1b9 14e d d b 2418 28 69 2e8
FIXUPS: 50243 136 c3 323 b6 7d 174 ac 16b b1 7e 17b 1ac 165 238 185 b7
FIXUPS: 5169c 111 267 48 5c 3e ffff99a1 13b 24d 8e 51 790e 17d 32d 238
FIXUPS: 53abd b2 1d4 23e 1ae ffffa702 32 55 41 331 ce 27 20 e2 12 47 b5
FIXUPS: 4f057 39a 1a0 265 87 1a5 135 3a 32 f3 17 11998 c fff9fa55 2e d
FIXUPS: 1143 12 6052f a fff9fb6b 1f 42 25 42 c a 50c60 18 66 5e 41 25 27
FIXUPS: 520c1 58c 13e 1e 270 30e 242 e0 1b2 fffae3e6 10 78 1f 6003d c fff9fff8
FIXUPS: 16e8 5fffd c fffa002a 1c d0 2b 1e 33 6d 6 38 31 5b 2c fffff993
FIXUPS: 1394 d 16 ffffff42 2b d 16 fffffcd5 38 e42 3a 11 18 17 5f884 a
FIXUPS: 1f41 13 d 50 1f 21 1f 21 1f fffff384 60 d 53 22 12 601dc a fff9fe41
FIXUPS: 1505 18 23 15 26 29 30 60150 fffa03e0 d 50 f 5fbc4 b a fffa0488
FIXUPS: 1be1 9 1e 29 5fb24 c fffa04ff 14 d 10 1b 98 d 37 1c d 59 5f96d
FIXUPS: 61781 fffa06a9 b 12 2f 568 9 1a e 17 11 15 11 1c 2e 14 5f31c a
FIXUPS: 25c1 2a a9 55 5e 5b 2f 1f 21 1f 21 1f fffff220 10 19 17 5fc34 b
FIXUPS: 61718 fffa12ec 2a 26 6a 3b 5c fffff537 1a 5f70f c fffa0913 30 d
FIXUPS: 2127 6a 8e 9 22 5e 1b 17 17 8 14 9 1a e 17 11 15 11 1c 7db 1f 5ecb2
FIXUPS: 6185e fffa1366 d 16 2d 8f 54 34 16 1f 21 1f 21 1f fffffac9 29 5ef23
FIXUPS: 61801 fffa1122 22 5eecf a fffa1156 d 3f 12 5ee62 a fffa11bc c87
FIXUPS: 36a0 21 1f 2b 26 fffff6f2 13 11 7 5 5ea21 a fffa15f6 d 16 25 1f
FIXUPS: 61895 c fffa1660 2b 27 20 25 2b e 1f 21 1f 21 1f 2e4 d 45 e 5e520
FIXUPS: 618de fffa1af9 15 c e d 35 32 a 1e f 13 2e f b 12 f f 35 1f 2d
FIXUPS: 35da 27 2d e 20 11 24d 19 c 6 2e 13 c 6 1b 1b 9 b 24 12 10 20 10
FIXUPS: 3a19 d 23 d 2a 16 fffff75b 20 30 63 d 5e 1c 5e589 a fffa31ac 1f
FIXUPS: 4ab1 32 32 de 8f 18 10 1c 14 19 16 e c ffffed8d 134 34 5b fffffb01
FIXUPS: 3784 d 16 d 7 1c c 20 14 1d 16 32 5e11f b b c fffa2bce 94 1a 2c
FIXUPS: 46ab b3 3c 3c 36 6 17 23 59 c 2f 6 6 a 6 9 9f d 16 31 15 14 18
FIXUPS: 4a56 fffff68c 6 29 5d843 a fffa2898 1e 13 29 2a 1f 25 13 29 43
FIXUPS: 4351 2a 6e 13 d f 2e a 36 25 39 25 a 5d461 9 a 9 fffa4014 12 5c0be
FIXUPS: 61a7e fffa3f60 a3 57 1a 22 ffffe19d 22 46 42 101 33 5da66 c fffa25e3
FIXUPS: 3f21 11 5d9e2 a fffa2646 d 3f b 20 5d959 a fffa2733 c a fe5 a 24
FIXUPS: 50f0 21 1c 1e 3e 1f 3f 18 1f 1f 70 1a 35a a a a 41 18c 35 5c1f4
FIXUPS: 61a41 fffa3e5a 65 12 5c142 a fffa3ee6 d 43 395 18 36 30 5bcf0 a
FIXUPS: 5dfb fffffd3e 2b d 16 35 fffff1c0 3f 5cc1a c fffa3425 f7 4d 18
FIXUPS: 4f80 5ca74 a fffa35b6 d 43 10 13 13 12 5c9c8 a fffa4c2f 39 22 f
FIXUPS: 66c0 24 11 9 17 3b 59 71 13 aa 54 24 48 1d 28 5b1b8 a fffa4e6d
FIXUPS: 6a40 20 18 1d 60 11 fffff162 20 28 6a 50b 48 5b8a7 8 b b a fffa4768
FIXUPS: 62b1 41 18 17 23 1c d f 5b7c8 b b a fffa487f 2c 5b766 c fffa4940
FIXUPS: 64dc 3c 16 9 18 17 41 fffff9fc 24 e 5baff b a fffa451b d 13 50
FIXUPS: 61af7 a fffa4590 15 b 15 b 15 b 15 37 14 8 8 8 f 1e e 12 18 e 17
FIXUPS: 749b 33 12 20 56 d 10 27 9 c 17 20 35 a 60 4f e 12 5c 1b e f ffffe68c
FIXUPS: 5e21 39 12 5bc48 a fffa43d9 41 23 1c 10b5 3e 16 49 16 12 42 13
FIXUPS: 7115 1f 20 1d 29 29 1e 29 33 1d 3c 31 33 b 1a 23 30 14 43 17 12
FIXUPS: 740b 49 2b fffff70c 1f 3e a 15 12 9 2b 1a 9 49 1d 16 17 18 1f 37
FIXUPS: 6d7b 15 12 9 1e 1d 9 28 33 37 64 41 1a 20 45 945 31 e 18 d 18 18
FIXUPS: 799b f8 44 13 f 1dd 35 18 1c 3a 46 18 3c 25 3d 3d 80 fffff882 d
FIXUPS: 77f4 d 27 fffff31e 16 17 1741 d 3c 13 1b 598aa c fffa67aa 24 1f
FIXUPS: 8405 18 27 d fffffc04 6 e 1b d 25 9 fffffea7 10 24 13 23 31 15
FIXUPS: 8022 7 fffff84b 1f c68 596f9 a fffa698e 81 d 1b 38 2c 12 45 29
FIXUPS: 8730 3d 20 a 80 fffff8da a 10 a 1f d 3c a 44 a 1c 33 1b 59976 c
FIXUPS: 94f7 18 fffff425 30 d 42 12 5924f a fffa6dde 33 59206 c fffa6e8e
FIXUPS: 8aea 5d 2a 38 18 32 1a c 6 c fffffc5e 1b d 16 fffffbc2 1b d 3b
FIXUPS: 8e05 47 13 21 16 28 15 17 1e 33 16 12 28 1b 2c 11 2f 48 34 2c eb
FIXUPS: 91cd 55 fa e 6d 16 14 7c 7 27 15 451 1d 7 1c 84 11 fffffb83 28
FIXUPS: 9576 1e d fb 28 d 45 fffff562 6 a 1c 58fb1 c fffa70ad 39 58f2d
FIXUPS: 61c7e fffa70e6 d 48 6 12 58ec3 a fffa89f8 8 9 b7 f 68 e fffffd1c
FIXUPS: a51c 4d 14 f fffff4b5 1f 67 97e 28 d d fffff2cd d 25 1e d 3b 28
FIXUPS: 9821 4d 2d 58419 a fffa7c06 1f40 18 16 18 1f f 47 50 27 7 49 4d
FIXUPS: b9f3 16 10 53 d b ffffeb22 e e 15 15 b 12 16 9 6 1b 19 16 b e43
FIXUPS: b4cf 12 9 f f 7 28 7 58 d 3c 13 c 9 11 5676c a fffa98b7 75 9 7
FIXUPS: b6d3 17 c 3c 39 20 14 26 7 a fffff898 28 16 16 18 1a 2a 5f 12 13
FIXUPS: b1ee 2f 47 25 2c 23 7 7 2c 12 7 7 25 83 3c 13 1c 13 c 26 c 15 56874
FIXUPS: 61d27 a fffa8efb 3d 570dc c fffa8f87 9 1b 1a 2a 57025 c fffa900c
FIXUPS: ad92 6 1f 11 c 11 45 19 2a 2c 5e 58 1d 3f 18 1a 2c fffff8d4 9e
FIXUPS: a980 13 1e 25 2b 21 25 c 57281 b 9 b c fffa8da0 1c 29 d 44 11 14
FIXUPS: ab68 a c 22 1e 6 c f f 57126 fffa9ec3 35 20 6 4b 12 27 23 e 11
FIXUPS: bd06 f 2a e 11 e f 11 12 15 12 28 12 d f 11 58 11 ffffe97b 4f 37
FIXUPS: a8aa 18b9 3f 16 61 f 7e 34 9c 23 1b 18 29 1b 54 30 d dc 2b 22 1f
FIXUPS: c624 3d 14 1b 12 72 d fffff416 2a 31 1c 19 f46 1b 1b 25 552cd c
FIXUPS: cb8b aa 1f d 54 fffff234 18 13 d 36 11 49 20 55dd4 c fffaa276 36
FIXUPS: c070 2e 22 18 10 55cdd c fffaa346 13 6ab 13 14 13 19 555bc b 9
FIXUPS: 61e04 fffaaa50 d 52 10 f 55542 b a fffaaaf7 4e 3f 14 f 3a 22 6
FIXUPS: ca45 18 27 d 1c 14 3f 1111 2e 3e 12 24 fffff0c2 13 b b 15 550a1
FIXUPS: 61e5e fffaaf92 d 17 1b 16 55030 c fffaafea 31 28 d 83 d 1e 72 2c
FIXUPS: d057 1d fffff700 14 b0d 8 23 6 6 11 6 8 4c 481 23 20 20 4a 19 2e
FIXUPS: d8e0 26 5458e a fffaba95 32 23 b7 16 e cc 13 9 1a 2c 35 3a72 23
FIXUPS: 11691 18 18 1f 18 23 26 d 31 1a a 3c 68 506ae c fffaf9a3 ffffb880
FIXUPS: d133 14 6 8 36 8 3e 1d 26 26 22 22 11 3fc6 28 1f 18 31 2e 1a 20
FIXUPS: 1136d 1a a 5b e 22 1f 1f 3d c 37 18 19 27 1f 2a 15 15 15 15 15
FIXUPS: 115f9 15 15 fffff44c 49 49 49 49 49 4c 14d 5 1c 48 50 e 5 1c 52
FIXUPS: 10eff 69 69 50 4f 9 9 3d 4c 1d d 25 b 7f 37 19 fffff0f9 22 26 1a
FIXUPS: 103c6 12 3d 50 15 15 6 48 26 41 6e 1d 15 44 49 49 49 49 49 49 49
FIXUPS: 10870 49 49 49 49 49 49 fffff35e 19 1c 9d a a a 6a 1c a9 15 12
FIXUPS: ffd9 3b 19 42 11 18 3b 12 3d 50 15 15 6 b1 15 12 f 3b 19 41 fffff1ab
FIXUPS: f4d6 1f 16 6 a 529b9 a fffad827 1c 8a 74 5a 19 42 d 16 65 1c 24
FIXUPS: f9d4 10 34 18 ee 2b 10 21 129 34 45 6 fffff31c 34 3a c7 3f e 30
FIXUPS: f1fd 36 d a 59 6 20 a 6 3b 12 1f 39 c d 1f 2d c 12 1f 28 1f 30
FIXUPS: f4a3 13 fffff702 a 9 b 10 21 15 40 6a a2 73 37 14 29 c b 2b 4d
FIXUPS: eefd f 1c a 1c 9 a 4b 18 10 16 1a 13 12 fffff3d8 56 25 2f 16 6
FIXUPS: e51c 68 e 56 12 43 2cf 27 47 7 73 1a 36 22 32 a 14 14 b f 24 6
FIXUPS: eb16 46 1a 2e 3355 11 a 1f8 28 28 ffffbbe3 20 1c d 55 17 13 d 9b
FIXUPS: e084 e 40 53de2 a fffac236 d 16 73 23 4f 24 97 56 bd a f 7022 14
FIXUPS: 15463 4a 4a 4a 47 52 6 65 3a 45 4c951 c fffb3729 80 ffffc3f1 30
FIXUPS: 11c1b 30 30 30 30 30 30 30 ac 49 f 2a 11 a 2f51 3a 47 6 74 19 28
FIXUPS: 14fc4 a a a 86 1c 20 1c 4e 1c 6c de 11 3e c a a a a 2b 13 1c 64
FIXUPS: 153de 8 fffff206 13 d 1f 9 6 a 4d990 a fffb2705 11 f 36 2b 16 4d87a
FIXUPS: 61ffe fffb2a0a 1c 3a 2e 3c 26 21 32 d 34 15 e9 28 d 21 fffff40d
FIXUPS: 140f8 33 3b c5 3f e 30 d 5c e b 73 6 20 a 6 47 12 1f 45 c d 1f
FIXUPS: 14501 c 12 1f 34 1f 3c c fffff655 130 56 14 26 8 17 20 8 11 d 13
FIXUPS: 13e80 13 12 15 26 25 c 1c 19 1c 14 a a 4e02a a fffb20c3 d 16 1a
FIXUPS: 140d1 fffff149 2c 2c0 64 21 22 57 69 71 128 b5 77 3c 33 1f 21 1f
FIXUPS: 13a21 1f 24 e 15 23 17 19 1c 1e 1c 24 1c 2a 1c ffffedc0 f 4f615
FIXUPS: 61fa4 fffb0a4a 91 29 25 6 2c 29 25 6 4b 6f 7e 158 43 a0 26 19 1c
FIXUPS: 12f3d 7 7c 30 91 25 78 7 a c4 fffff2a5 f 22 12 49 2d 4f9e3 a fffb0656
FIXUPS: 125a1 54 8 c 1e 4f92d a fffb06e7 2a 31 f 5 fb 23 21 4f787 a fffb0890
FIXUPS: 12821 76 2f 28 5c 4f754 fffb3fc7 a 76 17 2a 21 a ffffc030 5 30
FIXUPS: 121cc 46 11 2b 4fcc7 c fffb037c 69 38 44 21 a 11 1d 13 d 1e 2b
FIXUPS: 12453 6 2a 362f 9 9 12 4c59e a fffb3ce0 6 6 37 10 f 47 40 a f 11
FIXUPS: 15eab 2b 14 a a 33 13 d 48 2b d 3f 9 12 4c069 fffb49ad 4b676 b
FIXUPS: 620cc fffb4995 6 d 5 8 1f 21 1f 21 1f fffff65f 39 fffff761 38 4c6e4
FIXUPS: 62041 fffb3963 35 19 19 19 d 4c623 a fffb39f6 d 3f 9 a68 8 f 87
FIXUPS: 165dc 4c f 26 45 3d d 27 42 12 25 d 30 77 2c 43 e 1f 10 22 14 19
FIXUPS: 16983 17 c 4e 15 24 286 1d9 a4 1c fffffcda 1e d 16 fffffefd d 33
FIXUPS: 16bb1 fffff665 19 1e 1c 1c 22 1c 1c 1c 1f 1c 2f a 43 a 1e a 97
FIXUPS: 16495 50

 970 bytes saved through ICF

